<!doctype html public "-//w3c//dtd html 4.0 transitional//en">
<html><head>
<title>Static Call Graph - [.\Objects\SS209.axf]</title></head>
<body><HR>
<H1>Static Call Graph for image .\Objects\SS209.axf</H1><HR>
<BR><P>#&#060CALLGRAPH&#062# ARM Linker, 5060750: Last Updated: Sat Nov 13 10:33:36 2021
<BR><P>
<H3>Maximum Stack Usage =        152 bytes + Unknown(Cycles, Untraceable Function Pointers)</H3><H3>
Call chain for Maximum Stack Depth:</H3>
__rt_entry_main &rArr; main &rArr; fucnPer5ms &rArr; battInfoProcess &rArr; setBattLevel &rArr; battVoltCompensation &rArr; __aeabi_ddiv
<P>
<H3>
Mutually Recursive functions
</H3> <LI><a href="#[23]">ADVTIM_IRQHandler</a>&nbsp;&nbsp;&nbsp;&rArr;&nbsp;&nbsp;&nbsp;<a href="#[23]">ADVTIM_IRQHandler</a><BR>
</UL>
<P>
<H3>
Function Pointers
</H3><UL>
 <LI><a href="#[27]">ADC0_IRQHandler</a> from user_adc.o(.text) referenced from startup_cx32l003.o(RESET)
 <LI><a href="#[2f]">ADC_singleContinuousAccMode_config</a> from user_adc.o(.text) referenced from user_adc.o(.text)
 <LI><a href="#[23]">ADVTIM_IRQHandler</a> from startup_cx32l003.o(.text) referenced from startup_cx32l003.o(RESET)
 <LI><a href="#[2a]">AWK_IRQHandler</a> from user_awk.o(.text) referenced from startup_cx32l003.o(RESET)
 <LI><a href="#[2d]">CLKTRIM_IRQHandler</a> from startup_cx32l003.o(.text) referenced from startup_cx32l003.o(RESET)
 <LI><a href="#[14]">GPIOA_IRQHandler</a> from user_exti.o(.text) referenced from startup_cx32l003.o(RESET)
 <LI><a href="#[15]">GPIOB_IRQHandler</a> from user_exti.o(.text) referenced from startup_cx32l003.o(RESET)
 <LI><a href="#[16]">GPIOC_IRQHandler</a> from user_exti.o(.text) referenced from startup_cx32l003.o(RESET)
 <LI><a href="#[17]">GPIOD_IRQHandler</a> from user_exti.o(.text) referenced from startup_cx32l003.o(RESET)
 <LI><a href="#[10]">HardFault_Handler</a> from cx32l003_it.o(.text) referenced from startup_cx32l003.o(RESET)
 <LI><a href="#[1d]">I2C0_IRQHandler</a> from user_i2c.o(.text) referenced from startup_cx32l003.o(RESET)
 <LI><a href="#[1e]">I2C_DUMMY_IRQHandler</a> from startup_cx32l003.o(.text) referenced from startup_cx32l003.o(RESET)
 <LI><a href="#[26]">IWDT_IRQHandler</a> from startup_cx32l003.o(.text) referenced from startup_cx32l003.o(RESET)
 <LI><a href="#[21]">LPTIMER_IRQHandler</a> from user_lptimer.o(.text) referenced from startup_cx32l003.o(RESET)
 <LI><a href="#[1a]">LPUART_IRQHandler</a> from startup_cx32l003.o(.text) referenced from startup_cx32l003.o(RESET)
 <LI><a href="#[28]">LVD_IRQHandler</a> from startup_cx32l003.o(.text) referenced from startup_cx32l003.o(RESET)
 <LI><a href="#[f]">NMI_Handler</a> from cx32l003_it.o(.text) referenced from startup_cx32l003.o(RESET)
 <LI><a href="#[2b]">ONEWIRE_IRQHandler</a> from startup_cx32l003.o(.text) referenced from startup_cx32l003.o(RESET)
 <LI><a href="#[24]">PCA_IRQHandler</a> from startup_cx32l003.o(.text) referenced from startup_cx32l003.o(RESET)
 <LI><a href="#[22]">PWM_IRQHandler</a> from startup_cx32l003.o(.text) referenced from startup_cx32l003.o(RESET)
 <LI><a href="#[12]">PendSV_Handler</a> from cx32l003_it.o(.text) referenced from startup_cx32l003.o(RESET)
 <LI><a href="#[2c]">RTC_MATCH0_IRQHandler</a> from startup_cx32l003.o(.text) referenced from startup_cx32l003.o(RESET)
 <LI><a href="#[e]">Reset_Handler</a> from startup_cx32l003.o(.text) referenced from startup_cx32l003.o(RESET)
 <LI><a href="#[1b]">SPI0COMB_IRQHandler</a> from user_spi.o(.text) referenced from startup_cx32l003.o(RESET)
 <LI><a href="#[1c]">SPI_DUMMYCOMB_IRQHandler</a> from startup_cx32l003.o(.text) referenced from startup_cx32l003.o(RESET)
 <LI><a href="#[11]">SVC_Handler</a> from cx32l003_it.o(.text) referenced from startup_cx32l003.o(RESET)
 <LI><a href="#[13]">SysTick_Handler</a> from cx32l003_it.o(.text) referenced from startup_cx32l003.o(RESET)
 <LI><a href="#[1f]">TIMER10_IRQHandler</a> from user_basetime.o(.text) referenced from startup_cx32l003.o(RESET)
 <LI><a href="#[20]">TIMER11_IRQHandler</a> from startup_cx32l003.o(.text) referenced from startup_cx32l003.o(RESET)
 <LI><a href="#[18]">UART0_IRQHandler</a> from startup_cx32l003.o(.text) referenced from startup_cx32l003.o(RESET)
 <LI><a href="#[19]">UART1_IRQHandler</a> from startup_cx32l003.o(.text) referenced from startup_cx32l003.o(RESET)
 <LI><a href="#[29]">VC_IRQHandler</a> from startup_cx32l003.o(.text) referenced from startup_cx32l003.o(RESET)
 <LI><a href="#[25]">WWDT_IRQHandler</a> from startup_cx32l003.o(.text) referenced from startup_cx32l003.o(RESET)
 <LI><a href="#[30]">__main</a> from __main.o(!!!main) referenced from startup_cx32l003.o(.text)
</UL>
<P>
<H3>
Global Symbols
</H3>
<P><STRONG><a name="[30]"></a>__main</STRONG> (Thumb, 8 bytes, Stack size 0 bytes, __main.o(!!!main))
<BR><BR>[Calls]<UL><LI><a href="#[32]">&gt;&gt;</a>&nbsp;&nbsp;&nbsp;__rt_entry
<LI><a href="#[31]">&gt;&gt;</a>&nbsp;&nbsp;&nbsp;__scatterload
</UL>

<P><STRONG><a name="[31]"></a>__scatterload</STRONG> (Thumb, 0 bytes, Stack size unknown bytes, __scatter.o(!!!scatter))
<BR><BR>[Called By]<UL><LI><a href="#[30]">&gt;&gt;</a>&nbsp;&nbsp;&nbsp;__main
</UL>

<P><STRONG><a name="[33]"></a>__scatterload_rt2</STRONG> (Thumb, 52 bytes, Stack size unknown bytes, __scatter.o(!!!scatter), UNUSED)
<BR><BR>[Calls]<UL><LI><a href="#[32]">&gt;&gt;</a>&nbsp;&nbsp;&nbsp;__rt_entry
</UL>

<P><STRONG><a name="[178]"></a>__scatterload_rt2_thumb_only</STRONG> (Thumb, 0 bytes, Stack size unknown bytes, __scatter.o(!!!scatter), UNUSED)

<P><STRONG><a name="[179]"></a>__scatterload_null</STRONG> (Thumb, 0 bytes, Stack size unknown bytes, __scatter.o(!!!scatter), UNUSED)

<P><STRONG><a name="[17a]"></a>__scatterload_zeroinit</STRONG> (Thumb, 28 bytes, Stack size unknown bytes, __scatter_zi.o(!!handler_zi), UNUSED)

<P><STRONG><a name="[39]"></a>__rt_lib_init</STRONG> (Thumb, 0 bytes, Stack size unknown bytes, libinit.o(.ARM.Collect$$libinit$$00000000))
<BR><BR>[Called By]<UL><LI><a href="#[38]">&gt;&gt;</a>&nbsp;&nbsp;&nbsp;__rt_entry_li
</UL>

<P><STRONG><a name="[17b]"></a>__rt_lib_init_fp_1</STRONG> (Thumb, 0 bytes, Stack size unknown bytes, libinit2.o(.ARM.Collect$$libinit$$00000002))

<P><STRONG><a name="[34]"></a>__rt_lib_init_heap_2</STRONG> (Thumb, 0 bytes, Stack size unknown bytes, libinit2.o(.ARM.Collect$$libinit$$00000005))
<BR><BR>[Stack]<UL><LI>Max Depth = 64 + Unknown Stack Size
<LI>Call Chain = __rt_lib_init_heap_2 &rArr; _init_alloc &rArr; __rt_SIGRTMEM &rArr; __rt_SIGRTMEM_inner &rArr; __default_signal_display &rArr; _ttywrch
</UL>
<BR>[Calls]<UL><LI><a href="#[35]">&gt;&gt;</a>&nbsp;&nbsp;&nbsp;_init_alloc
</UL>

<P><STRONG><a name="[17c]"></a>__rt_lib_init_preinit_1</STRONG> (Thumb, 0 bytes, Stack size unknown bytes, libinit2.o(.ARM.Collect$$libinit$$00000004))

<P><STRONG><a name="[17d]"></a>__rt_lib_init_alloca_1</STRONG> (Thumb, 0 bytes, Stack size unknown bytes, libinit2.o(.ARM.Collect$$libinit$$0000002E))

<P><STRONG><a name="[17e]"></a>__rt_lib_init_argv_1</STRONG> (Thumb, 0 bytes, Stack size unknown bytes, libinit2.o(.ARM.Collect$$libinit$$0000002C))

<P><STRONG><a name="[17f]"></a>__rt_lib_init_atexit_1</STRONG> (Thumb, 0 bytes, Stack size unknown bytes, libinit2.o(.ARM.Collect$$libinit$$0000001B))

<P><STRONG><a name="[180]"></a>__rt_lib_init_clock_1</STRONG> (Thumb, 0 bytes, Stack size unknown bytes, libinit2.o(.ARM.Collect$$libinit$$00000021))

<P><STRONG><a name="[181]"></a>__rt_lib_init_cpp_1</STRONG> (Thumb, 0 bytes, Stack size unknown bytes, libinit2.o(.ARM.Collect$$libinit$$00000032))

<P><STRONG><a name="[182]"></a>__rt_lib_init_exceptions_1</STRONG> (Thumb, 0 bytes, Stack size unknown bytes, libinit2.o(.ARM.Collect$$libinit$$00000030))

<P><STRONG><a name="[183]"></a>__rt_lib_init_fp_trap_1</STRONG> (Thumb, 0 bytes, Stack size unknown bytes, libinit2.o(.ARM.Collect$$libinit$$0000001F))

<P><STRONG><a name="[184]"></a>__rt_lib_init_getenv_1</STRONG> (Thumb, 0 bytes, Stack size unknown bytes, libinit2.o(.ARM.Collect$$libinit$$00000023))

<P><STRONG><a name="[185]"></a>__rt_lib_init_heap_1</STRONG> (Thumb, 0 bytes, Stack size unknown bytes, libinit2.o(.ARM.Collect$$libinit$$0000000A))

<P><STRONG><a name="[186]"></a>__rt_lib_init_lc_collate_1</STRONG> (Thumb, 0 bytes, Stack size unknown bytes, libinit2.o(.ARM.Collect$$libinit$$00000011))

<P><STRONG><a name="[187]"></a>__rt_lib_init_lc_ctype_1</STRONG> (Thumb, 0 bytes, Stack size unknown bytes, libinit2.o(.ARM.Collect$$libinit$$00000013))

<P><STRONG><a name="[188]"></a>__rt_lib_init_lc_monetary_1</STRONG> (Thumb, 0 bytes, Stack size unknown bytes, libinit2.o(.ARM.Collect$$libinit$$00000015))

<P><STRONG><a name="[189]"></a>__rt_lib_init_lc_numeric_1</STRONG> (Thumb, 0 bytes, Stack size unknown bytes, libinit2.o(.ARM.Collect$$libinit$$00000017))

<P><STRONG><a name="[18a]"></a>__rt_lib_init_lc_time_1</STRONG> (Thumb, 0 bytes, Stack size unknown bytes, libinit2.o(.ARM.Collect$$libinit$$00000019))

<P><STRONG><a name="[18b]"></a>__rt_lib_init_rand_1</STRONG> (Thumb, 0 bytes, Stack size unknown bytes, libinit2.o(.ARM.Collect$$libinit$$0000000E))

<P><STRONG><a name="[18c]"></a>__rt_lib_init_return</STRONG> (Thumb, 0 bytes, Stack size unknown bytes, libinit2.o(.ARM.Collect$$libinit$$00000033))

<P><STRONG><a name="[18d]"></a>__rt_lib_init_signal_1</STRONG> (Thumb, 0 bytes, Stack size unknown bytes, libinit2.o(.ARM.Collect$$libinit$$0000001D))

<P><STRONG><a name="[18e]"></a>__rt_lib_init_stdio_1</STRONG> (Thumb, 0 bytes, Stack size unknown bytes, libinit2.o(.ARM.Collect$$libinit$$00000025))

<P><STRONG><a name="[18f]"></a>__rt_lib_init_user_alloc_1</STRONG> (Thumb, 0 bytes, Stack size unknown bytes, libinit2.o(.ARM.Collect$$libinit$$0000000C))

<P><STRONG><a name="[3e]"></a>__rt_lib_shutdown</STRONG> (Thumb, 0 bytes, Stack size unknown bytes, libshutdown.o(.ARM.Collect$$libshutdown$$00000000))
<BR><BR>[Called By]<UL><LI><a href="#[3d]">&gt;&gt;</a>&nbsp;&nbsp;&nbsp;__rt_exit_ls
</UL>

<P><STRONG><a name="[190]"></a>__rt_lib_shutdown_cpp_1</STRONG> (Thumb, 0 bytes, Stack size unknown bytes, libshutdown2.o(.ARM.Collect$$libshutdown$$00000002))

<P><STRONG><a name="[191]"></a>__rt_lib_shutdown_fp_trap_1</STRONG> (Thumb, 0 bytes, Stack size unknown bytes, libshutdown2.o(.ARM.Collect$$libshutdown$$00000007))

<P><STRONG><a name="[192]"></a>__rt_lib_shutdown_heap_1</STRONG> (Thumb, 0 bytes, Stack size unknown bytes, libshutdown2.o(.ARM.Collect$$libshutdown$$0000000F))

<P><STRONG><a name="[193]"></a>__rt_lib_shutdown_return</STRONG> (Thumb, 0 bytes, Stack size unknown bytes, libshutdown2.o(.ARM.Collect$$libshutdown$$00000010))

<P><STRONG><a name="[194]"></a>__rt_lib_shutdown_signal_1</STRONG> (Thumb, 0 bytes, Stack size unknown bytes, libshutdown2.o(.ARM.Collect$$libshutdown$$0000000A))

<P><STRONG><a name="[195]"></a>__rt_lib_shutdown_stdio_1</STRONG> (Thumb, 0 bytes, Stack size unknown bytes, libshutdown2.o(.ARM.Collect$$libshutdown$$00000004))

<P><STRONG><a name="[196]"></a>__rt_lib_shutdown_user_alloc_1</STRONG> (Thumb, 0 bytes, Stack size unknown bytes, libshutdown2.o(.ARM.Collect$$libshutdown$$0000000C))

<P><STRONG><a name="[32]"></a>__rt_entry</STRONG> (Thumb, 0 bytes, Stack size unknown bytes, __rtentry.o(.ARM.Collect$$rtentry$$00000000))
<BR><BR>[Called By]<UL><LI><a href="#[30]">&gt;&gt;</a>&nbsp;&nbsp;&nbsp;__main
<LI><a href="#[33]">&gt;&gt;</a>&nbsp;&nbsp;&nbsp;__scatterload_rt2
</UL>

<P><STRONG><a name="[197]"></a>__rt_entry_presh_1</STRONG> (Thumb, 0 bytes, Stack size unknown bytes, __rtentry2.o(.ARM.Collect$$rtentry$$00000002))

<P><STRONG><a name="[36]"></a>__rt_entry_sh</STRONG> (Thumb, 0 bytes, Stack size unknown bytes, __rtentry4.o(.ARM.Collect$$rtentry$$00000004))
<BR><BR>[Stack]<UL><LI>Max Depth = 8 + Unknown Stack Size
<LI>Call Chain = __rt_entry_sh &rArr; __user_setup_stackheap
</UL>
<BR>[Calls]<UL><LI><a href="#[37]">&gt;&gt;</a>&nbsp;&nbsp;&nbsp;__user_setup_stackheap
</UL>

<P><STRONG><a name="[38]"></a>__rt_entry_li</STRONG> (Thumb, 0 bytes, Stack size unknown bytes, __rtentry2.o(.ARM.Collect$$rtentry$$0000000A))
<BR><BR>[Calls]<UL><LI><a href="#[39]">&gt;&gt;</a>&nbsp;&nbsp;&nbsp;__rt_lib_init
</UL>

<P><STRONG><a name="[198]"></a>__rt_entry_postsh_1</STRONG> (Thumb, 0 bytes, Stack size unknown bytes, __rtentry2.o(.ARM.Collect$$rtentry$$00000009))

<P><STRONG><a name="[3a]"></a>__rt_entry_main</STRONG> (Thumb, 0 bytes, Stack size unknown bytes, __rtentry2.o(.ARM.Collect$$rtentry$$0000000D))
<BR><BR>[Stack]<UL><LI>Max Depth = 152 + Unknown Stack Size
<LI>Call Chain = __rt_entry_main &rArr; main &rArr; fucnPer5ms &rArr; battInfoProcess &rArr; setBattLevel &rArr; battVoltCompensation &rArr; __aeabi_ddiv
</UL>
<BR>[Calls]<UL><LI><a href="#[3b]">&gt;&gt;</a>&nbsp;&nbsp;&nbsp;main
<LI><a href="#[3c]">&gt;&gt;</a>&nbsp;&nbsp;&nbsp;exit
</UL>

<P><STRONG><a name="[199]"></a>__rt_entry_postli_1</STRONG> (Thumb, 0 bytes, Stack size unknown bytes, __rtentry2.o(.ARM.Collect$$rtentry$$0000000C))

<P><STRONG><a name="[16f]"></a>__rt_exit</STRONG> (Thumb, 0 bytes, Stack size unknown bytes, rtexit.o(.ARM.Collect$$rtexit$$00000000))
<BR><BR>[Called By]<UL><LI><a href="#[3c]">&gt;&gt;</a>&nbsp;&nbsp;&nbsp;exit
</UL>

<P><STRONG><a name="[3d]"></a>__rt_exit_ls</STRONG> (Thumb, 0 bytes, Stack size unknown bytes, rtexit2.o(.ARM.Collect$$rtexit$$00000003))
<BR><BR>[Calls]<UL><LI><a href="#[3e]">&gt;&gt;</a>&nbsp;&nbsp;&nbsp;__rt_lib_shutdown
</UL>

<P><STRONG><a name="[19a]"></a>__rt_exit_prels_1</STRONG> (Thumb, 0 bytes, Stack size unknown bytes, rtexit2.o(.ARM.Collect$$rtexit$$00000002))

<P><STRONG><a name="[3f]"></a>__rt_exit_exit</STRONG> (Thumb, 0 bytes, Stack size unknown bytes, rtexit2.o(.ARM.Collect$$rtexit$$00000004))
<BR><BR>[Calls]<UL><LI><a href="#[40]">&gt;&gt;</a>&nbsp;&nbsp;&nbsp;_sys_exit
</UL>

<P><STRONG><a name="[155]"></a>__aeabi_memcpy4</STRONG> (Thumb, 56 bytes, Stack size 0 bytes, rt_memcpy.o(.emb_text))
<BR><BR>[Called By]<UL><LI><a href="#[7e]">&gt;&gt;</a>&nbsp;&nbsp;&nbsp;__aeabi_memcpy
</UL>

<P><STRONG><a name="[19b]"></a>__aeabi_memcpy8</STRONG> (Thumb, 0 bytes, Stack size 0 bytes, rt_memcpy.o(.emb_text), UNUSED)

<P><STRONG><a name="[e]"></a>Reset_Handler</STRONG> (Thumb, 4 bytes, Stack size 0 bytes, startup_cx32l003.o(.text))
<BR>[Address Reference Count : 1]<UL><LI> startup_cx32l003.o(RESET)
</UL>
<P><STRONG><a name="[19c]"></a>_maybe_terminate_alloc</STRONG> (Thumb, 0 bytes, Stack size 0 bytes, maybetermalloc1.o(.emb_text), UNUSED)

<P><STRONG><a name="[23]"></a>ADVTIM_IRQHandler</STRONG> (Thumb, 0 bytes, Stack size 0 bytes, startup_cx32l003.o(.text))
<BR><BR>[Calls]<UL><LI><a href="#[23]">&gt;&gt;</a>&nbsp;&nbsp;&nbsp;ADVTIM_IRQHandler
</UL>
<BR>[Called By]<UL><LI><a href="#[23]">&gt;&gt;</a>&nbsp;&nbsp;&nbsp;ADVTIM_IRQHandler
</UL>
<BR>[Address Reference Count : 1]<UL><LI> startup_cx32l003.o(RESET)
</UL>
<P><STRONG><a name="[2d]"></a>CLKTRIM_IRQHandler</STRONG> (Thumb, 0 bytes, Stack size 0 bytes, startup_cx32l003.o(.text))
<BR>[Address Reference Count : 1]<UL><LI> startup_cx32l003.o(RESET)
</UL>
<P><STRONG><a name="[1e]"></a>I2C_DUMMY_IRQHandler</STRONG> (Thumb, 0 bytes, Stack size 0 bytes, startup_cx32l003.o(.text))
<BR>[Address Reference Count : 1]<UL><LI> startup_cx32l003.o(RESET)
</UL>
<P><STRONG><a name="[26]"></a>IWDT_IRQHandler</STRONG> (Thumb, 0 bytes, Stack size 0 bytes, startup_cx32l003.o(.text))
<BR>[Address Reference Count : 1]<UL><LI> startup_cx32l003.o(RESET)
</UL>
<P><STRONG><a name="[1a]"></a>LPUART_IRQHandler</STRONG> (Thumb, 0 bytes, Stack size 0 bytes, startup_cx32l003.o(.text))
<BR>[Address Reference Count : 1]<UL><LI> startup_cx32l003.o(RESET)
</UL>
<P><STRONG><a name="[28]"></a>LVD_IRQHandler</STRONG> (Thumb, 0 bytes, Stack size 0 bytes, startup_cx32l003.o(.text))
<BR>[Address Reference Count : 1]<UL><LI> startup_cx32l003.o(RESET)
</UL>
<P><STRONG><a name="[2b]"></a>ONEWIRE_IRQHandler</STRONG> (Thumb, 0 bytes, Stack size 0 bytes, startup_cx32l003.o(.text))
<BR>[Address Reference Count : 1]<UL><LI> startup_cx32l003.o(RESET)
</UL>
<P><STRONG><a name="[24]"></a>PCA_IRQHandler</STRONG> (Thumb, 0 bytes, Stack size 0 bytes, startup_cx32l003.o(.text))
<BR>[Address Reference Count : 1]<UL><LI> startup_cx32l003.o(RESET)
</UL>
<P><STRONG><a name="[22]"></a>PWM_IRQHandler</STRONG> (Thumb, 0 bytes, Stack size 0 bytes, startup_cx32l003.o(.text))
<BR>[Address Reference Count : 1]<UL><LI> startup_cx32l003.o(RESET)
</UL>
<P><STRONG><a name="[2c]"></a>RTC_MATCH0_IRQHandler</STRONG> (Thumb, 0 bytes, Stack size 0 bytes, startup_cx32l003.o(.text))
<BR>[Address Reference Count : 1]<UL><LI> startup_cx32l003.o(RESET)
</UL>
<P><STRONG><a name="[1c]"></a>SPI_DUMMYCOMB_IRQHandler</STRONG> (Thumb, 0 bytes, Stack size 0 bytes, startup_cx32l003.o(.text))
<BR>[Address Reference Count : 1]<UL><LI> startup_cx32l003.o(RESET)
</UL>
<P><STRONG><a name="[20]"></a>TIMER11_IRQHandler</STRONG> (Thumb, 0 bytes, Stack size 0 bytes, startup_cx32l003.o(.text))
<BR>[Address Reference Count : 1]<UL><LI> startup_cx32l003.o(RESET)
</UL>
<P><STRONG><a name="[18]"></a>UART0_IRQHandler</STRONG> (Thumb, 0 bytes, Stack size 0 bytes, startup_cx32l003.o(.text))
<BR>[Address Reference Count : 1]<UL><LI> startup_cx32l003.o(RESET)
</UL>
<P><STRONG><a name="[19]"></a>UART1_IRQHandler</STRONG> (Thumb, 0 bytes, Stack size 0 bytes, startup_cx32l003.o(.text))
<BR>[Address Reference Count : 1]<UL><LI> startup_cx32l003.o(RESET)
</UL>
<P><STRONG><a name="[29]"></a>VC_IRQHandler</STRONG> (Thumb, 0 bytes, Stack size 0 bytes, startup_cx32l003.o(.text))
<BR>[Address Reference Count : 1]<UL><LI> startup_cx32l003.o(RESET)
</UL>
<P><STRONG><a name="[25]"></a>WWDT_IRQHandler</STRONG> (Thumb, 0 bytes, Stack size 0 bytes, startup_cx32l003.o(.text))
<BR>[Address Reference Count : 1]<UL><LI> startup_cx32l003.o(RESET)
</UL>
<P><STRONG><a name="[16d]"></a>__user_initial_stackheap</STRONG> (Thumb, 10 bytes, Stack size 0 bytes, startup_cx32l003.o(.text))
<BR><BR>[Called By]<UL><LI><a href="#[37]">&gt;&gt;</a>&nbsp;&nbsp;&nbsp;__user_setup_stackheap
</UL>

<P><STRONG><a name="[41]"></a>ADC_DeInit</STRONG> (Thumb, 28 bytes, Stack size 16 bytes, cx32l003_adc.o(.text), UNUSED)
<BR><BR>[Calls]<UL><LI><a href="#[42]">&gt;&gt;</a>&nbsp;&nbsp;&nbsp;RCC_PeriphResetCmd
</UL>

<P><STRONG><a name="[f3]"></a>ADC_Init</STRONG> (Thumb, 24 bytes, Stack size 8 bytes, cx32l003_adc.o(.text))
<BR><BR>[Stack]<UL><LI>Max Depth = 8<LI>Call Chain = ADC_Init
</UL>
<BR>[Called By]<UL><LI><a href="#[fd]">&gt;&gt;</a>&nbsp;&nbsp;&nbsp;ADC_MutiMode_Config
<LI><a href="#[2f]">&gt;&gt;</a>&nbsp;&nbsp;&nbsp;ADC_singleContinuousAccMode_config
<LI><a href="#[f2]">&gt;&gt;</a>&nbsp;&nbsp;&nbsp;ADC_SignalMode_Config
</UL>

<P><STRONG><a name="[19d]"></a>ADC_StructInit</STRONG> (Thumb, 10 bytes, Stack size 0 bytes, cx32l003_adc.o(.text), UNUSED)

<P><STRONG><a name="[f4]"></a>ADC_CommonInit</STRONG> (Thumb, 38 bytes, Stack size 8 bytes, cx32l003_adc.o(.text))
<BR><BR>[Stack]<UL><LI>Max Depth = 8<LI>Call Chain = ADC_CommonInit
</UL>
<BR>[Called By]<UL><LI><a href="#[fd]">&gt;&gt;</a>&nbsp;&nbsp;&nbsp;ADC_MutiMode_Config
<LI><a href="#[2f]">&gt;&gt;</a>&nbsp;&nbsp;&nbsp;ADC_singleContinuousAccMode_config
<LI><a href="#[f2]">&gt;&gt;</a>&nbsp;&nbsp;&nbsp;ADC_SignalMode_Config
</UL>

<P><STRONG><a name="[19e]"></a>ADC_CommonStructInit</STRONG> (Thumb, 14 bytes, Stack size 0 bytes, cx32l003_adc.o(.text), UNUSED)

<P><STRONG><a name="[f6]"></a>ADC_Cmd</STRONG> (Thumb, 20 bytes, Stack size 0 bytes, cx32l003_adc.o(.text))
<BR><BR>[Called By]<UL><LI><a href="#[27]">&gt;&gt;</a>&nbsp;&nbsp;&nbsp;ADC0_IRQHandler
<LI><a href="#[fd]">&gt;&gt;</a>&nbsp;&nbsp;&nbsp;ADC_MutiMode_Config
<LI><a href="#[2f]">&gt;&gt;</a>&nbsp;&nbsp;&nbsp;ADC_singleContinuousAccMode_config
<LI><a href="#[f2]">&gt;&gt;</a>&nbsp;&nbsp;&nbsp;ADC_SignalMode_Config
</UL>

<P><STRONG><a name="[19f]"></a>ADC_RegularChannelConfig</STRONG> (Thumb, 52 bytes, Stack size 12 bytes, cx32l003_adc.o(.text), UNUSED)

<P><STRONG><a name="[f7]"></a>ADC_SoftwareStartConv</STRONG> (Thumb, 10 bytes, Stack size 0 bytes, cx32l003_adc.o(.text))
<BR><BR>[Called By]<UL><LI><a href="#[fd]">&gt;&gt;</a>&nbsp;&nbsp;&nbsp;ADC_MutiMode_Config
<LI><a href="#[2f]">&gt;&gt;</a>&nbsp;&nbsp;&nbsp;ADC_singleContinuousAccMode_config
<LI><a href="#[f2]">&gt;&gt;</a>&nbsp;&nbsp;&nbsp;ADC_SignalMode_Config
</UL>

<P><STRONG><a name="[1a0]"></a>ADC_GetSoftwareStartConvStatus</STRONG> (Thumb, 14 bytes, Stack size 0 bytes, cx32l003_adc.o(.text), UNUSED)

<P><STRONG><a name="[1a1]"></a>ADC_ContinuousModeCmd</STRONG> (Thumb, 20 bytes, Stack size 0 bytes, cx32l003_adc.o(.text), UNUSED)

<P><STRONG><a name="[f9]"></a>ADC_ContinuousConverChannelCmd</STRONG> (Thumb, 16 bytes, Stack size 0 bytes, cx32l003_adc.o(.text))
<BR><BR>[Called By]<UL><LI><a href="#[27]">&gt;&gt;</a>&nbsp;&nbsp;&nbsp;ADC0_IRQHandler
<LI><a href="#[fd]">&gt;&gt;</a>&nbsp;&nbsp;&nbsp;ADC_MutiMode_Config
<LI><a href="#[2f]">&gt;&gt;</a>&nbsp;&nbsp;&nbsp;ADC_singleContinuousAccMode_config
</UL>

<P><STRONG><a name="[fc]"></a>ADC_ContinuousConverRstCmd</STRONG> (Thumb, 20 bytes, Stack size 0 bytes, cx32l003_adc.o(.text))
<BR><BR>[Called By]<UL><LI><a href="#[fd]">&gt;&gt;</a>&nbsp;&nbsp;&nbsp;ADC_MutiMode_Config
<LI><a href="#[2f]">&gt;&gt;</a>&nbsp;&nbsp;&nbsp;ADC_singleContinuousAccMode_config
</UL>

<P><STRONG><a name="[1a2]"></a>ADC_DisContinuousModeCmd</STRONG> (Thumb, 20 bytes, Stack size 0 bytes, cx32l003_adc.o(.text), UNUSED)

<P><STRONG><a name="[1a3]"></a>ADC_GetConversionValue</STRONG> (Thumb, 6 bytes, Stack size 0 bytes, cx32l003_adc.o(.text), UNUSED)

<P><STRONG><a name="[1a4]"></a>ADC_GetChannelConversionValue</STRONG> (Thumb, 90 bytes, Stack size 0 bytes, cx32l003_adc.o(.text), UNUSED)

<P><STRONG><a name="[1a5]"></a>ADC_SetCompareHtValue</STRONG> (Thumb, 6 bytes, Stack size 0 bytes, cx32l003_adc.o(.text), UNUSED)

<P><STRONG><a name="[1a6]"></a>ADC_SetCompareLtValue</STRONG> (Thumb, 6 bytes, Stack size 0 bytes, cx32l003_adc.o(.text), UNUSED)

<P><STRONG><a name="[1a7]"></a>ADC_CompareControl</STRONG> (Thumb, 18 bytes, Stack size 0 bytes, cx32l003_adc.o(.text), UNUSED)

<P><STRONG><a name="[1a8]"></a>ADC_ExternalTrigInjectedConvConfig</STRONG> (Thumb, 18 bytes, Stack size 0 bytes, cx32l003_adc.o(.text), UNUSED)

<P><STRONG><a name="[f5]"></a>ADC_ITCmd</STRONG> (Thumb, 16 bytes, Stack size 0 bytes, cx32l003_adc.o(.text))
<BR><BR>[Called By]<UL><LI><a href="#[fd]">&gt;&gt;</a>&nbsp;&nbsp;&nbsp;ADC_MutiMode_Config
<LI><a href="#[2f]">&gt;&gt;</a>&nbsp;&nbsp;&nbsp;ADC_singleContinuousAccMode_config
<LI><a href="#[f2]">&gt;&gt;</a>&nbsp;&nbsp;&nbsp;ADC_SignalMode_Config
</UL>

<P><STRONG><a name="[fa]"></a>ADC_AccCmd</STRONG> (Thumb, 20 bytes, Stack size 0 bytes, cx32l003_adc.o(.text))
<BR><BR>[Called By]<UL><LI><a href="#[fd]">&gt;&gt;</a>&nbsp;&nbsp;&nbsp;ADC_MutiMode_Config
<LI><a href="#[2f]">&gt;&gt;</a>&nbsp;&nbsp;&nbsp;ADC_singleContinuousAccMode_config
</UL>

<P><STRONG><a name="[fb]"></a>ADC_AccResultClear</STRONG> (Thumb, 20 bytes, Stack size 0 bytes, cx32l003_adc.o(.text))
<BR><BR>[Called By]<UL><LI><a href="#[fd]">&gt;&gt;</a>&nbsp;&nbsp;&nbsp;ADC_MutiMode_Config
<LI><a href="#[2f]">&gt;&gt;</a>&nbsp;&nbsp;&nbsp;ADC_singleContinuousAccMode_config
</UL>

<P><STRONG><a name="[100]"></a>ADC_GetAccResult</STRONG> (Thumb, 4 bytes, Stack size 0 bytes, cx32l003_adc.o(.text))
<BR><BR>[Called By]<UL><LI><a href="#[27]">&gt;&gt;</a>&nbsp;&nbsp;&nbsp;ADC0_IRQHandler
</UL>

<P><STRONG><a name="[1a9]"></a>ADC_GetRISFlagStatus</STRONG> (Thumb, 14 bytes, Stack size 0 bytes, cx32l003_adc.o(.text), UNUSED)

<P><STRONG><a name="[ff]"></a>ADC_GetMISFlagStatus</STRONG> (Thumb, 14 bytes, Stack size 0 bytes, cx32l003_adc.o(.text))
<BR><BR>[Called By]<UL><LI><a href="#[27]">&gt;&gt;</a>&nbsp;&nbsp;&nbsp;ADC0_IRQHandler
</UL>

<P><STRONG><a name="[f8]"></a>ADC_ClearFlag</STRONG> (Thumb, 8 bytes, Stack size 0 bytes, cx32l003_adc.o(.text))
<BR><BR>[Called By]<UL><LI><a href="#[27]">&gt;&gt;</a>&nbsp;&nbsp;&nbsp;ADC0_IRQHandler
<LI><a href="#[fd]">&gt;&gt;</a>&nbsp;&nbsp;&nbsp;ADC_MutiMode_Config
<LI><a href="#[2f]">&gt;&gt;</a>&nbsp;&nbsp;&nbsp;ADC_singleContinuousAccMode_config
</UL>

<P><STRONG><a name="[102]"></a>AWK_Init</STRONG> (Thumb, 28 bytes, Stack size 8 bytes, cx32l003_awk.o(.text), UNUSED)
<BR><BR>[Called By]<UL><LI><a href="#[101]">&gt;&gt;</a>&nbsp;&nbsp;&nbsp;AWK_Config
</UL>

<P><STRONG><a name="[104]"></a>AWK_Cmd</STRONG> (Thumb, 18 bytes, Stack size 0 bytes, cx32l003_awk.o(.text), UNUSED)
<BR><BR>[Called By]<UL><LI><a href="#[101]">&gt;&gt;</a>&nbsp;&nbsp;&nbsp;AWK_Config
</UL>

<P><STRONG><a name="[105]"></a>AWK_SelClk</STRONG> (Thumb, 16 bytes, Stack size 0 bytes, cx32l003_awk.o(.text), UNUSED)
<BR><BR>[Called By]<UL><LI><a href="#[101]">&gt;&gt;</a>&nbsp;&nbsp;&nbsp;AWK_Config
</UL>

<P><STRONG><a name="[103]"></a>AWK_SetRldval</STRONG> (Thumb, 4 bytes, Stack size 0 bytes, cx32l003_awk.o(.text), UNUSED)
<BR><BR>[Called By]<UL><LI><a href="#[106]">&gt;&gt;</a>&nbsp;&nbsp;&nbsp;AWK_Feed
<LI><a href="#[101]">&gt;&gt;</a>&nbsp;&nbsp;&nbsp;AWK_Config
</UL>

<P><STRONG><a name="[107]"></a>AWK_ClearITFlag</STRONG> (Thumb, 6 bytes, Stack size 0 bytes, cx32l003_awk.o(.text))
<BR><BR>[Called By]<UL><LI><a href="#[2a]">&gt;&gt;</a>&nbsp;&nbsp;&nbsp;AWK_IRQHandler
</UL>

<P><STRONG><a name="[73]"></a>GPIO_EXTILineConfig</STRONG> (Thumb, 82 bytes, Stack size 0 bytes, cx32l003_exti.o(.text))
<BR><BR>[Called By]<UL><LI><a href="#[72]">&gt;&gt;</a>&nbsp;&nbsp;&nbsp;EXTI_Key_Config
</UL>

<P><STRONG><a name="[44]"></a>FLASH_GetStatus</STRONG> (Thumb, 14 bytes, Stack size 0 bytes, cx32l003_flash.o(.text), UNUSED)
<BR><BR>[Called By]<UL><LI><a href="#[43]">&gt;&gt;</a>&nbsp;&nbsp;&nbsp;FLASH_WaitForLastOperation
</UL>

<P><STRONG><a name="[43]"></a>FLASH_WaitForLastOperation</STRONG> (Thumb, 26 bytes, Stack size 8 bytes, cx32l003_flash.o(.text), UNUSED)
<BR><BR>[Calls]<UL><LI><a href="#[44]">&gt;&gt;</a>&nbsp;&nbsp;&nbsp;FLASH_GetStatus
</UL>
<BR>[Called By]<UL><LI><a href="#[4a]">&gt;&gt;</a>&nbsp;&nbsp;&nbsp;FLASH_OB_WRPConfig
<LI><a href="#[49]">&gt;&gt;</a>&nbsp;&nbsp;&nbsp;FLASH_ProgramByte
<LI><a href="#[48]">&gt;&gt;</a>&nbsp;&nbsp;&nbsp;FLASH_ProgramHalfWord
<LI><a href="#[47]">&gt;&gt;</a>&nbsp;&nbsp;&nbsp;FLASH_ProgramWord
<LI><a href="#[46]">&gt;&gt;</a>&nbsp;&nbsp;&nbsp;FLASH_EraseAllSectors
<LI><a href="#[45]">&gt;&gt;</a>&nbsp;&nbsp;&nbsp;FLASH_EraseSector
</UL>

<P><STRONG><a name="[45]"></a>FLASH_EraseSector</STRONG> (Thumb, 76 bytes, Stack size 20 bytes, cx32l003_flash.o(.text), UNUSED)
<BR><BR>[Calls]<UL><LI><a href="#[43]">&gt;&gt;</a>&nbsp;&nbsp;&nbsp;FLASH_WaitForLastOperation
</UL>
<BR>[Called By]<UL><LI><a href="#[77]">&gt;&gt;</a>&nbsp;&nbsp;&nbsp;EraseFlash
</UL>

<P><STRONG><a name="[46]"></a>FLASH_EraseAllSectors</STRONG> (Thumb, 58 bytes, Stack size 12 bytes, cx32l003_flash.o(.text), UNUSED)
<BR><BR>[Calls]<UL><LI><a href="#[43]">&gt;&gt;</a>&nbsp;&nbsp;&nbsp;FLASH_WaitForLastOperation
</UL>

<P><STRONG><a name="[47]"></a>FLASH_ProgramWord</STRONG> (Thumb, 74 bytes, Stack size 20 bytes, cx32l003_flash.o(.text), UNUSED)
<BR><BR>[Calls]<UL><LI><a href="#[43]">&gt;&gt;</a>&nbsp;&nbsp;&nbsp;FLASH_WaitForLastOperation
</UL>

<P><STRONG><a name="[48]"></a>FLASH_ProgramHalfWord</STRONG> (Thumb, 74 bytes, Stack size 20 bytes, cx32l003_flash.o(.text), UNUSED)
<BR><BR>[Calls]<UL><LI><a href="#[43]">&gt;&gt;</a>&nbsp;&nbsp;&nbsp;FLASH_WaitForLastOperation
</UL>

<P><STRONG><a name="[49]"></a>FLASH_ProgramByte</STRONG> (Thumb, 74 bytes, Stack size 20 bytes, cx32l003_flash.o(.text), UNUSED)
<BR><BR>[Calls]<UL><LI><a href="#[43]">&gt;&gt;</a>&nbsp;&nbsp;&nbsp;FLASH_WaitForLastOperation
</UL>

<P><STRONG><a name="[4a]"></a>FLASH_OB_WRPConfig</STRONG> (Thumb, 68 bytes, Stack size 16 bytes, cx32l003_flash.o(.text), UNUSED)
<BR><BR>[Calls]<UL><LI><a href="#[43]">&gt;&gt;</a>&nbsp;&nbsp;&nbsp;FLASH_WaitForLastOperation
</UL>

<P><STRONG><a name="[1aa]"></a>FLASH_OB_UserConfig</STRONG> (Thumb, 16 bytes, Stack size 0 bytes, cx32l003_flash.o(.text), UNUSED)

<P><STRONG><a name="[1ab]"></a>FLASH_OB_ISPConfig</STRONG> (Thumb, 16 bytes, Stack size 0 bytes, cx32l003_flash.o(.text), UNUSED)

<P><STRONG><a name="[1ac]"></a>FLASH_ITConfig</STRONG> (Thumb, 26 bytes, Stack size 0 bytes, cx32l003_flash.o(.text), UNUSED)

<P><STRONG><a name="[1ad]"></a>FLASH_GetFlagStatus</STRONG> (Thumb, 16 bytes, Stack size 0 bytes, cx32l003_flash.o(.text), UNUSED)

<P><STRONG><a name="[78]"></a>FLASH_ClearFlag</STRONG> (Thumb, 18 bytes, Stack size 0 bytes, cx32l003_flash.o(.text), UNUSED)
<BR><BR>[Called By]<UL><LI><a href="#[77]">&gt;&gt;</a>&nbsp;&nbsp;&nbsp;EraseFlash
</UL>

<P><STRONG><a name="[4b]"></a>GPIO_DeInit</STRONG> (Thumb, 70 bytes, Stack size 16 bytes, cx32l003_gpio.o(.text), UNUSED)
<BR><BR>[Calls]<UL><LI><a href="#[42]">&gt;&gt;</a>&nbsp;&nbsp;&nbsp;RCC_PeriphResetCmd
</UL>

<P><STRONG><a name="[1ae]"></a>GPIO_AFIODeInit</STRONG> (Thumb, 28 bytes, Stack size 0 bytes, cx32l003_gpio.o(.text), UNUSED)

<P><STRONG><a name="[88]"></a>GPIO_Init</STRONG> (Thumb, 128 bytes, Stack size 20 bytes, cx32l003_gpio.o(.text))
<BR><BR>[Stack]<UL><LI>Max Depth = 20<LI>Call Chain = GPIO_Init
</UL>
<BR>[Called By]<UL><LI><a href="#[ec]">&gt;&gt;</a>&nbsp;&nbsp;&nbsp;setBlueOutputLow
<LI><a href="#[eb]">&gt;&gt;</a>&nbsp;&nbsp;&nbsp;setWarmOutputLow
<LI><a href="#[ea]">&gt;&gt;</a>&nbsp;&nbsp;&nbsp;setCoolOutputLow
<LI><a href="#[96]">&gt;&gt;</a>&nbsp;&nbsp;&nbsp;powerOnIoInit
<LI><a href="#[86]">&gt;&gt;</a>&nbsp;&nbsp;&nbsp;LPTIMER_Config
<LI><a href="#[120]">&gt;&gt;</a>&nbsp;&nbsp;&nbsp;allLedIoAsInputDown
<LI><a href="#[11f]">&gt;&gt;</a>&nbsp;&nbsp;&nbsp;allLedIoAsInput
<LI><a href="#[115]">&gt;&gt;</a>&nbsp;&nbsp;&nbsp;spiIoInit
<LI><a href="#[ed]">&gt;&gt;</a>&nbsp;&nbsp;&nbsp;setGreenOutputLow
</UL>

<P><STRONG><a name="[1af]"></a>GPIO_StructInit</STRONG> (Thumb, 18 bytes, Stack size 0 bytes, cx32l003_gpio.o(.text), UNUSED)

<P><STRONG><a name="[a0]"></a>GPIO_ReadInputDataBit</STRONG> (Thumb, 14 bytes, Stack size 0 bytes, cx32l003_gpio.o(.text))
<BR><BR>[Called By]<UL><LI><a href="#[da]">&gt;&gt;</a>&nbsp;&nbsp;&nbsp;factoryModeCoolDownFunc
<LI><a href="#[b4]">&gt;&gt;</a>&nbsp;&nbsp;&nbsp;fucnPer50ms
<LI><a href="#[3b]">&gt;&gt;</a>&nbsp;&nbsp;&nbsp;main
<LI><a href="#[139]">&gt;&gt;</a>&nbsp;&nbsp;&nbsp;IIC_Read_Byte
<LI><a href="#[137]">&gt;&gt;</a>&nbsp;&nbsp;&nbsp;IIC_Wait_Ack
</UL>

<P><STRONG><a name="[1b0]"></a>GPIO_ReadInputData</STRONG> (Thumb, 6 bytes, Stack size 0 bytes, cx32l003_gpio.o(.text), UNUSED)

<P><STRONG><a name="[1b1]"></a>GPIO_DBSyncCmd</STRONG> (Thumb, 20 bytes, Stack size 0 bytes, cx32l003_gpio.o(.text), UNUSED)

<P><STRONG><a name="[1b2]"></a>GPIO_DBPinSyncCmd</STRONG> (Thumb, 16 bytes, Stack size 0 bytes, cx32l003_gpio.o(.text), UNUSED)

<P><STRONG><a name="[1b3]"></a>GPIO_DBClkCmd</STRONG> (Thumb, 18 bytes, Stack size 0 bytes, cx32l003_gpio.o(.text), UNUSED)

<P><STRONG><a name="[1b4]"></a>GPIO_SetDBClk</STRONG> (Thumb, 16 bytes, Stack size 0 bytes, cx32l003_gpio.o(.text), UNUSED)

<P><STRONG><a name="[1b5]"></a>GPIO_ReadOutputDataBit</STRONG> (Thumb, 14 bytes, Stack size 0 bytes, cx32l003_gpio.o(.text), UNUSED)

<P><STRONG><a name="[1b6]"></a>GPIO_ReadOutputData</STRONG> (Thumb, 6 bytes, Stack size 0 bytes, cx32l003_gpio.o(.text), UNUSED)

<P><STRONG><a name="[9f]"></a>GPIO_SetBits</STRONG> (Thumb, 4 bytes, Stack size 0 bytes, cx32l003_gpio.o(.text))
<BR><BR>[Called By]<UL><LI><a href="#[da]">&gt;&gt;</a>&nbsp;&nbsp;&nbsp;factoryModeCoolDownFunc
<LI><a href="#[a2]">&gt;&gt;</a>&nbsp;&nbsp;&nbsp;updateLEDStts
<LI><a href="#[96]">&gt;&gt;</a>&nbsp;&nbsp;&nbsp;powerOnIoInit
<LI><a href="#[a6]">&gt;&gt;</a>&nbsp;&nbsp;&nbsp;MenuFunction
<LI><a href="#[3b]">&gt;&gt;</a>&nbsp;&nbsp;&nbsp;main
<LI><a href="#[139]">&gt;&gt;</a>&nbsp;&nbsp;&nbsp;IIC_Read_Byte
<LI><a href="#[138]">&gt;&gt;</a>&nbsp;&nbsp;&nbsp;IIC_Send_Byte
<LI><a href="#[137]">&gt;&gt;</a>&nbsp;&nbsp;&nbsp;IIC_Wait_Ack
<LI><a href="#[136]">&gt;&gt;</a>&nbsp;&nbsp;&nbsp;IIC_NAck
<LI><a href="#[135]">&gt;&gt;</a>&nbsp;&nbsp;&nbsp;IIC_Ack
<LI><a href="#[134]">&gt;&gt;</a>&nbsp;&nbsp;&nbsp;IIC_Stop
<LI><a href="#[133]">&gt;&gt;</a>&nbsp;&nbsp;&nbsp;IIC_Start
<LI><a href="#[109]">&gt;&gt;</a>&nbsp;&nbsp;&nbsp;powerOnLcdInit
<LI><a href="#[108]">&gt;&gt;</a>&nbsp;&nbsp;&nbsp;lcdGpioInit
</UL>

<P><STRONG><a name="[a1]"></a>GPIO_ResetBits</STRONG> (Thumb, 4 bytes, Stack size 0 bytes, cx32l003_gpio.o(.text))
<BR><BR>[Called By]<UL><LI><a href="#[ec]">&gt;&gt;</a>&nbsp;&nbsp;&nbsp;setBlueOutputLow
<LI><a href="#[eb]">&gt;&gt;</a>&nbsp;&nbsp;&nbsp;setWarmOutputLow
<LI><a href="#[ea]">&gt;&gt;</a>&nbsp;&nbsp;&nbsp;setCoolOutputLow
<LI><a href="#[da]">&gt;&gt;</a>&nbsp;&nbsp;&nbsp;factoryModeCoolDownFunc
<LI><a href="#[ae]">&gt;&gt;</a>&nbsp;&nbsp;&nbsp;systemPowerDown
<LI><a href="#[96]">&gt;&gt;</a>&nbsp;&nbsp;&nbsp;powerOnIoInit
<LI><a href="#[a6]">&gt;&gt;</a>&nbsp;&nbsp;&nbsp;MenuFunction
<LI><a href="#[3b]">&gt;&gt;</a>&nbsp;&nbsp;&nbsp;main
<LI><a href="#[139]">&gt;&gt;</a>&nbsp;&nbsp;&nbsp;IIC_Read_Byte
<LI><a href="#[138]">&gt;&gt;</a>&nbsp;&nbsp;&nbsp;IIC_Send_Byte
<LI><a href="#[137]">&gt;&gt;</a>&nbsp;&nbsp;&nbsp;IIC_Wait_Ack
<LI><a href="#[136]">&gt;&gt;</a>&nbsp;&nbsp;&nbsp;IIC_NAck
<LI><a href="#[135]">&gt;&gt;</a>&nbsp;&nbsp;&nbsp;IIC_Ack
<LI><a href="#[134]">&gt;&gt;</a>&nbsp;&nbsp;&nbsp;IIC_Stop
<LI><a href="#[133]">&gt;&gt;</a>&nbsp;&nbsp;&nbsp;IIC_Start
<LI><a href="#[109]">&gt;&gt;</a>&nbsp;&nbsp;&nbsp;powerOnLcdInit
<LI><a href="#[ed]">&gt;&gt;</a>&nbsp;&nbsp;&nbsp;setGreenOutputLow
</UL>

<P><STRONG><a name="[1b7]"></a>GPIO_WriteBit</STRONG> (Thumb, 12 bytes, Stack size 0 bytes, cx32l003_gpio.o(.text), UNUSED)

<P><STRONG><a name="[1b8]"></a>GPIO_Write</STRONG> (Thumb, 4 bytes, Stack size 0 bytes, cx32l003_gpio.o(.text), UNUSED)

<P><STRONG><a name="[1b9]"></a>GPIO_ToggleBits</STRONG> (Thumb, 8 bytes, Stack size 0 bytes, cx32l003_gpio.o(.text), UNUSED)

<P><STRONG><a name="[1ba]"></a>GPIO_PinPuPdCmd</STRONG> (Thumb, 24 bytes, Stack size 8 bytes, cx32l003_gpio.o(.text), UNUSED)

<P><STRONG><a name="[1bb]"></a>GPIO_PortDRCmd</STRONG> (Thumb, 20 bytes, Stack size 0 bytes, cx32l003_gpio.o(.text), UNUSED)

<P><STRONG><a name="[1bc]"></a>GPIO_PinRemapConfig</STRONG> (Thumb, 20 bytes, Stack size 8 bytes, cx32l003_gpio.o(.text), UNUSED)

<P><STRONG><a name="[84]"></a>GPIO_PinAFConfig</STRONG> (Thumb, 22 bytes, Stack size 8 bytes, cx32l003_gpio.o(.text))
<BR><BR>[Stack]<UL><LI>Max Depth = 8<LI>Call Chain = GPIO_PinAFConfig
</UL>
<BR>[Called By]<UL><LI><a href="#[83]">&gt;&gt;</a>&nbsp;&nbsp;&nbsp;TEST_SETLPTIMERGATE
<LI><a href="#[115]">&gt;&gt;</a>&nbsp;&nbsp;&nbsp;spiIoInit
<LI><a href="#[ee]">&gt;&gt;</a>&nbsp;&nbsp;&nbsp;ADCPinAFSet
</UL>

<P><STRONG><a name="[4c]"></a>I2C_DeInit</STRONG> (Thumb, 32 bytes, Stack size 8 bytes, cx32l003_i2c.o(.text), UNUSED)
<BR><BR>[Calls]<UL><LI><a href="#[42]">&gt;&gt;</a>&nbsp;&nbsp;&nbsp;RCC_PeriphResetCmd
</UL>

<P><STRONG><a name="[4d]"></a>I2C_Init</STRONG> (Thumb, 166 bytes, Stack size 24 bytes, cx32l003_i2c.o(.text), UNUSED)
<BR><BR>[Calls]<UL><LI><a href="#[4e]">&gt;&gt;</a>&nbsp;&nbsp;&nbsp;__aeabi_ui2d
<LI><a href="#[52]">&gt;&gt;</a>&nbsp;&nbsp;&nbsp;__aeabi_d2uiz
<LI><a href="#[4f]">&gt;&gt;</a>&nbsp;&nbsp;&nbsp;__aeabi_ddiv
<LI><a href="#[51]">&gt;&gt;</a>&nbsp;&nbsp;&nbsp;__aeabi_dsub
<LI><a href="#[50]">&gt;&gt;</a>&nbsp;&nbsp;&nbsp;__aeabi_dadd
</UL>
<BR>[Called By]<UL><LI><a href="#[13c]">&gt;&gt;</a>&nbsp;&nbsp;&nbsp;IIC_Init
</UL>

<P><STRONG><a name="[1bd]"></a>I2C_StructInit</STRONG> (Thumb, 20 bytes, Stack size 0 bytes, cx32l003_i2c.o(.text), UNUSED)

<P><STRONG><a name="[13d]"></a>I2C_Cmd</STRONG> (Thumb, 18 bytes, Stack size 0 bytes, cx32l003_i2c.o(.text), UNUSED)
<BR><BR>[Called By]<UL><LI><a href="#[13c]">&gt;&gt;</a>&nbsp;&nbsp;&nbsp;IIC_Init
</UL>

<P><STRONG><a name="[1be]"></a>I2C_MasterSendCmd</STRONG> (Thumb, 34 bytes, Stack size 0 bytes, cx32l003_i2c.o(.text), UNUSED)

<P><STRONG><a name="[142]"></a>I2C_GenerateSTART</STRONG> (Thumb, 18 bytes, Stack size 0 bytes, cx32l003_i2c.o(.text))
<BR><BR>[Called By]<UL><LI><a href="#[147]">&gt;&gt;</a>&nbsp;&nbsp;&nbsp;SlaveSendACK
<LI><a href="#[145]">&gt;&gt;</a>&nbsp;&nbsp;&nbsp;I2C0_IRQHandler_MasterRecive
<LI><a href="#[140]">&gt;&gt;</a>&nbsp;&nbsp;&nbsp;I2C0_IRQHandler_MasterSend
</UL>

<P><STRONG><a name="[144]"></a>I2C_GenerateSTOP</STRONG> (Thumb, 18 bytes, Stack size 0 bytes, cx32l003_i2c.o(.text))
<BR><BR>[Called By]<UL><LI><a href="#[147]">&gt;&gt;</a>&nbsp;&nbsp;&nbsp;SlaveSendACK
<LI><a href="#[145]">&gt;&gt;</a>&nbsp;&nbsp;&nbsp;I2C0_IRQHandler_MasterRecive
<LI><a href="#[140]">&gt;&gt;</a>&nbsp;&nbsp;&nbsp;I2C0_IRQHandler_MasterSend
</UL>

<P><STRONG><a name="[143]"></a>I2C_AcknowledgeConfig</STRONG> (Thumb, 18 bytes, Stack size 0 bytes, cx32l003_i2c.o(.text))
<BR><BR>[Called By]<UL><LI><a href="#[147]">&gt;&gt;</a>&nbsp;&nbsp;&nbsp;SlaveSendACK
<LI><a href="#[145]">&gt;&gt;</a>&nbsp;&nbsp;&nbsp;I2C0_IRQHandler_MasterRecive
<LI><a href="#[140]">&gt;&gt;</a>&nbsp;&nbsp;&nbsp;I2C0_IRQHandler_MasterSend
</UL>

<P><STRONG><a name="[1bf]"></a>I2C_OwnAddressConfig</STRONG> (Thumb, 16 bytes, Stack size 0 bytes, cx32l003_i2c.o(.text), UNUSED)

<P><STRONG><a name="[1c0]"></a>I2C_GeneralCallCmd</STRONG> (Thumb, 20 bytes, Stack size 0 bytes, cx32l003_i2c.o(.text), UNUSED)

<P><STRONG><a name="[141]"></a>I2C_SendData</STRONG> (Thumb, 4 bytes, Stack size 0 bytes, cx32l003_i2c.o(.text))
<BR><BR>[Called By]<UL><LI><a href="#[145]">&gt;&gt;</a>&nbsp;&nbsp;&nbsp;I2C0_IRQHandler_MasterRecive
<LI><a href="#[140]">&gt;&gt;</a>&nbsp;&nbsp;&nbsp;I2C0_IRQHandler_MasterSend
</UL>

<P><STRONG><a name="[146]"></a>I2C_ReceiveData</STRONG> (Thumb, 6 bytes, Stack size 0 bytes, cx32l003_i2c.o(.text))
<BR><BR>[Called By]<UL><LI><a href="#[145]">&gt;&gt;</a>&nbsp;&nbsp;&nbsp;I2C0_IRQHandler_MasterRecive
</UL>

<P><STRONG><a name="[1c1]"></a>I2C_Send7bitAddress</STRONG> (Thumb, 18 bytes, Stack size 0 bytes, cx32l003_i2c.o(.text), UNUSED)

<P><STRONG><a name="[1c2]"></a>I2C_ReadRegister</STRONG> (Thumb, 10 bytes, Stack size 8 bytes, cx32l003_i2c.o(.text), UNUSED)

<P><STRONG><a name="[1c3]"></a>I2C_NACKPositionConfig</STRONG> (Thumb, 18 bytes, Stack size 0 bytes, cx32l003_i2c.o(.text), UNUSED)

<P><STRONG><a name="[1c4]"></a>I2C_ITConfig</STRONG> (Thumb, 18 bytes, Stack size 0 bytes, cx32l003_i2c.o(.text), UNUSED)

<P><STRONG><a name="[1c5]"></a>I2C_GetLastEvent</STRONG> (Thumb, 6 bytes, Stack size 0 bytes, cx32l003_i2c.o(.text), UNUSED)

<P><STRONG><a name="[f]"></a>NMI_Handler</STRONG> (Thumb, 2 bytes, Stack size 0 bytes, cx32l003_it.o(.text))
<BR>[Address Reference Count : 1]<UL><LI> startup_cx32l003.o(RESET)
</UL>
<P><STRONG><a name="[10]"></a>HardFault_Handler</STRONG> (Thumb, 8 bytes, Stack size 0 bytes, cx32l003_it.o(.text))
<BR><BR>[Stack]<UL><LI>Max Depth = 96<LI>Call Chain = HardFault_Handler &rArr; StoreExceptions2Flash &rArr; writeEepromData &rArr; MasterWriteBytes &rArr; IIC_Wait_Ack &rArr; IIC_Stop
</UL>
<BR>[Calls]<UL><LI><a href="#[53]">&gt;&gt;</a>&nbsp;&nbsp;&nbsp;StoreExceptions2Flash
<LI><a href="#[54]">&gt;&gt;</a>&nbsp;&nbsp;&nbsp;__NVIC_SystemReset
</UL>
<BR>[Address Reference Count : 1]<UL><LI> startup_cx32l003.o(RESET)
</UL>
<P><STRONG><a name="[55]"></a>MemManage_Handler</STRONG> (Thumb, 8 bytes, Stack size 0 bytes, cx32l003_it.o(.text), UNUSED)
<BR><BR>[Calls]<UL><LI><a href="#[53]">&gt;&gt;</a>&nbsp;&nbsp;&nbsp;StoreExceptions2Flash
<LI><a href="#[54]">&gt;&gt;</a>&nbsp;&nbsp;&nbsp;__NVIC_SystemReset
</UL>

<P><STRONG><a name="[56]"></a>BusFault_Handler</STRONG> (Thumb, 4 bytes, Stack size 0 bytes, cx32l003_it.o(.text), UNUSED)
<BR><BR>[Calls]<UL><LI><a href="#[54]">&gt;&gt;</a>&nbsp;&nbsp;&nbsp;__NVIC_SystemReset
</UL>

<P><STRONG><a name="[57]"></a>UsageFault_Handler</STRONG> (Thumb, 4 bytes, Stack size 0 bytes, cx32l003_it.o(.text), UNUSED)
<BR><BR>[Calls]<UL><LI><a href="#[54]">&gt;&gt;</a>&nbsp;&nbsp;&nbsp;__NVIC_SystemReset
</UL>

<P><STRONG><a name="[11]"></a>SVC_Handler</STRONG> (Thumb, 2 bytes, Stack size 0 bytes, cx32l003_it.o(.text))
<BR>[Address Reference Count : 1]<UL><LI> startup_cx32l003.o(RESET)
</UL>
<P><STRONG><a name="[1c6]"></a>DebugMon_Handler</STRONG> (Thumb, 2 bytes, Stack size 0 bytes, cx32l003_it.o(.text), UNUSED)

<P><STRONG><a name="[12]"></a>PendSV_Handler</STRONG> (Thumb, 2 bytes, Stack size 0 bytes, cx32l003_it.o(.text))
<BR>[Address Reference Count : 1]<UL><LI> startup_cx32l003.o(RESET)
</UL>
<P><STRONG><a name="[13]"></a>SysTick_Handler</STRONG> (Thumb, 2 bytes, Stack size 0 bytes, cx32l003_it.o(.text))
<BR>[Address Reference Count : 1]<UL><LI> startup_cx32l003.o(RESET)
</UL>
<P><STRONG><a name="[1c7]"></a>LPTIMER_ReadCnt</STRONG> (Thumb, 6 bytes, Stack size 0 bytes, cx32l003_lptimer.o(.text), UNUSED)

<P><STRONG><a name="[87]"></a>LPTIMER_Init</STRONG> (Thumb, 56 bytes, Stack size 0 bytes, cx32l003_lptimer.o(.text))
<BR><BR>[Called By]<UL><LI><a href="#[86]">&gt;&gt;</a>&nbsp;&nbsp;&nbsp;LPTIMER_Config
</UL>

<P><STRONG><a name="[81]"></a>LPTIMER_Cmd</STRONG> (Thumb, 20 bytes, Stack size 0 bytes, cx32l003_lptimer.o(.text))
<BR><BR>[Called By]<UL><LI><a href="#[86]">&gt;&gt;</a>&nbsp;&nbsp;&nbsp;LPTIMER_Config
<LI><a href="#[82]">&gt;&gt;</a>&nbsp;&nbsp;&nbsp;Enter_Sleep
<LI><a href="#[80]">&gt;&gt;</a>&nbsp;&nbsp;&nbsp;Enter_DeepSleep
<LI><a href="#[75]">&gt;&gt;</a>&nbsp;&nbsp;&nbsp;entryNormalModeChk
</UL>

<P><STRONG><a name="[1c8]"></a>LPTIMER_TogCmd</STRONG> (Thumb, 18 bytes, Stack size 0 bytes, cx32l003_lptimer.o(.text), UNUSED)

<P><STRONG><a name="[8b]"></a>LPTIMER_ITConfig</STRONG> (Thumb, 20 bytes, Stack size 0 bytes, cx32l003_lptimer.o(.text))
<BR><BR>[Called By]<UL><LI><a href="#[86]">&gt;&gt;</a>&nbsp;&nbsp;&nbsp;LPTIMER_Config
</UL>

<P><STRONG><a name="[1c9]"></a>LPTIMER_GetWTFlagStatus</STRONG> (Thumb, 14 bytes, Stack size 0 bytes, cx32l003_lptimer.o(.text), UNUSED)

<P><STRONG><a name="[8a]"></a>LPTIMER_BGloadConfig</STRONG> (Thumb, 22 bytes, Stack size 8 bytes, cx32l003_lptimer.o(.text))
<BR><BR>[Stack]<UL><LI>Max Depth = 8<LI>Call Chain = LPTIMER_BGloadConfig
</UL>
<BR>[Called By]<UL><LI><a href="#[86]">&gt;&gt;</a>&nbsp;&nbsp;&nbsp;LPTIMER_Config
</UL>

<P><STRONG><a name="[89]"></a>LPTIMER_LoadConfig</STRONG> (Thumb, 22 bytes, Stack size 8 bytes, cx32l003_lptimer.o(.text))
<BR><BR>[Stack]<UL><LI>Max Depth = 8<LI>Call Chain = LPTIMER_LoadConfig
</UL>
<BR>[Called By]<UL><LI><a href="#[86]">&gt;&gt;</a>&nbsp;&nbsp;&nbsp;LPTIMER_Config
</UL>

<P><STRONG><a name="[1ca]"></a>LPTIMER_GetITStatus</STRONG> (Thumb, 14 bytes, Stack size 0 bytes, cx32l003_lptimer.o(.text), UNUSED)

<P><STRONG><a name="[8c]"></a>LPTIMER_ClearITFlag</STRONG> (Thumb, 4 bytes, Stack size 0 bytes, cx32l003_lptimer.o(.text))
<BR><BR>[Called By]<UL><LI><a href="#[21]">&gt;&gt;</a>&nbsp;&nbsp;&nbsp;LPTIMER_IRQHandler
</UL>

<P><STRONG><a name="[1cb]"></a>RCC_DeInit</STRONG> (Thumb, 20 bytes, Stack size 0 bytes, cx32l003_rcc.o(.text), UNUSED)

<P><STRONG><a name="[1cc]"></a>RCC_HIRCTrim</STRONG> (Thumb, 16 bytes, Stack size 0 bytes, cx32l003_rcc.o(.text), UNUSED)

<P><STRONG><a name="[1cd]"></a>RCC_LIRCTrim</STRONG> (Thumb, 16 bytes, Stack size 0 bytes, cx32l003_rcc.o(.text), UNUSED)

<P><STRONG><a name="[1ce]"></a>RCC_SetHXTDrive</STRONG> (Thumb, 20 bytes, Stack size 0 bytes, cx32l003_rcc.o(.text), UNUSED)

<P><STRONG><a name="[1cf]"></a>RCC_SetLXTDrive</STRONG> (Thumb, 20 bytes, Stack size 0 bytes, cx32l003_rcc.o(.text), UNUSED)

<P><STRONG><a name="[1d0]"></a>RCC_WaitForHIRCStable</STRONG> (Thumb, 44 bytes, Stack size 12 bytes, cx32l003_rcc.o(.text), UNUSED)

<P><STRONG><a name="[1d1]"></a>RCC_WaitForHXTStable</STRONG> (Thumb, 62 bytes, Stack size 12 bytes, cx32l003_rcc.o(.text), UNUSED)

<P><STRONG><a name="[1d2]"></a>RCC_WaitForLIRCStable</STRONG> (Thumb, 62 bytes, Stack size 12 bytes, cx32l003_rcc.o(.text), UNUSED)

<P><STRONG><a name="[1d3]"></a>RCC_WaitForLXTStable</STRONG> (Thumb, 56 bytes, Stack size 12 bytes, cx32l003_rcc.o(.text), UNUSED)

<P><STRONG><a name="[1d4]"></a>RCC_LXTCmd</STRONG> (Thumb, 50 bytes, Stack size 8 bytes, cx32l003_rcc.o(.text), UNUSED)

<P><STRONG><a name="[1d5]"></a>RCC_SetX32KPort</STRONG> (Thumb, 24 bytes, Stack size 0 bytes, cx32l003_rcc.o(.text), UNUSED)

<P><STRONG><a name="[1d6]"></a>RCC_SetM0IRQLatency</STRONG> (Thumb, 12 bytes, Stack size 0 bytes, cx32l003_rcc.o(.text), UNUSED)

<P><STRONG><a name="[1d7]"></a>RCC_SystemTickTimerConfig</STRONG> (Thumb, 24 bytes, Stack size 0 bytes, cx32l003_rcc.o(.text), UNUSED)

<P><STRONG><a name="[1d8]"></a>RCC_SetSystemTickTimerCoreRefClockcmd</STRONG> (Thumb, 26 bytes, Stack size 0 bytes, cx32l003_rcc.o(.text), UNUSED)

<P><STRONG><a name="[8f]"></a>RCC_SysclkCmd</STRONG> (Thumb, 86 bytes, Stack size 12 bytes, cx32l003_rcc.o(.text))
<BR><BR>[Stack]<UL><LI>Max Depth = 12<LI>Call Chain = RCC_SysclkCmd
</UL>
<BR>[Called By]<UL><LI><a href="#[91]">&gt;&gt;</a>&nbsp;&nbsp;&nbsp;setSystemLIRC
<LI><a href="#[8e]">&gt;&gt;</a>&nbsp;&nbsp;&nbsp;setSystemHIRC
</UL>

<P><STRONG><a name="[1d9]"></a>RCC_SelSysclk</STRONG> (Thumb, 16 bytes, Stack size 0 bytes, cx32l003_rcc.o(.text), UNUSED)

<P><STRONG><a name="[1da]"></a>RCC_SysclkOutputConfig</STRONG> (Thumb, 14 bytes, Stack size 0 bytes, cx32l003_rcc.o(.text), UNUSED)

<P><STRONG><a name="[1db]"></a>RCC_SysclkOutputCmd</STRONG> (Thumb, 20 bytes, Stack size 0 bytes, cx32l003_rcc.o(.text), UNUSED)

<P><STRONG><a name="[1dc]"></a>RCC_SysclkFclkDiv</STRONG> (Thumb, 12 bytes, Stack size 0 bytes, cx32l003_rcc.o(.text), UNUSED)

<P><STRONG><a name="[1dd]"></a>RCC_GetSysclkSource</STRONG> (Thumb, 8 bytes, Stack size 0 bytes, cx32l003_rcc.o(.text), UNUSED)

<P><STRONG><a name="[1de]"></a>RCC_SetHclkDiv</STRONG> (Thumb, 4 bytes, Stack size 0 bytes, cx32l003_rcc.o(.text), UNUSED)

<P><STRONG><a name="[1df]"></a>RCC_SetPclkDiv</STRONG> (Thumb, 4 bytes, Stack size 0 bytes, cx32l003_rcc.o(.text), UNUSED)

<P><STRONG><a name="[1e0]"></a>RCC_AHBPeriphClockCmd</STRONG> (Thumb, 16 bytes, Stack size 0 bytes, cx32l003_rcc.o(.text), UNUSED)

<P><STRONG><a name="[1e1]"></a>RCC_APBPeriphClockCmd</STRONG> (Thumb, 16 bytes, Stack size 0 bytes, cx32l003_rcc.o(.text), UNUSED)

<P><STRONG><a name="[42]"></a>RCC_PeriphResetCmd</STRONG> (Thumb, 26 bytes, Stack size 0 bytes, cx32l003_rcc.o(.text), UNUSED)
<BR><BR>[Called By]<UL><LI><a href="#[4c]">&gt;&gt;</a>&nbsp;&nbsp;&nbsp;I2C_DeInit
<LI><a href="#[4b]">&gt;&gt;</a>&nbsp;&nbsp;&nbsp;GPIO_DeInit
<LI><a href="#[41]">&gt;&gt;</a>&nbsp;&nbsp;&nbsp;ADC_DeInit
<LI><a href="#[5a]">&gt;&gt;</a>&nbsp;&nbsp;&nbsp;TIM_DeInit
<LI><a href="#[59]">&gt;&gt;</a>&nbsp;&nbsp;&nbsp;SYSCTRL_DeInit
<LI><a href="#[58]">&gt;&gt;</a>&nbsp;&nbsp;&nbsp;SPI_DeInit
</UL>

<P><STRONG><a name="[1e2]"></a>RCC_RTCResetCmd</STRONG> (Thumb, 26 bytes, Stack size 0 bytes, cx32l003_rcc.o(.text), UNUSED)

<P><STRONG><a name="[1e3]"></a>RCC_ResetCmd</STRONG> (Thumb, 30 bytes, Stack size 8 bytes, cx32l003_rcc.o(.text), UNUSED)

<P><STRONG><a name="[1e4]"></a>RCC_GetFlagStatus</STRONG> (Thumb, 14 bytes, Stack size 0 bytes, cx32l003_rcc.o(.text), UNUSED)

<P><STRONG><a name="[1e5]"></a>RCC_SetIoMux</STRONG> (Thumb, 16 bytes, Stack size 0 bytes, cx32l003_rcc.o(.text), UNUSED)

<P><STRONG><a name="[58]"></a>SPI_DeInit</STRONG> (Thumb, 26 bytes, Stack size 8 bytes, cx32l003_spi.o(.text), UNUSED)
<BR><BR>[Calls]<UL><LI><a href="#[42]">&gt;&gt;</a>&nbsp;&nbsp;&nbsp;RCC_PeriphResetCmd
</UL>

<P><STRONG><a name="[117]"></a>SPI_Init</STRONG> (Thumb, 18 bytes, Stack size 0 bytes, cx32l003_spi.o(.text), UNUSED)
<BR><BR>[Called By]<UL><LI><a href="#[116]">&gt;&gt;</a>&nbsp;&nbsp;&nbsp;userSpiInit
</UL>

<P><STRONG><a name="[1e6]"></a>SPI_StructInit</STRONG> (Thumb, 12 bytes, Stack size 0 bytes, cx32l003_spi.o(.text), UNUSED)

<P><STRONG><a name="[118]"></a>SPI_Cmd</STRONG> (Thumb, 18 bytes, Stack size 0 bytes, cx32l003_spi.o(.text))
<BR><BR>[Called By]<UL><LI><a href="#[119]">&gt;&gt;</a>&nbsp;&nbsp;&nbsp;enableSpi
<LI><a href="#[116]">&gt;&gt;</a>&nbsp;&nbsp;&nbsp;userSpiInit
<LI><a href="#[b0]">&gt;&gt;</a>&nbsp;&nbsp;&nbsp;disableSpi
</UL>

<P><STRONG><a name="[112]"></a>SPI_SendData</STRONG> (Thumb, 4 bytes, Stack size 0 bytes, cx32l003_spi.o(.text), UNUSED)
<BR><BR>[Called By]<UL><LI><a href="#[111]">&gt;&gt;</a>&nbsp;&nbsp;&nbsp;SPI_SendByte
</UL>

<P><STRONG><a name="[1e7]"></a>SPI_ReceiveData</STRONG> (Thumb, 6 bytes, Stack size 0 bytes, cx32l003_spi.o(.text), UNUSED)

<P><STRONG><a name="[114]"></a>SPI_SSOutputCmd</STRONG> (Thumb, 18 bytes, Stack size 0 bytes, cx32l003_spi.o(.text), UNUSED)
<BR><BR>[Called By]<UL><LI><a href="#[115]">&gt;&gt;</a>&nbsp;&nbsp;&nbsp;spiIoInit
<LI><a href="#[113]">&gt;&gt;</a>&nbsp;&nbsp;&nbsp;WriteData
</UL>

<P><STRONG><a name="[1e8]"></a>SPI_GetFlagStatus</STRONG> (Thumb, 14 bytes, Stack size 0 bytes, cx32l003_spi.o(.text), UNUSED)

<P><STRONG><a name="[59]"></a>SYSCTRL_DeInit</STRONG> (Thumb, 26 bytes, Stack size 8 bytes, cx32l003_syscon.o(.text), UNUSED)
<BR><BR>[Calls]<UL><LI><a href="#[42]">&gt;&gt;</a>&nbsp;&nbsp;&nbsp;RCC_PeriphResetCmd
</UL>

<P><STRONG><a name="[1e9]"></a>SYSCTRL_CortexM0LockUpCmd</STRONG> (Thumb, 30 bytes, Stack size 0 bytes, cx32l003_syscon.o(.text), UNUSED)

<P><STRONG><a name="[1ea]"></a>SYSCTRL_DeepsleepPortITCmd</STRONG> (Thumb, 22 bytes, Stack size 0 bytes, cx32l003_syscon.o(.text), UNUSED)

<P><STRONG><a name="[1eb]"></a>SYSCTRL_ActiveSleepPortITCmd</STRONG> (Thumb, 24 bytes, Stack size 0 bytes, cx32l003_syscon.o(.text), UNUSED)

<P><STRONG><a name="[1ec]"></a>SYSCTRL_SPICSConfig</STRONG> (Thumb, 16 bytes, Stack size 0 bytes, cx32l003_syscon.o(.text), UNUSED)

<P><STRONG><a name="[1ed]"></a>SYSCTRL_TIM10_GateConfig</STRONG> (Thumb, 16 bytes, Stack size 0 bytes, cx32l003_syscon.o(.text), UNUSED)

<P><STRONG><a name="[1ee]"></a>SYSCTRL_TIM11_GateConfig</STRONG> (Thumb, 16 bytes, Stack size 0 bytes, cx32l003_syscon.o(.text), UNUSED)

<P><STRONG><a name="[85]"></a>SYSCTRL_IPTIM_GateConfig</STRONG> (Thumb, 18 bytes, Stack size 0 bytes, cx32l003_syscon.o(.text), UNUSED)
<BR><BR>[Called By]<UL><LI><a href="#[83]">&gt;&gt;</a>&nbsp;&nbsp;&nbsp;TEST_SETLPTIMERGATE
</UL>

<P><STRONG><a name="[1ef]"></a>SYSCTRL_PCACapMuxConfig</STRONG> (Thumb, 24 bytes, Stack size 8 bytes, cx32l003_syscon.o(.text), UNUSED)

<P><STRONG><a name="[1f0]"></a>SYSCTRL_TIM1_InputSignalConfig</STRONG> (Thumb, 24 bytes, Stack size 8 bytes, cx32l003_syscon.o(.text), UNUSED)

<P><STRONG><a name="[1f1]"></a>SYSCTRL_TIM1_ETRSignalConfig</STRONG> (Thumb, 18 bytes, Stack size 0 bytes, cx32l003_syscon.o(.text), UNUSED)

<P><STRONG><a name="[1f2]"></a>SYSCTRL_TIM1_SetBreakSTM</STRONG> (Thumb, 18 bytes, Stack size 0 bytes, cx32l003_syscon.o(.text), UNUSED)

<P><STRONG><a name="[1f3]"></a>SYSCTRL_TIM1_SetBreakZERO</STRONG> (Thumb, 12 bytes, Stack size 0 bytes, cx32l003_syscon.o(.text), UNUSED)

<P><STRONG><a name="[1f4]"></a>SYSCTRL_TIM2_InputSignalConfig</STRONG> (Thumb, 24 bytes, Stack size 8 bytes, cx32l003_syscon.o(.text), UNUSED)

<P><STRONG><a name="[1f5]"></a>SYSCTRL_TIM2_ETRSignalConfig</STRONG> (Thumb, 18 bytes, Stack size 0 bytes, cx32l003_syscon.o(.text), UNUSED)

<P><STRONG><a name="[1f6]"></a>SYSCTRL_LPUART_CLKConfig</STRONG> (Thumb, 28 bytes, Stack size 0 bytes, cx32l003_syscon.o(.text), UNUSED)

<P><STRONG><a name="[1f7]"></a>SYSCTRL_LPUART_CLKCmd</STRONG> (Thumb, 34 bytes, Stack size 0 bytes, cx32l003_syscon.o(.text), UNUSED)

<P><STRONG><a name="[5a]"></a>TIM_DeInit</STRONG> (Thumb, 38 bytes, Stack size 8 bytes, cx32l003_timer.o(.text), UNUSED)
<BR><BR>[Calls]<UL><LI><a href="#[42]">&gt;&gt;</a>&nbsp;&nbsp;&nbsp;RCC_PeriphResetCmd
</UL>

<P><STRONG><a name="[6a]"></a>TIM_TimeBaseInit</STRONG> (Thumb, 40 bytes, Stack size 12 bytes, cx32l003_timer.o(.text))
<BR><BR>[Stack]<UL><LI>Max Depth = 12<LI>Call Chain = TIM_TimeBaseInit
</UL>
<BR>[Called By]<UL><LI><a href="#[69]">&gt;&gt;</a>&nbsp;&nbsp;&nbsp;BASIC_TIM_Mode_Config
</UL>

<P><STRONG><a name="[1f8]"></a>TIM_StructInit</STRONG> (Thumb, 30 bytes, Stack size 0 bytes, cx32l003_timer.o(.text), UNUSED)

<P><STRONG><a name="[70]"></a>TIM_Cmd</STRONG> (Thumb, 18 bytes, Stack size 0 bytes, cx32l003_timer.o(.text))
<BR><BR>[Called By]<UL><LI><a href="#[69]">&gt;&gt;</a>&nbsp;&nbsp;&nbsp;BASIC_TIM_Mode_Config
</UL>

<P><STRONG><a name="[1f9]"></a>TIM_TogCmd</STRONG> (Thumb, 20 bytes, Stack size 0 bytes, cx32l003_timer.o(.text), UNUSED)

<P><STRONG><a name="[6f]"></a>TIM_ITConfig</STRONG> (Thumb, 18 bytes, Stack size 0 bytes, cx32l003_timer.o(.text))
<BR><BR>[Called By]<UL><LI><a href="#[69]">&gt;&gt;</a>&nbsp;&nbsp;&nbsp;BASIC_TIM_Mode_Config
</UL>

<P><STRONG><a name="[1fa]"></a>TIM_CounterModeConfig</STRONG> (Thumb, 18 bytes, Stack size 0 bytes, cx32l003_timer.o(.text), UNUSED)

<P><STRONG><a name="[1fb]"></a>TIM_SelectGatePolarity</STRONG> (Thumb, 20 bytes, Stack size 0 bytes, cx32l003_timer.o(.text), UNUSED)

<P><STRONG><a name="[1fc]"></a>TIM_SetClockDivision</STRONG> (Thumb, 16 bytes, Stack size 0 bytes, cx32l003_timer.o(.text), UNUSED)

<P><STRONG><a name="[1fd]"></a>TIM_GetPrescaler</STRONG> (Thumb, 8 bytes, Stack size 0 bytes, cx32l003_timer.o(.text), UNUSED)

<P><STRONG><a name="[6b]"></a>TIM_SetTimerLoadRegister</STRONG> (Thumb, 6 bytes, Stack size 0 bytes, cx32l003_timer.o(.text))
<BR><BR>[Called By]<UL><LI><a href="#[69]">&gt;&gt;</a>&nbsp;&nbsp;&nbsp;BASIC_TIM_Mode_Config
</UL>

<P><STRONG><a name="[1fe]"></a>TIM_GetTimerLoadRegister</STRONG> (Thumb, 4 bytes, Stack size 0 bytes, cx32l003_timer.o(.text), UNUSED)

<P><STRONG><a name="[1ff]"></a>TIM_SetCountRegister</STRONG> (Thumb, 4 bytes, Stack size 0 bytes, cx32l003_timer.o(.text), UNUSED)

<P><STRONG><a name="[200]"></a>TIM_GetCountRegister</STRONG> (Thumb, 4 bytes, Stack size 0 bytes, cx32l003_timer.o(.text), UNUSED)

<P><STRONG><a name="[201]"></a>TIM_GetITSourceFlagStatus</STRONG> (Thumb, 14 bytes, Stack size 0 bytes, cx32l003_timer.o(.text), UNUSED)

<P><STRONG><a name="[202]"></a>TIM_GetITShieldFlagStatus</STRONG> (Thumb, 14 bytes, Stack size 0 bytes, cx32l003_timer.o(.text), UNUSED)

<P><STRONG><a name="[71]"></a>TIM_ClearITFlag</STRONG> (Thumb, 8 bytes, Stack size 0 bytes, cx32l003_timer.o(.text))
<BR><BR>[Called By]<UL><LI><a href="#[1f]">&gt;&gt;</a>&nbsp;&nbsp;&nbsp;TIMER10_IRQHandler
</UL>

<P><STRONG><a name="[6c]"></a>NVIC_PriorityGroupConfig</STRONG> (Thumb, 10 bytes, Stack size 0 bytes, misc.o(.text))
<BR><BR>[Called By]<UL><LI><a href="#[86]">&gt;&gt;</a>&nbsp;&nbsp;&nbsp;LPTIMER_Config
<LI><a href="#[72]">&gt;&gt;</a>&nbsp;&nbsp;&nbsp;EXTI_Key_Config
<LI><a href="#[69]">&gt;&gt;</a>&nbsp;&nbsp;&nbsp;BASIC_TIM_Mode_Config
<LI><a href="#[13c]">&gt;&gt;</a>&nbsp;&nbsp;&nbsp;IIC_Init
<LI><a href="#[116]">&gt;&gt;</a>&nbsp;&nbsp;&nbsp;userSpiInit
<LI><a href="#[101]">&gt;&gt;</a>&nbsp;&nbsp;&nbsp;AWK_Config
<LI><a href="#[ef]">&gt;&gt;</a>&nbsp;&nbsp;&nbsp;ADC_NVIC_Config
</UL>

<P><STRONG><a name="[6d]"></a>NVIC_Init</STRONG> (Thumb, 88 bytes, Stack size 16 bytes, misc.o(.text))
<BR><BR>[Stack]<UL><LI>Max Depth = 16<LI>Call Chain = NVIC_Init
</UL>
<BR>[Called By]<UL><LI><a href="#[86]">&gt;&gt;</a>&nbsp;&nbsp;&nbsp;LPTIMER_Config
<LI><a href="#[72]">&gt;&gt;</a>&nbsp;&nbsp;&nbsp;EXTI_Key_Config
<LI><a href="#[69]">&gt;&gt;</a>&nbsp;&nbsp;&nbsp;BASIC_TIM_Mode_Config
<LI><a href="#[13c]">&gt;&gt;</a>&nbsp;&nbsp;&nbsp;IIC_Init
<LI><a href="#[116]">&gt;&gt;</a>&nbsp;&nbsp;&nbsp;userSpiInit
<LI><a href="#[101]">&gt;&gt;</a>&nbsp;&nbsp;&nbsp;AWK_Config
<LI><a href="#[ef]">&gt;&gt;</a>&nbsp;&nbsp;&nbsp;ADC_NVIC_Config
</UL>

<P><STRONG><a name="[203]"></a>NVIC_SetVectorTable</STRONG> (Thumb, 2 bytes, Stack size 0 bytes, misc.o(.text), UNUSED)

<P><STRONG><a name="[204]"></a>NVIC_SystemLPConfig</STRONG> (Thumb, 18 bytes, Stack size 0 bytes, misc.o(.text), UNUSED)

<P><STRONG><a name="[205]"></a>SysTick_CLKSourceConfig</STRONG> (Thumb, 20 bytes, Stack size 0 bytes, misc.o(.text), UNUSED)

<P><STRONG><a name="[206]"></a>ADVTIM_DeInit</STRONG> (Thumb, 2 bytes, Stack size 0 bytes, cx32l003_advtim.o(.text), UNUSED)

<P><STRONG><a name="[14c]"></a>ADVTIM_TimeBaseInit</STRONG> (Thumb, 70 bytes, Stack size 12 bytes, cx32l003_advtim.o(.text))
<BR><BR>[Stack]<UL><LI>Max Depth = 12<LI>Call Chain = ADVTIM_TimeBaseInit
</UL>
<BR>[Called By]<UL><LI><a href="#[99]">&gt;&gt;</a>&nbsp;&nbsp;&nbsp;ADVTIM_PWMMODE_Config
</UL>

<P><STRONG><a name="[14d]"></a>ADVTIM_OC1Init</STRONG> (Thumb, 98 bytes, Stack size 12 bytes, cx32l003_advtim.o(.text))
<BR><BR>[Stack]<UL><LI>Max Depth = 12<LI>Call Chain = ADVTIM_OC1Init
</UL>
<BR>[Called By]<UL><LI><a href="#[99]">&gt;&gt;</a>&nbsp;&nbsp;&nbsp;ADVTIM_PWMMODE_Config
</UL>

<P><STRONG><a name="[14e]"></a>ADVTIM_OC2Init</STRONG> (Thumb, 124 bytes, Stack size 16 bytes, cx32l003_advtim.o(.text))
<BR><BR>[Stack]<UL><LI>Max Depth = 16<LI>Call Chain = ADVTIM_OC2Init
</UL>
<BR>[Called By]<UL><LI><a href="#[99]">&gt;&gt;</a>&nbsp;&nbsp;&nbsp;ADVTIM_PWMMODE_Config
</UL>

<P><STRONG><a name="[14f]"></a>ADVTIM_OC3Init</STRONG> (Thumb, 124 bytes, Stack size 12 bytes, cx32l003_advtim.o(.text))
<BR><BR>[Stack]<UL><LI>Max Depth = 12<LI>Call Chain = ADVTIM_OC3Init
</UL>
<BR>[Called By]<UL><LI><a href="#[99]">&gt;&gt;</a>&nbsp;&nbsp;&nbsp;ADVTIM_PWMMODE_Config
</UL>

<P><STRONG><a name="[150]"></a>ADVTIM_OC4Init</STRONG> (Thumb, 90 bytes, Stack size 12 bytes, cx32l003_advtim.o(.text))
<BR><BR>[Stack]<UL><LI>Max Depth = 12<LI>Call Chain = ADVTIM_OC4Init
</UL>
<BR>[Called By]<UL><LI><a href="#[99]">&gt;&gt;</a>&nbsp;&nbsp;&nbsp;ADVTIM_PWMMODE_Config
</UL>

<P><STRONG><a name="[61]"></a>ADVTIM_SetIC4Prescaler</STRONG> (Thumb, 20 bytes, Stack size 0 bytes, cx32l003_advtim.o(.text), UNUSED)
<BR><BR>[Called By]<UL><LI><a href="#[5b]">&gt;&gt;</a>&nbsp;&nbsp;&nbsp;ADVTIM_ICInit
</UL>

<P><STRONG><a name="[60]"></a>ADVTIM_SetIC3Prescaler</STRONG> (Thumb, 18 bytes, Stack size 0 bytes, cx32l003_advtim.o(.text), UNUSED)
<BR><BR>[Called By]<UL><LI><a href="#[5b]">&gt;&gt;</a>&nbsp;&nbsp;&nbsp;ADVTIM_ICInit
</UL>

<P><STRONG><a name="[5f]"></a>ADVTIM_SetIC2Prescaler</STRONG> (Thumb, 20 bytes, Stack size 0 bytes, cx32l003_advtim.o(.text), UNUSED)
<BR><BR>[Called By]<UL><LI><a href="#[62]">&gt;&gt;</a>&nbsp;&nbsp;&nbsp;ADVTIM_PWMIConfig
<LI><a href="#[5b]">&gt;&gt;</a>&nbsp;&nbsp;&nbsp;ADVTIM_ICInit
</UL>

<P><STRONG><a name="[5d]"></a>ADVTIM_SetIC1Prescaler</STRONG> (Thumb, 18 bytes, Stack size 0 bytes, cx32l003_advtim.o(.text), UNUSED)
<BR><BR>[Called By]<UL><LI><a href="#[62]">&gt;&gt;</a>&nbsp;&nbsp;&nbsp;ADVTIM_PWMIConfig
<LI><a href="#[5b]">&gt;&gt;</a>&nbsp;&nbsp;&nbsp;ADVTIM_ICInit
</UL>

<P><STRONG><a name="[5b]"></a>ADVTIM_ICInit</STRONG> (Thumb, 228 bytes, Stack size 24 bytes, cx32l003_advtim.o(.text), UNUSED)
<BR><BR>[Calls]<UL><LI><a href="#[5d]">&gt;&gt;</a>&nbsp;&nbsp;&nbsp;ADVTIM_SetIC1Prescaler
<LI><a href="#[5f]">&gt;&gt;</a>&nbsp;&nbsp;&nbsp;ADVTIM_SetIC2Prescaler
<LI><a href="#[60]">&gt;&gt;</a>&nbsp;&nbsp;&nbsp;ADVTIM_SetIC3Prescaler
<LI><a href="#[61]">&gt;&gt;</a>&nbsp;&nbsp;&nbsp;ADVTIM_SetIC4Prescaler
<LI><a href="#[5c]">&gt;&gt;</a>&nbsp;&nbsp;&nbsp;TI1_Config
<LI><a href="#[5e]">&gt;&gt;</a>&nbsp;&nbsp;&nbsp;TI2_Config
</UL>

<P><STRONG><a name="[62]"></a>ADVTIM_PWMIConfig</STRONG> (Thumb, 168 bytes, Stack size 24 bytes, cx32l003_advtim.o(.text), UNUSED)
<BR><BR>[Calls]<UL><LI><a href="#[5d]">&gt;&gt;</a>&nbsp;&nbsp;&nbsp;ADVTIM_SetIC1Prescaler
<LI><a href="#[5f]">&gt;&gt;</a>&nbsp;&nbsp;&nbsp;ADVTIM_SetIC2Prescaler
<LI><a href="#[5c]">&gt;&gt;</a>&nbsp;&nbsp;&nbsp;TI1_Config
<LI><a href="#[5e]">&gt;&gt;</a>&nbsp;&nbsp;&nbsp;TI2_Config
</UL>

<P><STRONG><a name="[207]"></a>ADVTIM_BDTRConfig</STRONG> (Thumb, 32 bytes, Stack size 8 bytes, cx32l003_advtim.o(.text), UNUSED)

<P><STRONG><a name="[208]"></a>ADVTIM_TimeBaseStructInit</STRONG> (Thumb, 18 bytes, Stack size 0 bytes, cx32l003_advtim.o(.text), UNUSED)

<P><STRONG><a name="[209]"></a>ADVTIM_OCStructInit</STRONG> (Thumb, 20 bytes, Stack size 0 bytes, cx32l003_advtim.o(.text), UNUSED)

<P><STRONG><a name="[20a]"></a>ADVTIM_ICStructInit</STRONG> (Thumb, 16 bytes, Stack size 0 bytes, cx32l003_advtim.o(.text), UNUSED)

<P><STRONG><a name="[20b]"></a>ADVTIM_BDTRStructInit</STRONG> (Thumb, 18 bytes, Stack size 0 bytes, cx32l003_advtim.o(.text), UNUSED)

<P><STRONG><a name="[151]"></a>ADVTIM_Cmd</STRONG> (Thumb, 20 bytes, Stack size 0 bytes, cx32l003_advtim.o(.text))
<BR><BR>[Called By]<UL><LI><a href="#[99]">&gt;&gt;</a>&nbsp;&nbsp;&nbsp;ADVTIM_PWMMODE_Config
</UL>

<P><STRONG><a name="[152]"></a>ADVTIM_CtrlPWMOutputs</STRONG> (Thumb, 22 bytes, Stack size 0 bytes, cx32l003_advtim.o(.text))
<BR><BR>[Called By]<UL><LI><a href="#[99]">&gt;&gt;</a>&nbsp;&nbsp;&nbsp;ADVTIM_PWMMODE_Config
</UL>

<P><STRONG><a name="[20c]"></a>ADVTIM_ITConfig</STRONG> (Thumb, 20 bytes, Stack size 0 bytes, cx32l003_advtim.o(.text), UNUSED)

<P><STRONG><a name="[20d]"></a>ADVTIM_GenerateEvent</STRONG> (Thumb, 4 bytes, Stack size 0 bytes, cx32l003_advtim.o(.text), UNUSED)

<P><STRONG><a name="[20e]"></a>ADVTIM_DMAConfig</STRONG> (Thumb, 6 bytes, Stack size 0 bytes, cx32l003_advtim.o(.text), UNUSED)

<P><STRONG><a name="[20f]"></a>ADVTIM_DMACmd</STRONG> (Thumb, 20 bytes, Stack size 0 bytes, cx32l003_advtim.o(.text), UNUSED)

<P><STRONG><a name="[210]"></a>ADVTIM_InternalClockConfig</STRONG> (Thumb, 12 bytes, Stack size 0 bytes, cx32l003_advtim.o(.text), UNUSED)

<P><STRONG><a name="[64]"></a>ADVTIM_SelectInputTrigger</STRONG> (Thumb, 14 bytes, Stack size 0 bytes, cx32l003_advtim.o(.text), UNUSED)
<BR><BR>[Called By]<UL><LI><a href="#[65]">&gt;&gt;</a>&nbsp;&nbsp;&nbsp;ADVTIM_TIxExternalClockConfig
<LI><a href="#[63]">&gt;&gt;</a>&nbsp;&nbsp;&nbsp;ADVTIM_ITRxExternalClockConfig
</UL>

<P><STRONG><a name="[63]"></a>ADVTIM_ITRxExternalClockConfig</STRONG> (Thumb, 18 bytes, Stack size 8 bytes, cx32l003_advtim.o(.text), UNUSED)
<BR><BR>[Calls]<UL><LI><a href="#[64]">&gt;&gt;</a>&nbsp;&nbsp;&nbsp;ADVTIM_SelectInputTrigger
</UL>

<P><STRONG><a name="[65]"></a>ADVTIM_TIxExternalClockConfig</STRONG> (Thumb, 48 bytes, Stack size 16 bytes, cx32l003_advtim.o(.text), UNUSED)
<BR><BR>[Calls]<UL><LI><a href="#[64]">&gt;&gt;</a>&nbsp;&nbsp;&nbsp;ADVTIM_SelectInputTrigger
<LI><a href="#[5c]">&gt;&gt;</a>&nbsp;&nbsp;&nbsp;TI1_Config
<LI><a href="#[5e]">&gt;&gt;</a>&nbsp;&nbsp;&nbsp;TI2_Config
</UL>

<P><STRONG><a name="[67]"></a>ADVTIM_ETRConfig</STRONG> (Thumb, 20 bytes, Stack size 8 bytes, cx32l003_advtim.o(.text), UNUSED)
<BR><BR>[Called By]<UL><LI><a href="#[68]">&gt;&gt;</a>&nbsp;&nbsp;&nbsp;ADVTIM_ETRClockMode2Config
<LI><a href="#[66]">&gt;&gt;</a>&nbsp;&nbsp;&nbsp;ADVTIM_ETRClockMode1Config
</UL>

<P><STRONG><a name="[66]"></a>ADVTIM_ETRClockMode1Config</STRONG> (Thumb, 30 bytes, Stack size 8 bytes, cx32l003_advtim.o(.text), UNUSED)
<BR><BR>[Calls]<UL><LI><a href="#[67]">&gt;&gt;</a>&nbsp;&nbsp;&nbsp;ADVTIM_ETRConfig
</UL>

<P><STRONG><a name="[68]"></a>ADVTIM_ETRClockMode2Config</STRONG> (Thumb, 20 bytes, Stack size 8 bytes, cx32l003_advtim.o(.text), UNUSED)
<BR><BR>[Calls]<UL><LI><a href="#[67]">&gt;&gt;</a>&nbsp;&nbsp;&nbsp;ADVTIM_ETRConfig
</UL>

<P><STRONG><a name="[211]"></a>ADVTIM_PrescalerConfig</STRONG> (Thumb, 6 bytes, Stack size 0 bytes, cx32l003_advtim.o(.text), UNUSED)

<P><STRONG><a name="[212]"></a>ADVTIM_CounterModeConfig</STRONG> (Thumb, 14 bytes, Stack size 0 bytes, cx32l003_advtim.o(.text), UNUSED)

<P><STRONG><a name="[213]"></a>ADVTIM_EncoderInterfaceConfig</STRONG> (Thumb, 50 bytes, Stack size 16 bytes, cx32l003_advtim.o(.text), UNUSED)

<P><STRONG><a name="[214]"></a>ADVTIM_ForcedOC1Config</STRONG> (Thumb, 14 bytes, Stack size 0 bytes, cx32l003_advtim.o(.text), UNUSED)

<P><STRONG><a name="[215]"></a>ADVTIM_ForcedOC2Config</STRONG> (Thumb, 18 bytes, Stack size 0 bytes, cx32l003_advtim.o(.text), UNUSED)

<P><STRONG><a name="[216]"></a>ADVTIM_ForcedOC3Config</STRONG> (Thumb, 14 bytes, Stack size 0 bytes, cx32l003_advtim.o(.text), UNUSED)

<P><STRONG><a name="[217]"></a>ADVTIM_ForcedOC4Config</STRONG> (Thumb, 18 bytes, Stack size 0 bytes, cx32l003_advtim.o(.text), UNUSED)

<P><STRONG><a name="[218]"></a>ADVTIM_ARRPreloadConfig</STRONG> (Thumb, 22 bytes, Stack size 0 bytes, cx32l003_advtim.o(.text), UNUSED)

<P><STRONG><a name="[219]"></a>ADVTIM_SelectCOM</STRONG> (Thumb, 22 bytes, Stack size 0 bytes, cx32l003_advtim.o(.text), UNUSED)

<P><STRONG><a name="[21a]"></a>ADVTIM_SelectCCDMA</STRONG> (Thumb, 22 bytes, Stack size 0 bytes, cx32l003_advtim.o(.text), UNUSED)

<P><STRONG><a name="[21b]"></a>ADVTIM_CCPreloadControl</STRONG> (Thumb, 20 bytes, Stack size 0 bytes, cx32l003_advtim.o(.text), UNUSED)

<P><STRONG><a name="[21c]"></a>ADVTIM_OC1PreloadConfig</STRONG> (Thumb, 14 bytes, Stack size 0 bytes, cx32l003_advtim.o(.text), UNUSED)

<P><STRONG><a name="[21d]"></a>ADVTIM_OC2PreloadConfig</STRONG> (Thumb, 18 bytes, Stack size 0 bytes, cx32l003_advtim.o(.text), UNUSED)

<P><STRONG><a name="[21e]"></a>ADVTIM_OC3PreloadConfig</STRONG> (Thumb, 14 bytes, Stack size 0 bytes, cx32l003_advtim.o(.text), UNUSED)

<P><STRONG><a name="[21f]"></a>ADVTIM_OC4PreloadConfig</STRONG> (Thumb, 18 bytes, Stack size 0 bytes, cx32l003_advtim.o(.text), UNUSED)

<P><STRONG><a name="[220]"></a>ADVTIM_OC1FastConfig</STRONG> (Thumb, 14 bytes, Stack size 0 bytes, cx32l003_advtim.o(.text), UNUSED)

<P><STRONG><a name="[221]"></a>ADVTIM_OC2FastConfig</STRONG> (Thumb, 20 bytes, Stack size 0 bytes, cx32l003_advtim.o(.text), UNUSED)

<P><STRONG><a name="[222]"></a>ADVTIM_OC3FastConfig</STRONG> (Thumb, 14 bytes, Stack size 0 bytes, cx32l003_advtim.o(.text), UNUSED)

<P><STRONG><a name="[223]"></a>ADVTIM_OC4FastConfig</STRONG> (Thumb, 20 bytes, Stack size 0 bytes, cx32l003_advtim.o(.text), UNUSED)

<P><STRONG><a name="[224]"></a>ADVTIM_ClearOC1Ref</STRONG> (Thumb, 14 bytes, Stack size 0 bytes, cx32l003_advtim.o(.text), UNUSED)

<P><STRONG><a name="[225]"></a>ADVTIM_ClearOC2Ref</STRONG> (Thumb, 16 bytes, Stack size 0 bytes, cx32l003_advtim.o(.text), UNUSED)

<P><STRONG><a name="[226]"></a>ADVTIM_ClearOC3Ref</STRONG> (Thumb, 14 bytes, Stack size 0 bytes, cx32l003_advtim.o(.text), UNUSED)

<P><STRONG><a name="[227]"></a>ADVTIM_ClearOC4Ref</STRONG> (Thumb, 16 bytes, Stack size 0 bytes, cx32l003_advtim.o(.text), UNUSED)

<P><STRONG><a name="[228]"></a>ADVTIM_OC1PolarityConfig</STRONG> (Thumb, 14 bytes, Stack size 0 bytes, cx32l003_advtim.o(.text), UNUSED)

<P><STRONG><a name="[229]"></a>ADVTIM_OC1NPolarityConfig</STRONG> (Thumb, 14 bytes, Stack size 0 bytes, cx32l003_advtim.o(.text), UNUSED)

<P><STRONG><a name="[22a]"></a>ADVTIM_OC2PolarityConfig</STRONG> (Thumb, 18 bytes, Stack size 0 bytes, cx32l003_advtim.o(.text), UNUSED)

<P><STRONG><a name="[22b]"></a>ADVTIM_OC2NPolarityConfig</STRONG> (Thumb, 18 bytes, Stack size 0 bytes, cx32l003_advtim.o(.text), UNUSED)

<P><STRONG><a name="[22c]"></a>ADVTIM_OC3PolarityConfig</STRONG> (Thumb, 18 bytes, Stack size 0 bytes, cx32l003_advtim.o(.text), UNUSED)

<P><STRONG><a name="[22d]"></a>ADVTIM_OC3NPolarityConfig</STRONG> (Thumb, 18 bytes, Stack size 0 bytes, cx32l003_advtim.o(.text), UNUSED)

<P><STRONG><a name="[22e]"></a>ADVTIM_OC4PolarityConfig</STRONG> (Thumb, 18 bytes, Stack size 0 bytes, cx32l003_advtim.o(.text), UNUSED)

<P><STRONG><a name="[22f]"></a>ADVTIM_CCxCmd</STRONG> (Thumb, 28 bytes, Stack size 8 bytes, cx32l003_advtim.o(.text), UNUSED)

<P><STRONG><a name="[230]"></a>ADVTIM_CCxNCmd</STRONG> (Thumb, 28 bytes, Stack size 8 bytes, cx32l003_advtim.o(.text), UNUSED)

<P><STRONG><a name="[231]"></a>ADVTIM_SelectOCxM</STRONG> (Thumb, 74 bytes, Stack size 12 bytes, cx32l003_advtim.o(.text), UNUSED)

<P><STRONG><a name="[232]"></a>ADVTIM_UpdateDisableConfig</STRONG> (Thumb, 22 bytes, Stack size 0 bytes, cx32l003_advtim.o(.text), UNUSED)

<P><STRONG><a name="[233]"></a>ADVTIM_UpdateRequestConfig</STRONG> (Thumb, 22 bytes, Stack size 0 bytes, cx32l003_advtim.o(.text), UNUSED)

<P><STRONG><a name="[234]"></a>ADVTIM_SelectHallSensor</STRONG> (Thumb, 22 bytes, Stack size 0 bytes, cx32l003_advtim.o(.text), UNUSED)

<P><STRONG><a name="[235]"></a>ADVTIM_SelectOnePulseMode</STRONG> (Thumb, 42 bytes, Stack size 0 bytes, cx32l003_advtim.o(.text), UNUSED)

<P><STRONG><a name="[236]"></a>ADVTIM_SelectOutputTrigger</STRONG> (Thumb, 16 bytes, Stack size 0 bytes, cx32l003_advtim.o(.text), UNUSED)

<P><STRONG><a name="[237]"></a>ADVTIM_SelectSlaveMode</STRONG> (Thumb, 18 bytes, Stack size 0 bytes, cx32l003_advtim.o(.text), UNUSED)

<P><STRONG><a name="[238]"></a>ADVTIM_SelectMasterSlaveMode</STRONG> (Thumb, 18 bytes, Stack size 0 bytes, cx32l003_advtim.o(.text), UNUSED)

<P><STRONG><a name="[239]"></a>ADVTIM_SetCounter</STRONG> (Thumb, 4 bytes, Stack size 0 bytes, cx32l003_advtim.o(.text), UNUSED)

<P><STRONG><a name="[23a]"></a>ADVTIM_SetAutoreload</STRONG> (Thumb, 4 bytes, Stack size 0 bytes, cx32l003_advtim.o(.text), UNUSED)

<P><STRONG><a name="[23b]"></a>ADVTIM_SetCompare1</STRONG> (Thumb, 4 bytes, Stack size 0 bytes, cx32l003_advtim.o(.text), UNUSED)

<P><STRONG><a name="[23c]"></a>ADVTIM_SetCompare2</STRONG> (Thumb, 4 bytes, Stack size 0 bytes, cx32l003_advtim.o(.text), UNUSED)

<P><STRONG><a name="[23d]"></a>ADVTIM_SetCompare3</STRONG> (Thumb, 4 bytes, Stack size 0 bytes, cx32l003_advtim.o(.text), UNUSED)

<P><STRONG><a name="[23e]"></a>ADVTIM_SetCompare4</STRONG> (Thumb, 4 bytes, Stack size 0 bytes, cx32l003_advtim.o(.text), UNUSED)

<P><STRONG><a name="[23f]"></a>ADVTIM_SetClockDivision</STRONG> (Thumb, 16 bytes, Stack size 0 bytes, cx32l003_advtim.o(.text), UNUSED)

<P><STRONG><a name="[240]"></a>ADVTIM_GetCapture1</STRONG> (Thumb, 6 bytes, Stack size 0 bytes, cx32l003_advtim.o(.text), UNUSED)

<P><STRONG><a name="[241]"></a>ADVTIM_GetCapture2</STRONG> (Thumb, 6 bytes, Stack size 0 bytes, cx32l003_advtim.o(.text), UNUSED)

<P><STRONG><a name="[242]"></a>ADVTIM_GetCapture3</STRONG> (Thumb, 6 bytes, Stack size 0 bytes, cx32l003_advtim.o(.text), UNUSED)

<P><STRONG><a name="[243]"></a>ADVTIM_GetCapture4</STRONG> (Thumb, 6 bytes, Stack size 0 bytes, cx32l003_advtim.o(.text), UNUSED)

<P><STRONG><a name="[244]"></a>ADVTIM_GetCounter</STRONG> (Thumb, 6 bytes, Stack size 0 bytes, cx32l003_advtim.o(.text), UNUSED)

<P><STRONG><a name="[245]"></a>ADVTIM_GetPrescaler</STRONG> (Thumb, 6 bytes, Stack size 0 bytes, cx32l003_advtim.o(.text), UNUSED)

<P><STRONG><a name="[246]"></a>ADVTIM_GetFlagStatus</STRONG> (Thumb, 14 bytes, Stack size 0 bytes, cx32l003_advtim.o(.text), UNUSED)

<P><STRONG><a name="[247]"></a>ADVTIM_ClearFlag</STRONG> (Thumb, 8 bytes, Stack size 0 bytes, cx32l003_advtim.o(.text), UNUSED)

<P><STRONG><a name="[248]"></a>ADVTIM_GetITStatus</STRONG> (Thumb, 24 bytes, Stack size 0 bytes, cx32l003_advtim.o(.text), UNUSED)

<P><STRONG><a name="[249]"></a>ADVTIM_ClearITPendingBit</STRONG> (Thumb, 8 bytes, Stack size 0 bytes, cx32l003_advtim.o(.text), UNUSED)

<P><STRONG><a name="[69]"></a>BASIC_TIM_Mode_Config</STRONG> (Thumb, 138 bytes, Stack size 48 bytes, user_basetime.o(.text))
<BR><BR>[Stack]<UL><LI>Max Depth = 64<LI>Call Chain = BASIC_TIM_Mode_Config &rArr; NVIC_Init
</UL>
<BR>[Calls]<UL><LI><a href="#[6e]">&gt;&gt;</a>&nbsp;&nbsp;&nbsp;userNVICPrioirySetting
<LI><a href="#[6d]">&gt;&gt;</a>&nbsp;&nbsp;&nbsp;NVIC_Init
<LI><a href="#[6c]">&gt;&gt;</a>&nbsp;&nbsp;&nbsp;NVIC_PriorityGroupConfig
<LI><a href="#[6b]">&gt;&gt;</a>&nbsp;&nbsp;&nbsp;TIM_SetTimerLoadRegister
<LI><a href="#[6f]">&gt;&gt;</a>&nbsp;&nbsp;&nbsp;TIM_ITConfig
<LI><a href="#[70]">&gt;&gt;</a>&nbsp;&nbsp;&nbsp;TIM_Cmd
<LI><a href="#[6a]">&gt;&gt;</a>&nbsp;&nbsp;&nbsp;TIM_TimeBaseInit
</UL>
<BR>[Called By]<UL><LI><a href="#[3b]">&gt;&gt;</a>&nbsp;&nbsp;&nbsp;main
</UL>

<P><STRONG><a name="[1f]"></a>TIMER10_IRQHandler</STRONG> (Thumb, 26 bytes, Stack size 8 bytes, user_basetime.o(.text))
<BR><BR>[Stack]<UL><LI>Max Depth = 8<LI>Call Chain = TIMER10_IRQHandler
</UL>
<BR>[Calls]<UL><LI><a href="#[71]">&gt;&gt;</a>&nbsp;&nbsp;&nbsp;TIM_ClearITFlag
</UL>
<BR>[Address Reference Count : 1]<UL><LI> startup_cx32l003.o(RESET)
</UL>
<P><STRONG><a name="[6e]"></a>userNVICPrioirySetting</STRONG> (Thumb, 52 bytes, Stack size 8 bytes, user_exti.o(.text))
<BR><BR>[Stack]<UL><LI>Max Depth = 8<LI>Call Chain = userNVICPrioirySetting
</UL>
<BR>[Called By]<UL><LI><a href="#[72]">&gt;&gt;</a>&nbsp;&nbsp;&nbsp;EXTI_Key_Config
<LI><a href="#[69]">&gt;&gt;</a>&nbsp;&nbsp;&nbsp;BASIC_TIM_Mode_Config
<LI><a href="#[13c]">&gt;&gt;</a>&nbsp;&nbsp;&nbsp;IIC_Init
</UL>

<P><STRONG><a name="[72]"></a>EXTI_Key_Config</STRONG> (Thumb, 126 bytes, Stack size 32 bytes, user_exti.o(.text))
<BR><BR>[Stack]<UL><LI>Max Depth = 48<LI>Call Chain = EXTI_Key_Config &rArr; NVIC_Init
</UL>
<BR>[Calls]<UL><LI><a href="#[73]">&gt;&gt;</a>&nbsp;&nbsp;&nbsp;GPIO_EXTILineConfig
<LI><a href="#[6e]">&gt;&gt;</a>&nbsp;&nbsp;&nbsp;userNVICPrioirySetting
<LI><a href="#[6d]">&gt;&gt;</a>&nbsp;&nbsp;&nbsp;NVIC_Init
<LI><a href="#[6c]">&gt;&gt;</a>&nbsp;&nbsp;&nbsp;NVIC_PriorityGroupConfig
</UL>
<BR>[Called By]<UL><LI><a href="#[3b]">&gt;&gt;</a>&nbsp;&nbsp;&nbsp;main
</UL>

<P><STRONG><a name="[14]"></a>GPIOA_IRQHandler</STRONG> (Thumb, 4 bytes, Stack size 0 bytes, user_exti.o(.text))
<BR><BR>[Stack]<UL><LI>Max Depth = 16<LI>Call Chain = GPIOA_IRQHandler &rArr; GPIO_IRQHandler &rArr; entryNormalModeChk
</UL>
<BR>[Calls]<UL><LI><a href="#[74]">&gt;&gt;</a>&nbsp;&nbsp;&nbsp;GPIO_IRQHandler
</UL>
<BR>[Address Reference Count : 1]<UL><LI> startup_cx32l003.o(RESET)
</UL>
<P><STRONG><a name="[15]"></a>GPIOB_IRQHandler</STRONG> (Thumb, 4 bytes, Stack size 0 bytes, user_exti.o(.text))
<BR><BR>[Stack]<UL><LI>Max Depth = 16<LI>Call Chain = GPIOB_IRQHandler &rArr; GPIO_IRQHandler &rArr; entryNormalModeChk
</UL>
<BR>[Calls]<UL><LI><a href="#[74]">&gt;&gt;</a>&nbsp;&nbsp;&nbsp;GPIO_IRQHandler
</UL>
<BR>[Address Reference Count : 1]<UL><LI> startup_cx32l003.o(RESET)
</UL>
<P><STRONG><a name="[16]"></a>GPIOC_IRQHandler</STRONG> (Thumb, 4 bytes, Stack size 0 bytes, user_exti.o(.text))
<BR><BR>[Stack]<UL><LI>Max Depth = 16<LI>Call Chain = GPIOC_IRQHandler &rArr; GPIO_IRQHandler &rArr; entryNormalModeChk
</UL>
<BR>[Calls]<UL><LI><a href="#[74]">&gt;&gt;</a>&nbsp;&nbsp;&nbsp;GPIO_IRQHandler
</UL>
<BR>[Address Reference Count : 1]<UL><LI> startup_cx32l003.o(RESET)
</UL>
<P><STRONG><a name="[17]"></a>GPIOD_IRQHandler</STRONG> (Thumb, 4 bytes, Stack size 0 bytes, user_exti.o(.text))
<BR><BR>[Stack]<UL><LI>Max Depth = 16<LI>Call Chain = GPIOD_IRQHandler &rArr; GPIO_IRQHandler &rArr; entryNormalModeChk
</UL>
<BR>[Calls]<UL><LI><a href="#[74]">&gt;&gt;</a>&nbsp;&nbsp;&nbsp;GPIO_IRQHandler
</UL>
<BR>[Address Reference Count : 1]<UL><LI> startup_cx32l003.o(RESET)
</UL>
<P><STRONG><a name="[24a]"></a>readInternalFlashData</STRONG> (Thumb, 4 bytes, Stack size 0 bytes, user_internalflash.o(.text), UNUSED)

<P><STRONG><a name="[92]"></a>readInternalFlashWrod</STRONG> (Thumb, 4 bytes, Stack size 0 bytes, user_internalflash.o(.text))
<BR><BR>[Called By]<UL><LI><a href="#[91]">&gt;&gt;</a>&nbsp;&nbsp;&nbsp;setSystemLIRC
</UL>

<P><STRONG><a name="[24b]"></a>readInternalFlashByte</STRONG> (Thumb, 4 bytes, Stack size 0 bytes, user_internalflash.o(.text), UNUSED)

<P><STRONG><a name="[77]"></a>EraseFlash</STRONG> (Thumb, 18 bytes, Stack size 8 bytes, user_internalflash.o(.text), UNUSED)
<BR><BR>[Calls]<UL><LI><a href="#[78]">&gt;&gt;</a>&nbsp;&nbsp;&nbsp;FLASH_ClearFlag
<LI><a href="#[45]">&gt;&gt;</a>&nbsp;&nbsp;&nbsp;FLASH_EraseSector
</UL>

<P><STRONG><a name="[53]"></a>StoreExceptions2Flash</STRONG> (Thumb, 48 bytes, Stack size 16 bytes, user_internalflash.o(.text))
<BR><BR>[Stack]<UL><LI>Max Depth = 96<LI>Call Chain = StoreExceptions2Flash &rArr; writeEepromData &rArr; MasterWriteBytes &rArr; IIC_Wait_Ack &rArr; IIC_Stop
</UL>
<BR>[Calls]<UL><LI><a href="#[7a]">&gt;&gt;</a>&nbsp;&nbsp;&nbsp;writeEepromData
<LI><a href="#[7b]">&gt;&gt;</a>&nbsp;&nbsp;&nbsp;free
<LI><a href="#[79]">&gt;&gt;</a>&nbsp;&nbsp;&nbsp;malloc
</UL>
<BR>[Called By]<UL><LI><a href="#[55]">&gt;&gt;</a>&nbsp;&nbsp;&nbsp;MemManage_Handler
<LI><a href="#[10]">&gt;&gt;</a>&nbsp;&nbsp;&nbsp;HardFault_Handler
<LI><a href="#[b3]">&gt;&gt;</a>&nbsp;&nbsp;&nbsp;autoSaveFunc
</UL>

<P><STRONG><a name="[7c]"></a>LoadExceptionsFromFlash</STRONG> (Thumb, 66 bytes, Stack size 24 bytes, user_internalflash.o(.text))
<BR><BR>[Stack]<UL><LI>Max Depth = 136<LI>Call Chain = LoadExceptionsFromFlash &rArr; readEepromData &rArr; MasterReadBytes &rArr; IIC_Read_Byte &rArr; IIC_NAck
</UL>
<BR>[Calls]<UL><LI><a href="#[7d]">&gt;&gt;</a>&nbsp;&nbsp;&nbsp;readEepromData
<LI><a href="#[7e]">&gt;&gt;</a>&nbsp;&nbsp;&nbsp;__aeabi_memcpy
<LI><a href="#[7b]">&gt;&gt;</a>&nbsp;&nbsp;&nbsp;free
<LI><a href="#[79]">&gt;&gt;</a>&nbsp;&nbsp;&nbsp;malloc
</UL>
<BR>[Called By]<UL><LI><a href="#[7f]">&gt;&gt;</a>&nbsp;&nbsp;&nbsp;exceptionsCheck
</UL>

<P><STRONG><a name="[7f]"></a>exceptionsCheck</STRONG> (Thumb, 36 bytes, Stack size 8 bytes, user_internalflash.o(.text))
<BR><BR>[Stack]<UL><LI>Max Depth = 144<LI>Call Chain = exceptionsCheck &rArr; LoadExceptionsFromFlash &rArr; readEepromData &rArr; MasterReadBytes &rArr; IIC_Read_Byte &rArr; IIC_NAck
</UL>
<BR>[Calls]<UL><LI><a href="#[7c]">&gt;&gt;</a>&nbsp;&nbsp;&nbsp;LoadExceptionsFromFlash
</UL>
<BR>[Called By]<UL><LI><a href="#[3b]">&gt;&gt;</a>&nbsp;&nbsp;&nbsp;main
</UL>

<P><STRONG><a name="[80]"></a>Enter_DeepSleep</STRONG> (Thumb, 24 bytes, Stack size 8 bytes, user_lptimer.o(.text))
<BR><BR>[Stack]<UL><LI>Max Depth = 8<LI>Call Chain = Enter_DeepSleep
</UL>
<BR>[Calls]<UL><LI><a href="#[81]">&gt;&gt;</a>&nbsp;&nbsp;&nbsp;LPTIMER_Cmd
</UL>
<BR>[Called By]<UL><LI><a href="#[b4]">&gt;&gt;</a>&nbsp;&nbsp;&nbsp;fucnPer50ms
<LI><a href="#[ae]">&gt;&gt;</a>&nbsp;&nbsp;&nbsp;systemPowerDown
</UL>

<P><STRONG><a name="[82]"></a>Enter_Sleep</STRONG> (Thumb, 24 bytes, Stack size 8 bytes, user_lptimer.o(.text), UNUSED)
<BR><BR>[Calls]<UL><LI><a href="#[81]">&gt;&gt;</a>&nbsp;&nbsp;&nbsp;LPTIMER_Cmd
</UL>

<P><STRONG><a name="[83]"></a>TEST_SETLPTIMERGATE</STRONG> (Thumb, 90 bytes, Stack size 8 bytes, user_lptimer.o(.text), UNUSED)
<BR><BR>[Calls]<UL><LI><a href="#[84]">&gt;&gt;</a>&nbsp;&nbsp;&nbsp;GPIO_PinAFConfig
<LI><a href="#[85]">&gt;&gt;</a>&nbsp;&nbsp;&nbsp;SYSCTRL_IPTIM_GateConfig
</UL>

<P><STRONG><a name="[86]"></a>LPTIMER_Config</STRONG> (Thumb, 120 bytes, Stack size 56 bytes, user_lptimer.o(.text))
<BR><BR>[Stack]<UL><LI>Max Depth = 76<LI>Call Chain = LPTIMER_Config &rArr; GPIO_Init
</UL>
<BR>[Calls]<UL><LI><a href="#[89]">&gt;&gt;</a>&nbsp;&nbsp;&nbsp;LPTIMER_LoadConfig
<LI><a href="#[8a]">&gt;&gt;</a>&nbsp;&nbsp;&nbsp;LPTIMER_BGloadConfig
<LI><a href="#[8b]">&gt;&gt;</a>&nbsp;&nbsp;&nbsp;LPTIMER_ITConfig
<LI><a href="#[81]">&gt;&gt;</a>&nbsp;&nbsp;&nbsp;LPTIMER_Cmd
<LI><a href="#[87]">&gt;&gt;</a>&nbsp;&nbsp;&nbsp;LPTIMER_Init
<LI><a href="#[88]">&gt;&gt;</a>&nbsp;&nbsp;&nbsp;GPIO_Init
<LI><a href="#[6d]">&gt;&gt;</a>&nbsp;&nbsp;&nbsp;NVIC_Init
<LI><a href="#[6c]">&gt;&gt;</a>&nbsp;&nbsp;&nbsp;NVIC_PriorityGroupConfig
</UL>
<BR>[Called By]<UL><LI><a href="#[3b]">&gt;&gt;</a>&nbsp;&nbsp;&nbsp;main
</UL>

<P><STRONG><a name="[21]"></a>LPTIMER_IRQHandler</STRONG> (Thumb, 126 bytes, Stack size 16 bytes, user_lptimer.o(.text))
[...]
<LI><a href="#[12e]">&gt;&gt;</a>&nbsp;&nbsp;&nbsp;hsb2Rgb
</UL>

<P><STRONG><a name="[278]"></a>_f2d</STRONG> (Thumb, 80 bytes, Stack size 0 bytes, f2d.o(.text), UNUSED)

<P><STRONG><a name="[c9]"></a>__aeabi_fdiv</STRONG> (Thumb, 0 bytes, Stack size 20 bytes, fdiv.o(.text))
<BR><BR>[Stack]<UL><LI>Max Depth = 20<LI>Call Chain = __aeabi_fdiv
</UL>
<BR>[Called By]<UL><LI><a href="#[c7]">&gt;&gt;</a>&nbsp;&nbsp;&nbsp;calcBattVolt
<LI><a href="#[a2]">&gt;&gt;</a>&nbsp;&nbsp;&nbsp;updateLEDStts
<LI><a href="#[9c]">&gt;&gt;</a>&nbsp;&nbsp;&nbsp;setWarmData
<LI><a href="#[9b]">&gt;&gt;</a>&nbsp;&nbsp;&nbsp;setCoolData
<LI><a href="#[12e]">&gt;&gt;</a>&nbsp;&nbsp;&nbsp;hsb2Rgb
<LI><a href="#[12b]">&gt;&gt;</a>&nbsp;&nbsp;&nbsp;setBlueData
<LI><a href="#[129]">&gt;&gt;</a>&nbsp;&nbsp;&nbsp;setGreenData
<LI><a href="#[128]">&gt;&gt;</a>&nbsp;&nbsp;&nbsp;setRedData
<LI><a href="#[d9]">&gt;&gt;</a>&nbsp;&nbsp;&nbsp;updateColorTemp
<LI><a href="#[d7]">&gt;&gt;</a>&nbsp;&nbsp;&nbsp;setTargeColorTempData
</UL>

<P><STRONG><a name="[160]"></a>_fdiv</STRONG> (Thumb, 334 bytes, Stack size 20 bytes, fdiv.o(.text), UNUSED)
<BR><BR>[Called By]<UL><LI><a href="#[15f]">&gt;&gt;</a>&nbsp;&nbsp;&nbsp;_frdiv
</UL>

<P><STRONG><a name="[15f]"></a>_frdiv</STRONG> (Thumb, 8 bytes, Stack size 0 bytes, fdiv.o(.text), UNUSED)
<BR><BR>[Calls]<UL><LI><a href="#[160]">&gt;&gt;</a>&nbsp;&nbsp;&nbsp;_fdiv
</UL>

<P><STRONG><a name="[d6]"></a>__aeabi_f2uiz</STRONG> (Thumb, 0 bytes, Stack size 0 bytes, ffixui.o(.text))
<BR><BR>[Called By]<UL><LI><a href="#[d3]">&gt;&gt;</a>&nbsp;&nbsp;&nbsp;colorTemperatureAdjustSlowFunc
<LI><a href="#[123]">&gt;&gt;</a>&nbsp;&nbsp;&nbsp;updatePWMChlDuty
<LI><a href="#[12e]">&gt;&gt;</a>&nbsp;&nbsp;&nbsp;hsb2Rgb
<LI><a href="#[12d]">&gt;&gt;</a>&nbsp;&nbsp;&nbsp;updateColor
<LI><a href="#[d9]">&gt;&gt;</a>&nbsp;&nbsp;&nbsp;updateColorTemp
<LI><a href="#[d7]">&gt;&gt;</a>&nbsp;&nbsp;&nbsp;setTargeColorTempData
</UL>

<P><STRONG><a name="[279]"></a>_ffixu</STRONG> (Thumb, 48 bytes, Stack size 0 bytes, ffixui.o(.text), UNUSED)

<P><STRONG><a name="[161]"></a>__aeabi_i2f_normalise</STRONG> (Thumb, 72 bytes, Stack size 0 bytes, fflti.o(.text))
<BR><BR>[Called By]<UL><LI><a href="#[d4]">&gt;&gt;</a>&nbsp;&nbsp;&nbsp;__aeabi_ui2f
<LI><a href="#[d8]">&gt;&gt;</a>&nbsp;&nbsp;&nbsp;__aeabi_i2f
</UL>

<P><STRONG><a name="[d8]"></a>__aeabi_i2f</STRONG> (Thumb, 16 bytes, Stack size 0 bytes, fflti.o(.text))
<BR><BR>[Calls]<UL><LI><a href="#[161]">&gt;&gt;</a>&nbsp;&nbsp;&nbsp;__aeabi_i2f_normalise
</UL>
<BR>[Called By]<UL><LI><a href="#[a2]">&gt;&gt;</a>&nbsp;&nbsp;&nbsp;updateLEDStts
<LI><a href="#[12e]">&gt;&gt;</a>&nbsp;&nbsp;&nbsp;hsb2Rgb
</UL>

<P><STRONG><a name="[27a]"></a>_fflt</STRONG> (Thumb, 0 bytes, Stack size 0 bytes, fflti.o(.text), UNUSED)

<P><STRONG><a name="[d4]"></a>__aeabi_ui2f</STRONG> (Thumb, 6 bytes, Stack size 0 bytes, fflti.o(.text))
<BR><BR>[Calls]<UL><LI><a href="#[161]">&gt;&gt;</a>&nbsp;&nbsp;&nbsp;__aeabi_i2f_normalise
</UL>
<BR>[Called By]<UL><LI><a href="#[d3]">&gt;&gt;</a>&nbsp;&nbsp;&nbsp;colorTemperatureAdjustSlowFunc
<LI><a href="#[a2]">&gt;&gt;</a>&nbsp;&nbsp;&nbsp;updateLEDStts
<LI><a href="#[9c]">&gt;&gt;</a>&nbsp;&nbsp;&nbsp;setWarmData
<LI><a href="#[9b]">&gt;&gt;</a>&nbsp;&nbsp;&nbsp;setCoolData
<LI><a href="#[123]">&gt;&gt;</a>&nbsp;&nbsp;&nbsp;updatePWMChlDuty
<LI><a href="#[12e]">&gt;&gt;</a>&nbsp;&nbsp;&nbsp;hsb2Rgb
<LI><a href="#[12d]">&gt;&gt;</a>&nbsp;&nbsp;&nbsp;updateColor
<LI><a href="#[12b]">&gt;&gt;</a>&nbsp;&nbsp;&nbsp;setBlueData
<LI><a href="#[129]">&gt;&gt;</a>&nbsp;&nbsp;&nbsp;setGreenData
<LI><a href="#[128]">&gt;&gt;</a>&nbsp;&nbsp;&nbsp;setRedData
<LI><a href="#[d9]">&gt;&gt;</a>&nbsp;&nbsp;&nbsp;updateColorTemp
<LI><a href="#[d7]">&gt;&gt;</a>&nbsp;&nbsp;&nbsp;setTargeColorTempData
</UL>

<P><STRONG><a name="[27b]"></a>_ffltu</STRONG> (Thumb, 0 bytes, Stack size 0 bytes, fflti.o(.text), UNUSED)

<P><STRONG><a name="[ca]"></a>__ARM_scalbnf</STRONG> (Thumb, 64 bytes, Stack size 8 bytes, fscalbn.o(.text))
<BR><BR>[Stack]<UL><LI>Max Depth = 8<LI>Call Chain = __ARM_scalbnf
</UL>
<BR>[Called By]<UL><LI><a href="#[c7]">&gt;&gt;</a>&nbsp;&nbsp;&nbsp;calcBattVolt
</UL>

<P><STRONG><a name="[153]"></a>__rt_heap_descriptor</STRONG> (Thumb, 8 bytes, Stack size 0 bytes, rt_heap_descriptor_intlibspace.o(.text))
<BR><BR>[Called By]<UL><LI><a href="#[35]">&gt;&gt;</a>&nbsp;&nbsp;&nbsp;_init_alloc
<LI><a href="#[7b]">&gt;&gt;</a>&nbsp;&nbsp;&nbsp;free
<LI><a href="#[79]">&gt;&gt;</a>&nbsp;&nbsp;&nbsp;malloc
</UL>

<P><STRONG><a name="[27c]"></a>__use_no_heap</STRONG> (Thumb, 2 bytes, Stack size 0 bytes, hguard.o(.text), UNUSED)

<P><STRONG><a name="[27d]"></a>__heap$guard</STRONG> (Thumb, 2 bytes, Stack size 0 bytes, hguard.o(.text), UNUSED)

<P><STRONG><a name="[c]"></a>_terminate_user_alloc</STRONG> (Thumb, 2 bytes, Stack size 0 bytes, init_alloc.o(.text), UNUSED)

<P><STRONG><a name="[8]"></a>_init_user_alloc</STRONG> (Thumb, 2 bytes, Stack size 0 bytes, init_alloc.o(.text), UNUSED)

<P><STRONG><a name="[154]"></a>__Heap_Full</STRONG> (Thumb, 32 bytes, Stack size 16 bytes, init_alloc.o(.text))
<BR><BR>[Stack]<UL><LI>Max Depth = 40<LI>Call Chain = __Heap_Full &rArr; __Heap_ProvideMemory &rArr; free
</UL>
<BR>[Calls]<UL><LI><a href="#[162]">&gt;&gt;</a>&nbsp;&nbsp;&nbsp;__Heap_ProvideMemory
</UL>
<BR>[Called By]<UL><LI><a href="#[79]">&gt;&gt;</a>&nbsp;&nbsp;&nbsp;malloc
</UL>

<P><STRONG><a name="[163]"></a>__Heap_Broken</STRONG> (Thumb, 10 bytes, Stack size 8 bytes, init_alloc.o(.text), UNUSED)
<BR><BR>[Calls]<UL><LI><a href="#[164]">&gt;&gt;</a>&nbsp;&nbsp;&nbsp;__rt_SIGRTMEM
</UL>

<P><STRONG><a name="[35]"></a>_init_alloc</STRONG> (Thumb, 90 bytes, Stack size 24 bytes, init_alloc.o(.text))
<BR><BR>[Stack]<UL><LI>Max Depth = 64<LI>Call Chain = _init_alloc &rArr; __rt_SIGRTMEM &rArr; __rt_SIGRTMEM_inner &rArr; __default_signal_display &rArr; _ttywrch
</UL>
<BR>[Calls]<UL><LI><a href="#[165]">&gt;&gt;</a>&nbsp;&nbsp;&nbsp;__Heap_Initialize
<LI><a href="#[153]">&gt;&gt;</a>&nbsp;&nbsp;&nbsp;__rt_heap_descriptor
<LI><a href="#[164]">&gt;&gt;</a>&nbsp;&nbsp;&nbsp;__rt_SIGRTMEM
<LI><a href="#[162]">&gt;&gt;</a>&nbsp;&nbsp;&nbsp;__Heap_ProvideMemory
</UL>
<BR>[Called By]<UL><LI><a href="#[34]">&gt;&gt;</a>&nbsp;&nbsp;&nbsp;__rt_lib_init_heap_2
</UL>

<P><STRONG><a name="[165]"></a>__Heap_Initialize</STRONG> (Thumb, 10 bytes, Stack size 0 bytes, h1_init.o(.text))
<BR><BR>[Called By]<UL><LI><a href="#[35]">&gt;&gt;</a>&nbsp;&nbsp;&nbsp;_init_alloc
</UL>

<P><STRONG><a name="[6]"></a>__Heap_DescSize</STRONG> (Thumb, 4 bytes, Stack size 0 bytes, h1_init.o(.text), UNUSED)

<P><STRONG><a name="[166]"></a>__fpl_fcmp_InfNaN</STRONG> (Thumb, 96 bytes, Stack size 8 bytes, fcmpin.o(.text), UNUSED)
<BR><BR>[Calls]<UL><LI><a href="#[168]">&gt;&gt;</a>&nbsp;&nbsp;&nbsp;__fpl_fcheck_NaN2
<LI><a href="#[167]">&gt;&gt;</a>&nbsp;&nbsp;&nbsp;__fpl_cmpreturn
</UL>
<BR>[Called By]<UL><LI><a href="#[174]">&gt;&gt;</a>&nbsp;&nbsp;&nbsp;_frcmple
</UL>

<P><STRONG><a name="[27e]"></a>__user_libspace</STRONG> (Thumb, 8 bytes, Stack size 0 bytes, libspace.o(.text), UNUSED)

<P><STRONG><a name="[16c]"></a>__user_perproc_libspace</STRONG> (Thumb, 0 bytes, Stack size 0 bytes, libspace.o(.text))
<BR><BR>[Called By]<UL><LI><a href="#[37]">&gt;&gt;</a>&nbsp;&nbsp;&nbsp;__user_setup_stackheap
</UL>

<P><STRONG><a name="[27f]"></a>__user_perthread_libspace</STRONG> (Thumb, 0 bytes, Stack size 0 bytes, libspace.o(.text), UNUSED)

<P><STRONG><a name="[162]"></a>__Heap_ProvideMemory</STRONG> (Thumb, 52 bytes, Stack size 8 bytes, h1_extend.o(.text))
<BR><BR>[Stack]<UL><LI>Max Depth = 24<LI>Call Chain = __Heap_ProvideMemory &rArr; free
</UL>
<BR>[Calls]<UL><LI><a href="#[7b]">&gt;&gt;</a>&nbsp;&nbsp;&nbsp;free
</UL>
<BR>[Called By]<UL><LI><a href="#[35]">&gt;&gt;</a>&nbsp;&nbsp;&nbsp;_init_alloc
<LI><a href="#[154]">&gt;&gt;</a>&nbsp;&nbsp;&nbsp;__Heap_Full
</UL>

<P><STRONG><a name="[164]"></a>__rt_SIGRTMEM</STRONG> (Thumb, 12 bytes, Stack size 8 bytes, defsig_rtmem_outer.o(.text))
<BR><BR>[Stack]<UL><LI>Max Depth = 40<LI>Call Chain = __rt_SIGRTMEM &rArr; __rt_SIGRTMEM_inner &rArr; __default_signal_display &rArr; _ttywrch
</UL>
<BR>[Calls]<UL><LI><a href="#[169]">&gt;&gt;</a>&nbsp;&nbsp;&nbsp;__rt_SIGRTMEM_inner
<LI><a href="#[16a]">&gt;&gt;</a>&nbsp;&nbsp;&nbsp;__sig_exit
</UL>
<BR>[Called By]<UL><LI><a href="#[35]">&gt;&gt;</a>&nbsp;&nbsp;&nbsp;_init_alloc
<LI><a href="#[163]">&gt;&gt;</a>&nbsp;&nbsp;&nbsp;__Heap_Broken
</UL>

<P><STRONG><a name="[167]"></a>__fpl_cmpreturn</STRONG> (Thumb, 46 bytes, Stack size 0 bytes, cmpret.o(.text), UNUSED)
<BR><BR>[Called By]<UL><LI><a href="#[16b]">&gt;&gt;</a>&nbsp;&nbsp;&nbsp;__fpl_return_NaN
<LI><a href="#[166]">&gt;&gt;</a>&nbsp;&nbsp;&nbsp;__fpl_fcmp_InfNaN
</UL>

<P><STRONG><a name="[168]"></a>__fpl_fcheck_NaN2</STRONG> (Thumb, 10 bytes, Stack size 8 bytes, fnan2.o(.text), UNUSED)
<BR><BR>[Calls]<UL><LI><a href="#[16b]">&gt;&gt;</a>&nbsp;&nbsp;&nbsp;__fpl_return_NaN
</UL>
<BR>[Called By]<UL><LI><a href="#[166]">&gt;&gt;</a>&nbsp;&nbsp;&nbsp;__fpl_fcmp_InfNaN
</UL>

<P><STRONG><a name="[280]"></a>__I$use$semihosting</STRONG> (Thumb, 0 bytes, Stack size 0 bytes, use_no_semi.o(.text), UNUSED)

<P><STRONG><a name="[281]"></a>__use_no_semihosting_swi</STRONG> (Thumb, 2 bytes, Stack size 0 bytes, use_no_semi.o(.text), UNUSED)

<P><STRONG><a name="[282]"></a>__semihosting_library_function</STRONG> (Thumb, 0 bytes, Stack size 8 bytes, indicate_semi.o(.text), UNUSED)

<P><STRONG><a name="[37]"></a>__user_setup_stackheap</STRONG> (Thumb, 62 bytes, Stack size 8 bytes, sys_stackheap_outer.o(.text))
<BR><BR>[Stack]<UL><LI>Max Depth = 8<LI>Call Chain = __user_setup_stackheap
</UL>
<BR>[Calls]<UL><LI><a href="#[16d]">&gt;&gt;</a>&nbsp;&nbsp;&nbsp;__user_initial_stackheap
<LI><a href="#[16c]">&gt;&gt;</a>&nbsp;&nbsp;&nbsp;__user_perproc_libspace
</UL>
<BR>[Called By]<UL><LI><a href="#[36]">&gt;&gt;</a>&nbsp;&nbsp;&nbsp;__rt_entry_sh
</UL>

<P><STRONG><a name="[3c]"></a>exit</STRONG> (Thumb, 16 bytes, Stack size 8 bytes, exit.o(.text))
<BR><BR>[Stack]<UL><LI>Max Depth = 8 + Unknown Stack Size
<LI>Call Chain = exit
</UL>
<BR>[Calls]<UL><LI><a href="#[16f]">&gt;&gt;</a>&nbsp;&nbsp;&nbsp;__rt_exit
<LI><a href="#[16e]">&gt;&gt;</a>&nbsp;&nbsp;&nbsp;_call_atexit_fns (Weak Reference)
</UL>
<BR>[Called By]<UL><LI><a href="#[3a]">&gt;&gt;</a>&nbsp;&nbsp;&nbsp;__rt_entry_main
</UL>

<P><STRONG><a name="[16a]"></a>__sig_exit</STRONG> (Thumb, 12 bytes, Stack size 8 bytes, defsig_exit.o(.text))
<BR><BR>[Stack]<UL><LI>Max Depth = 8<LI>Call Chain = __sig_exit
</UL>
<BR>[Calls]<UL><LI><a href="#[40]">&gt;&gt;</a>&nbsp;&nbsp;&nbsp;_sys_exit
</UL>
<BR>[Called By]<UL><LI><a href="#[164]">&gt;&gt;</a>&nbsp;&nbsp;&nbsp;__rt_SIGRTMEM
</UL>

<P><STRONG><a name="[169]"></a>__rt_SIGRTMEM_inner</STRONG> (Thumb, 22 bytes, Stack size 8 bytes, defsig_rtmem_inner.o(.text))
<BR><BR>[Stack]<UL><LI>Max Depth = 32<LI>Call Chain = __rt_SIGRTMEM_inner &rArr; __default_signal_display &rArr; _ttywrch
</UL>
<BR>[Calls]<UL><LI><a href="#[170]">&gt;&gt;</a>&nbsp;&nbsp;&nbsp;__default_signal_display
</UL>
<BR>[Called By]<UL><LI><a href="#[164]">&gt;&gt;</a>&nbsp;&nbsp;&nbsp;__rt_SIGRTMEM
</UL>

<P><STRONG><a name="[16b]"></a>__fpl_return_NaN</STRONG> (Thumb, 94 bytes, Stack size 8 bytes, retnan.o(.text), UNUSED)
<BR><BR>[Calls]<UL><LI><a href="#[167]">&gt;&gt;</a>&nbsp;&nbsp;&nbsp;__fpl_cmpreturn
</UL>
<BR>[Called By]<UL><LI><a href="#[168]">&gt;&gt;</a>&nbsp;&nbsp;&nbsp;__fpl_fcheck_NaN2
</UL>

<P><STRONG><a name="[40]"></a>_sys_exit</STRONG> (Thumb, 8 bytes, Stack size 0 bytes, sys_exit.o(.text))
<BR><BR>[Called By]<UL><LI><a href="#[3f]">&gt;&gt;</a>&nbsp;&nbsp;&nbsp;__rt_exit_exit
<LI><a href="#[16a]">&gt;&gt;</a>&nbsp;&nbsp;&nbsp;__sig_exit
</UL>

<P><STRONG><a name="[170]"></a>__default_signal_display</STRONG> (Thumb, 52 bytes, Stack size 16 bytes, defsig_general.o(.text))
<BR><BR>[Stack]<UL><LI>Max Depth = 24<LI>Call Chain = __default_signal_display &rArr; _ttywrch
</UL>
<BR>[Calls]<UL><LI><a href="#[171]">&gt;&gt;</a>&nbsp;&nbsp;&nbsp;_ttywrch
</UL>
<BR>[Called By]<UL><LI><a href="#[169]">&gt;&gt;</a>&nbsp;&nbsp;&nbsp;__rt_SIGRTMEM_inner
</UL>

<P><STRONG><a name="[171]"></a>_ttywrch</STRONG> (Thumb, 12 bytes, Stack size 8 bytes, sys_wrch.o(.text))
<BR><BR>[Stack]<UL><LI>Max Depth = 8<LI>Call Chain = _ttywrch
</UL>
<BR>[Called By]<UL><LI><a href="#[170]">&gt;&gt;</a>&nbsp;&nbsp;&nbsp;__default_signal_display
</UL>

<P><STRONG><a name="[283]"></a>__decompress</STRONG> (Thumb, 0 bytes, Stack size unknown bytes, __dczerorl2.o(.text), UNUSED)

<P><STRONG><a name="[284]"></a>__decompress1</STRONG> (Thumb, 86 bytes, Stack size unknown bytes, __dczerorl2.o(.text), UNUSED)

<P><STRONG><a name="[90]"></a>__ARM_common_switch8</STRONG> (Thumb, 26 bytes, Stack size 8 bytes, user_sysclock.o(i.__ARM_common_switch8))
<BR><BR>[Stack]<UL><LI>Max Depth = 8<LI>Call Chain = __ARM_common_switch8
</UL>
<BR>[Called By]<UL><LI><a href="#[da]">&gt;&gt;</a>&nbsp;&nbsp;&nbsp;factoryModeCoolDownFunc
<LI><a href="#[8e]">&gt;&gt;</a>&nbsp;&nbsp;&nbsp;setSystemHIRC
<LI><a href="#[12e]">&gt;&gt;</a>&nbsp;&nbsp;&nbsp;hsb2Rgb
</UL>

<P><STRONG><a name="[d5]"></a>__aeabi_fadd</STRONG> (Thumb, 0 bytes, Stack size 16 bytes, faddsub.o(x$fpl$fadd))
<BR><BR>[Stack]<UL><LI>Max Depth = 16<LI>Call Chain = __aeabi_fadd
</UL>
<BR>[Called By]<UL><LI><a href="#[d3]">&gt;&gt;</a>&nbsp;&nbsp;&nbsp;colorTemperatureAdjustSlowFunc
<LI><a href="#[12e]">&gt;&gt;</a>&nbsp;&nbsp;&nbsp;hsb2Rgb
<LI><a href="#[d9]">&gt;&gt;</a>&nbsp;&nbsp;&nbsp;updateColorTemp
<LI><a href="#[d7]">&gt;&gt;</a>&nbsp;&nbsp;&nbsp;setTargeColorTempData
</UL>

<P><STRONG><a name="[172]"></a>_fadd</STRONG> (Thumb, 134 bytes, Stack size 16 bytes, faddsub.o(x$fpl$fadd), UNUSED)
<BR><BR>[Calls]<UL><LI><a href="#[173]">&gt;&gt;</a>&nbsp;&nbsp;&nbsp;_fsub1
</UL>

<P><STRONG><a name="[c8]"></a>__aeabi_fmul</STRONG> (Thumb, 0 bytes, Stack size 16 bytes, fmul.o(x$fpl$fmul))
<BR><BR>[Stack]<UL><LI>Max Depth = 16<LI>Call Chain = __aeabi_fmul
</UL>
<BR>[Called By]<UL><LI><a href="#[d3]">&gt;&gt;</a>&nbsp;&nbsp;&nbsp;colorTemperatureAdjustSlowFunc
<LI><a href="#[cb]">&gt;&gt;</a>&nbsp;&nbsp;&nbsp;battVoltCompensation
<LI><a href="#[c7]">&gt;&gt;</a>&nbsp;&nbsp;&nbsp;calcBattVolt
<LI><a href="#[123]">&gt;&gt;</a>&nbsp;&nbsp;&nbsp;updatePWMChlDuty
<LI><a href="#[12e]">&gt;&gt;</a>&nbsp;&nbsp;&nbsp;hsb2Rgb
<LI><a href="#[12d]">&gt;&gt;</a>&nbsp;&nbsp;&nbsp;updateColor
<LI><a href="#[d9]">&gt;&gt;</a>&nbsp;&nbsp;&nbsp;updateColorTemp
<LI><a href="#[d7]">&gt;&gt;</a>&nbsp;&nbsp;&nbsp;setTargeColorTempData
</UL>

<P><STRONG><a name="[285]"></a>_fmul</STRONG> (Thumb, 172 bytes, Stack size 16 bytes, fmul.o(x$fpl$fmul), UNUSED)

<P><STRONG><a name="[d1]"></a>__aeabi_cfrcmple</STRONG> (Thumb, 0 bytes, Stack size 8 bytes, frlef.o(x$fpl$frleqf))
<BR><BR>[Stack]<UL><LI>Max Depth = 8<LI>Call Chain = __aeabi_cfrcmple
</UL>
<BR>[Called By]<UL><LI><a href="#[d0]">&gt;&gt;</a>&nbsp;&nbsp;&nbsp;chkLightEffectModeVoltCompensation
</UL>

<P><STRONG><a name="[174]"></a>_frcmple</STRONG> (Thumb, 84 bytes, Stack size 8 bytes, frlef.o(x$fpl$frleqf), UNUSED)
<BR><BR>[Calls]<UL><LI><a href="#[166]">&gt;&gt;</a>&nbsp;&nbsp;&nbsp;__fpl_fcmp_InfNaN
</UL>

<P><STRONG><a name="[122]"></a>__aeabi_frsub</STRONG> (Thumb, 0 bytes, Stack size 16 bytes, faddsub.o(x$fpl$frsb))
<BR><BR>[Stack]<UL><LI>Max Depth = 16<LI>Call Chain = __aeabi_frsub
</UL>
<BR>[Called By]<UL><LI><a href="#[12e]">&gt;&gt;</a>&nbsp;&nbsp;&nbsp;hsb2Rgb
<LI><a href="#[126]">&gt;&gt;</a>&nbsp;&nbsp;&nbsp;setGreenDuty
<LI><a href="#[121]">&gt;&gt;</a>&nbsp;&nbsp;&nbsp;setCoolDuty
</UL>

<P><STRONG><a name="[175]"></a>_frsb</STRONG> (Thumb, 24 bytes, Stack size 16 bytes, faddsub.o(x$fpl$frsb), UNUSED)
<BR><BR>[Calls]<UL><LI><a href="#[173]">&gt;&gt;</a>&nbsp;&nbsp;&nbsp;_fsub1
<LI><a href="#[176]">&gt;&gt;</a>&nbsp;&nbsp;&nbsp;_fadd1
</UL>

<P><STRONG><a name="[12a]"></a>__aeabi_fsub</STRONG> (Thumb, 0 bytes, Stack size 16 bytes, faddsub.o(x$fpl$fsub), UNUSED)
<BR><BR>[Called By]<UL><LI><a href="#[12e]">&gt;&gt;</a>&nbsp;&nbsp;&nbsp;hsb2Rgb
<LI><a href="#[129]">&gt;&gt;</a>&nbsp;&nbsp;&nbsp;setGreenData
</UL>

<P><STRONG><a name="[177]"></a>_fsub</STRONG> (Thumb, 204 bytes, Stack size 16 bytes, faddsub.o(x$fpl$fsub), UNUSED)
<BR><BR>[Calls]<UL><LI><a href="#[176]">&gt;&gt;</a>&nbsp;&nbsp;&nbsp;_fadd1
</UL>
<P>
<H3>
Local Symbols
</H3>
<P><STRONG><a name="[54]"></a>__NVIC_SystemReset</STRONG> (Thumb, 18 bytes, Stack size 0 bytes, cx32l003_it.o(.text))
<BR><BR>[Called By]<UL><LI><a href="#[57]">&gt;&gt;</a>&nbsp;&nbsp;&nbsp;UsageFault_Handler
<LI><a href="#[56]">&gt;&gt;</a>&nbsp;&nbsp;&nbsp;BusFault_Handler
<LI><a href="#[55]">&gt;&gt;</a>&nbsp;&nbsp;&nbsp;MemManage_Handler
<LI><a href="#[10]">&gt;&gt;</a>&nbsp;&nbsp;&nbsp;HardFault_Handler
</UL>

<P><STRONG><a name="[5e]"></a>TI2_Config</STRONG> (Thumb, 76 bytes, Stack size 20 bytes, cx32l003_advtim.o(.text), UNUSED)
<BR><BR>[Called By]<UL><LI><a href="#[65]">&gt;&gt;</a>&nbsp;&nbsp;&nbsp;ADVTIM_TIxExternalClockConfig
<LI><a href="#[62]">&gt;&gt;</a>&nbsp;&nbsp;&nbsp;ADVTIM_PWMIConfig
<LI><a href="#[5b]">&gt;&gt;</a>&nbsp;&nbsp;&nbsp;ADVTIM_ICInit
</UL>

<P><STRONG><a name="[5c]"></a>TI1_Config</STRONG> (Thumb, 62 bytes, Stack size 16 bytes, cx32l003_advtim.o(.text), UNUSED)
<BR><BR>[Called By]<UL><LI><a href="#[65]">&gt;&gt;</a>&nbsp;&nbsp;&nbsp;ADVTIM_TIxExternalClockConfig
<LI><a href="#[62]">&gt;&gt;</a>&nbsp;&nbsp;&nbsp;ADVTIM_PWMIConfig
<LI><a href="#[5b]">&gt;&gt;</a>&nbsp;&nbsp;&nbsp;ADVTIM_ICInit
</UL>

<P><STRONG><a name="[74]"></a>GPIO_IRQHandler</STRONG> (Thumb, 194 bytes, Stack size 8 bytes, user_exti.o(.text))
<BR><BR>[Stack]<UL><LI>Max Depth = 16<LI>Call Chain = GPIO_IRQHandler &rArr; entryNormalModeChk
</UL>
<BR>[Calls]<UL><LI><a href="#[76]">&gt;&gt;</a>&nbsp;&nbsp;&nbsp;setPowerKeyPressedFlag
<LI><a href="#[75]">&gt;&gt;</a>&nbsp;&nbsp;&nbsp;entryNormalModeChk
</UL>
<BR>[Called By]<UL><LI><a href="#[17]">&gt;&gt;</a>&nbsp;&nbsp;&nbsp;GPIOD_IRQHandler
<LI><a href="#[16]">&gt;&gt;</a>&nbsp;&nbsp;&nbsp;GPIOC_IRQHandler
<LI><a href="#[15]">&gt;&gt;</a>&nbsp;&nbsp;&nbsp;GPIOB_IRQHandler
<LI><a href="#[14]">&gt;&gt;</a>&nbsp;&nbsp;&nbsp;GPIOA_IRQHandler
</UL>

<P><STRONG><a name="[158]"></a>_dadd1</STRONG> (Thumb, 290 bytes, Stack size 20 bytes, daddsub.o(.text), UNUSED)
<BR><BR>[Called By]<UL><LI><a href="#[15a]">&gt;&gt;</a>&nbsp;&nbsp;&nbsp;_drsb
<LI><a href="#[159]">&gt;&gt;</a>&nbsp;&nbsp;&nbsp;_dsub
<LI><a href="#[156]">&gt;&gt;</a>&nbsp;&nbsp;&nbsp;_dadd
</UL>

<P><STRONG><a name="[157]"></a>_dsub1</STRONG> (Thumb, 470 bytes, Stack size 40 bytes, daddsub.o(.text), UNUSED)
<BR><BR>[Called By]<UL><LI><a href="#[15a]">&gt;&gt;</a>&nbsp;&nbsp;&nbsp;_drsb
<LI><a href="#[159]">&gt;&gt;</a>&nbsp;&nbsp;&nbsp;_dsub
<LI><a href="#[156]">&gt;&gt;</a>&nbsp;&nbsp;&nbsp;_dadd
</UL>

<P><STRONG><a name="[176]"></a>_fadd1</STRONG> (Thumb, 0 bytes, Stack size unknown bytes, faddsub.o(x$fpl$fadd), UNUSED)
<BR><BR>[Called By]<UL><LI><a href="#[177]">&gt;&gt;</a>&nbsp;&nbsp;&nbsp;_fsub
<LI><a href="#[175]">&gt;&gt;</a>&nbsp;&nbsp;&nbsp;_frsb
</UL>

<P><STRONG><a name="[173]"></a>_fsub1</STRONG> (Thumb, 0 bytes, Stack size unknown bytes, faddsub.o(x$fpl$fsub), UNUSED)
<BR><BR>[Called By]<UL><LI><a href="#[175]">&gt;&gt;</a>&nbsp;&nbsp;&nbsp;_frsb
<LI><a href="#[172]">&gt;&gt;</a>&nbsp;&nbsp;&nbsp;_fadd
</UL>
<P>
<H3>
Undefined Global Symbols
</H3>
<P><STRONG><a name="[16e]"></a>_call_atexit_fns</STRONG> (ARM, 0 bytes, Stack size 0 bytes, UNDEFINED)
<BR><BR>[Called By]<UL><LI><a href="#[3c]">&gt;&gt;</a>&nbsp;&nbsp;&nbsp;exit
</UL>
<HR></body></html>
