Component: ARM Compiler 5.06 update 6 (build 750) Tool: armlink [4d35ed]

==============================================================================

Section Cross References

    startup_cx32l003.o(STACK) refers (Special) to heapauxi.o(.text) for __use_two_region_memory
    startup_cx32l003.o(HEAP) refers (Special) to heapauxi.o(.text) for __use_two_region_memory
    startup_cx32l003.o(RESET) refers (Special) to heapauxi.o(.text) for __use_two_region_memory
    startup_cx32l003.o(RESET) refers to startup_cx32l003.o(STACK) for __initial_sp
    startup_cx32l003.o(RESET) refers to startup_cx32l003.o(.text) for Reset_Handler
    startup_cx32l003.o(RESET) refers to cx32l003_it.o(.text) for NMI_Handler
    startup_cx32l003.o(RESET) refers to user_exti.o(.text) for GPIOA_IRQHandler
    startup_cx32l003.o(RESET) refers to user_uart.o(.text) for UART0_IRQHandler
    startup_cx32l003.o(RESET) refers to user_spi.o(.text) for SPI0COMB_IRQHandler
    startup_cx32l003.o(RESET) refers to user_basetime.o(.text) for TIMER10_IRQHandler
    startup_cx32l003.o(RESET) refers to user_lptimer.o(.text) for LPTIMER_IRQHandler
    startup_cx32l003.o(RESET) refers to user_awk.o(.text) for AWK_IRQHandler
    startup_cx32l003.o(.text) refers (Special) to heapauxi.o(.text) for __use_two_region_memory
    startup_cx32l003.o(.text) refers to __main.o(!!!main) for __main
    startup_cx32l003.o(.text) refers to startup_cx32l003.o(HEAP) for Heap_Mem
    startup_cx32l003.o(.text) refers to startup_cx32l003.o(STACK) for Stack_Mem
    cx32l003_adc.o(.text) refers to cx32l003_rcc.o(.text) for RCC_PeriphResetCmd
    cx32l003_beeper.o(.text) refers to cx32l003_rcc.o(.text) for RCC_PeriphResetCmd
    cx32l003_crc.o(.text) refers to cx32l003_rcc.o(.text) for RCC_PeriphResetCmd
    cx32l003_gpio.o(.text) refers to cx32l003_rcc.o(.text) for RCC_PeriphResetCmd
    cx32l003_i2c.o(.text) refers to cx32l003_rcc.o(.text) for RCC_PeriphResetCmd
    cx32l003_i2c.o(.text) refers to dflti.o(.text) for __aeabi_ui2d
    cx32l003_i2c.o(.text) refers to ddiv.o(.text) for __aeabi_ddiv
    cx32l003_i2c.o(.text) refers to daddsub.o(.text) for __aeabi_dadd
    cx32l003_i2c.o(.text) refers to dfixui.o(.text) for __aeabi_d2uiz
    cx32l003_lpuart.o(.text) refers to cx32l003_rcc.o(.text) for RCC_PeriphResetCmd
    cx32l003_lpuart.o(.text) refers to dflti.o(.text) for __aeabi_ui2d
    cx32l003_lpuart.o(.text) refers to dmul.o(.text) for __aeabi_dmul
    cx32l003_lpuart.o(.text) refers to ddiv.o(.text) for __aeabi_ddiv
    cx32l003_lpuart.o(.text) refers to daddsub.o(.text) for __aeabi_dadd
    cx32l003_lpuart.o(.text) refers to d2f.o(.text) for __aeabi_d2f
    cx32l003_lpuart.o(.text) refers to ffixi.o(.text) for __aeabi_f2iz
    cx32l003_owire.o(.text) refers to aeabi_sdiv.o(.text) for __aeabi_uidivmod
    cx32l003_owire.o(.text) refers to dflti.o(.text) for __aeabi_ui2d
    cx32l003_owire.o(.text) refers to dmul.o(.text) for __aeabi_dmul
    cx32l003_owire.o(.text) refers to daddsub.o(.text) for __aeabi_dadd
    cx32l003_owire.o(.text) refers to dfixui.o(.text) for __aeabi_d2uiz
    cx32l003_spi.o(.text) refers to cx32l003_rcc.o(.text) for RCC_PeriphResetCmd
    cx32l003_syscon.o(.text) refers to cx32l003_rcc.o(.text) for RCC_PeriphResetCmd
    cx32l003_timer.o(.text) refers to cx32l003_rcc.o(.text) for RCC_PeriphResetCmd
    cx32l003_uart.o(.text) refers to cx32l003_rcc.o(.text) for RCC_PeriphResetCmd
    cx32l003_uart.o(.text) refers to dflti.o(.text) for __aeabi_ui2d
    cx32l003_uart.o(.text) refers to dmul.o(.text) for __aeabi_dmul
    cx32l003_uart.o(.text) refers to ddiv.o(.text) for __aeabi_ddiv
    cx32l003_uart.o(.text) refers to daddsub.o(.text) for __aeabi_dadd
    cx32l003_uart.o(.text) refers to d2f.o(.text) for __aeabi_d2f
    cx32l003_uart.o(.text) refers to ffixi.o(.text) for __aeabi_f2iz
    cx32l003_wwdt.o(.text) refers to cx32l003_rcc.o(.text) for RCC_PeriphResetCmd
    user_basetime.o(.text) refers to misc.o(.text) for NVIC_PriorityGroupConfig
    user_basetime.o(.text) refers to user_exti.o(.text) for userNVICPrioirySetting
    user_basetime.o(.text) refers to cx32l003_timer.o(.text) for TIM_TimeBaseInit
    user_basetime.o(.text) refers to user_menu.o(.bss) for sysTimes
    user_basetime.o(.text) refers to user_basetime.o(.data) for BASIC_TIMFLag
    user_exti.o(.text) refers to misc.o(.text) for NVIC_PriorityGroupConfig
    user_exti.o(.text) refers to cx32l003_exti.o(.text) for GPIO_EXTILineConfig
    user_exti.o(.text) refers to user_menu.o(.text) for entryNormalModeChk
    user_exti.o(.text) refers to user_key.o(.text) for setDecKeyPressedFlag
    user_exti.o(.text) refers to communication.o(.text) for dataReceiveFunc
    user_exti.o(.text) refers to user_menu.o(.data) for fIsSystemOff
    user_exti.o(.text) refers to user_exti.o(.data) for EXTI_IT_FLAG
    user_lptimer.o(.text) refers to cx32l003_lptimer.o(.text) for LPTIMER_Cmd
[...]
    .text                                    0x00006bc6   Section        0  indicate_semi.o(.text)
    .text                                    0x00006bc6   Section        0  __dczerorl2.o(.text)
    i.__ARM_common_switch8                   0x00006c1c   Section        0  user_sysclock.o(i.__ARM_common_switch8)
    x$fpl$dleqf                              0x00006c38   Section      100  dlef.o(x$fpl$dleqf)
    x$fpl$drleqf                             0x00006c9c   Section      104  drlef.o(x$fpl$drleqf)
    x$fpl$fadd                               0x00006d04   Section      140  faddsub.o(x$fpl$fadd)
    _fadd1                                   0x00006d11   Thumb Code     0  faddsub.o(x$fpl$fadd)
    x$fpl$fmul                               0x00006d90   Section      176  fmul.o(x$fpl$fmul)
    x$fpl$frleqf                             0x00006e40   Section       88  frlef.o(x$fpl$frleqf)
    x$fpl$frsb                               0x00006e98   Section       24  faddsub.o(x$fpl$frsb)
    x$fpl$fsub                               0x00006eb0   Section      208  faddsub.o(x$fpl$fsub)
    _fsub1                                   0x00006ebd   Thumb Code     0  faddsub.o(x$fpl$fsub)
    .constdata                               0x00006f80   Section     4243  user_lcd.o(.constdata)
    x$fpl$usenofp                            0x00006f80   Section        0  usenofp.o(x$fpl$usenofp)
    .constdata                               0x00008014   Section      580  user_color.o(.constdata)
    .constdata                               0x00008258   Section      128  ddiv.o(.constdata)
    ddiv_reciptbl                            0x00008258   Data         128  ddiv.o(.constdata)
    .constdata                               0x000082d8   Section       64  fdiv.o(.constdata)
    fdiv_tab                                 0x000082d8   Data          64  fdiv.o(.constdata)
    .data                                    0x20000000   Section        4  user_basetime.o(.data)
    .data                                    0x20000004   Section        2  user_exti.o(.data)
    .data                                    0x20000006   Section        2  user_lptimer.o(.data)
    .data                                    0x20000008   Section      180  user_key.o(.data)
    vIsSetKeyGod                             0x20000009   Data           1  user_key.o(.data)
    vSetKeyTimer                             0x2000000a   Data           2  user_key.o(.data)
    vIsIncKeyGod                             0x2000000c   Data           1  user_key.o(.data)
    vIncKeyTimer                             0x2000000e   Data           2  user_key.o(.data)
    vIsDecKeyGod                             0x20000010   Data           1  user_key.o(.data)
    vDecKeyTimer                             0x20000012   Data           2  user_key.o(.data)
    vIsSwitchKeyGod                          0x20000014   Data           1  user_key.o(.data)
    vSwitchKeyTimer                          0x20000016   Data           2  user_key.o(.data)
    fIsSwitchKeyGroupA                       0x2000001a   Data           1  user_key.o(.data)
    .data                                    0x200000bc   Section      181  user_menu.o(.data)
    .data                                    0x20000174   Section        4  user_awk.o(.data)
    .data                                    0x20000178   Section        3  user_spi.o(.data)
    .data                                    0x2000017c   Section       13  user_uart.o(.data)
    .data                                    0x2000018c   Section       11  user_charge.o(.data)
    .data                                    0x20000198   Section       12  communication.o(.data)
    .bss                                     0x200001a4   Section      180  user_menu.o(.bss)
    .bss                                     0x20000258   Section      100  user_uart.o(.bss)
    .bss                                     0x200002bc   Section        9  communication.o(.bss)
    .bss                                     0x200002c8   Section       96  libspace.o(.bss)
    HEAP                                     0x20000328   Section     1024  startup_cx32l003.o(HEAP)
    Heap_Mem                                 0x20000328   Data        1024  startup_cx32l003.o(HEAP)
    STACK                                    0x20000728   Section     1024  startup_cx32l003.o(STACK)
    Stack_Mem                                0x20000728   Data        1024  startup_cx32l003.o(STACK)
    __initial_sp                             0x20000b28   Data           0  startup_cx32l003.o(STACK)

    Global Symbols

    Symbol Name                              Value     Ov Type        Size  Object(Section)

    BuildAttributes$$THM_ISAv3M$S$PE$A:L22$X:L11$S22$IEEE1$IW$USESV6$~STKCKD$USESV7$~SHL$OSPACE$ROPI$EBA8$UX$STANDARDLIB$REQ8$PRES8$EABIv2 0x00000000   Number         0  anon$$obj.o ABSOLUTE
    __ARM_use_no_argv                        0x00000000   Number         0  main.o ABSOLUTE
    __Vectors                                0x00000000   Data           4  startup_cx32l003.o(RESET)
    __ARM_exceptions_init                     - Undefined Weak Reference
    __alloca_initialize                       - Undefined Weak Reference
    __arm_preinit_                            - Undefined Weak Reference
    __cpp_initialize__aeabi_                  - Undefined Weak Reference
    __cxa_finalize                            - Undefined Weak Reference
    __rt_locale                               - Undefined Weak Reference
    __sigvec_lookup                           - Undefined Weak Reference
    _atexit_init                              - Undefined Weak Reference
    _call_atexit_fns                          - Undefined Weak Reference
    _clock_init                               - Undefined Weak Reference
    _fp_trap_init                             - Undefined Weak Reference
    _fp_trap_shutdown                         - Undefined Weak Reference
    _get_lc_collate                           - Undefined Weak Reference
    _get_lc_ctype                             - Undefined Weak Reference
    _get_lc_monetary                          - Undefined Weak Reference
    _get_lc_numeric                           - Undefined Weak Reference
    _get_lc_time                              - Undefined Weak Reference
    _getenv_init                              - Undefined Weak Reference
    _handle_redirection                       - Undefined Weak Reference
    _init_alloc                               - Undefined Weak Reference
    _init_user_alloc                          - Undefined Weak Reference
    _initio                                   - Undefined Weak Reference
    _rand_init                                - Undefined Weak Reference
    _signal_finish                            - Undefined Weak Reference
    _signal_init                              - Undefined Weak Reference
    _terminate_alloc                          - Undefined Weak Reference
    _terminate_user_alloc                     - Undefined Weak Reference
    _terminateio                              - Undefined Weak Reference
    __Vectors_End                            0x000000c0   Data           0  startup_cx32l003.o(RESET)
    __Vectors_Size                           0x000000c0   Number         0  startup_cx32l003.o ABSOLUTE
    __main                                   0x000000c1   Thumb Code     8  __main.o(!!!main)
    __scatterload                            0x000000c9   Thumb Code     0  __scatter.o(!!!scatter)
    __scatterload_rt2                        0x000000c9   Thumb Code    52  __scatter.o(!!!scatter)
    __scatterload_rt2_thumb_only             0x000000c9   Thumb Code     0  __scatter.o(!!!scatter)
    __scatterload_null                       0x000000d9   Thumb Code     0  __scatter.o(!!!scatter)
    __scatterload_zeroinit                   0x00000105   Thumb Code    28  __scatter_zi.o(!!handler_zi)
    __rt_lib_init                            0x00000121   Thumb Code     0  libinit.o(.ARM.Collect$$libinit$$00000000)
    __rt_lib_init_alloca_1                   0x00000123   Thumb Code     0  libinit2.o(.ARM.Collect$$libinit$$0000002E)
    __rt_lib_init_argv_1                     0x00000123   Thumb Code     0  libinit2.o(.ARM.Collect$$libinit$$0000002C)
    __rt_lib_init_atexit_1                   0x00000123   Thumb Code     0  libinit2.o(.ARM.Collect$$libinit$$0000001B)
    __rt_lib_init_clock_1                    0x00000123   Thumb Code     0  libinit2.o(.ARM.Collect$$libinit$$00000021)
    __rt_lib_init_cpp_1                      0x00000123   Thumb Code     0  libinit2.o(.ARM.Collect$$libinit$$00000032)
    __rt_lib_init_exceptions_1               0x00000123   Thumb Code     0  libinit2.o(.ARM.Collect$$libinit$$00000030)
    __rt_lib_init_fp_1                       0x00000123   Thumb Code     0  libinit2.o(.ARM.Collect$$libinit$$00000002)
    __rt_lib_init_fp_trap_1                  0x00000123   Thumb Code     0  libinit2.o(.ARM.Collect$$libinit$$0000001F)
    __rt_lib_init_getenv_1                   0x00000123   Thumb Code     0  libinit2.o(.ARM.Collect$$libinit$$00000023)
    __rt_lib_init_heap_1                     0x00000123   Thumb Code     0  libinit2.o(.ARM.Collect$$libinit$$0000000A)
    __rt_lib_init_lc_collate_1               0x00000123   Thumb Code     0  libinit2.o(.ARM.Collect$$libinit$$00000011)
    __rt_lib_init_lc_ctype_1                 0x00000123   Thumb Code     0  libinit2.o(.ARM.Collect$$libinit$$00000013)
    __rt_lib_init_lc_monetary_1              0x00000123   Thumb Code     0  libinit2.o(.ARM.Collect$$libinit$$00000015)
    __rt_lib_init_lc_numeric_1               0x00000123   Thumb Code     0  libinit2.o(.ARM.Collect$$libinit$$00000017)
    __rt_lib_init_lc_time_1                  0x00000123   Thumb Code     0  libinit2.o(.ARM.Collect$$libinit$$00000019)
    __rt_lib_init_preinit_1                  0x00000123   Thumb Code     0  libinit2.o(.ARM.Collect$$libinit$$00000004)
    __rt_lib_init_rand_1                     0x00000123   Thumb Code     0  libinit2.o(.ARM.Collect$$libinit$$0000000E)
    __rt_lib_init_return                     0x00000123   Thumb Code     0  libinit2.o(.ARM.Collect$$libinit$$00000033)
    __rt_lib_init_signal_1                   0x00000123   Thumb Code     0  libinit2.o(.ARM.Collect$$libinit$$0000001D)
    __rt_lib_init_stdio_1                    0x00000123   Thumb Code     0  libinit2.o(.ARM.Collect$$libinit$$00000025)
    __rt_lib_init_user_alloc_1               0x00000123   Thumb Code     0  libinit2.o(.ARM.Collect$$libinit$$0000000C)
    __rt_lib_shutdown                        0x00000125   Thumb Code     0  libshutdown.o(.ARM.Collect$$libshutdown$$00000000)
    __rt_lib_shutdown_cpp_1                  0x00000127   Thumb Code     0  libshutdown2.o(.ARM.Collect$$libshutdown$$00000002)
    __rt_lib_shutdown_fp_trap_1              0x00000127   Thumb Code     0  libshutdown2.o(.ARM.Collect$$libshutdown$$00000007)
    __rt_lib_shutdown_heap_1                 0x00000127   Thumb Code     0  libshutdown2.o(.ARM.Collect$$libshutdown$$0000000F)
    __rt_lib_shutdown_return                 0x00000127   Thumb Code     0  libshutdown2.o(.ARM.Collect$$libshutdown$$00000010)
    __rt_lib_shutdown_signal_1               0x00000127   Thumb Code     0  libshutdown2.o(.ARM.Collect$$libshutdown$$0000000A)
    __rt_lib_shutdown_stdio_1                0x00000127   Thumb Code     0  libshutdown2.o(.ARM.Collect$$libshutdown$$00000004)
    __rt_lib_shutdown_user_alloc_1           0x00000127   Thumb Code     0  libshutdown2.o(.ARM.Collect$$libshutdown$$0000000C)
    __rt_entry                               0x00000129   Thumb Code     0  __rtentry.o(.ARM.Collect$$rtentry$$00000000)
    __rt_entry_presh_1                       0x00000129   Thumb Code     0  __rtentry2.o(.ARM.Collect$$rtentry$$00000002)
    __rt_entry_sh                            0x00000129   Thumb Code     0  __rtentry4.o(.ARM.Collect$$rtentry$$00000004)
    __rt_entry_li                            0x0000012f   Thumb Code     0  __rtentry2.o(.ARM.Collect$$rtentry$$0000000A)
    __rt_entry_postsh_1                      0x0000012f   Thumb Code     0  __rtentry2.o(.ARM.Collect$$rtentry$$00000009)
    __rt_entry_main                          0x00000133   Thumb Code     0  __rtentry2.o(.ARM.Collect$$rtentry$$0000000D)
    __rt_entry_postli_1                      0x00000133   Thumb Code     0  __rtentry2.o(.ARM.Collect$$rtentry$$0000000C)
    __rt_exit                                0x0000013b   Thumb Code     0  rtexit.o(.ARM.Collect$$rtexit$$00000000)
    __rt_exit_ls                             0x0000013d   Thumb Code     0  rtexit2.o(.ARM.Collect$$rtexit$$00000003)
    __rt_exit_prels_1                        0x0000013d   Thumb Code     0  rtexit2.o(.ARM.Collect$$rtexit$$00000002)
    __rt_exit_exit                           0x00000141   Thumb Code     0  rtexit2.o(.ARM.Collect$$rtexit$$00000004)
    __aeabi_memcpy4                          0x00000149   Thumb Code    56  rt_memcpy.o(.emb_text)
    __aeabi_memcpy8                          0x00000149   Thumb Code     0  rt_memcpy.o(.emb_text)
    Reset_Handler                            0x00000181   Thumb Code     4  startup_cx32l003.o(.text)
    ADC0_IRQHandler                          0x0000018f   Thumb Code     0  startup_cx32l003.o(.text)
    ADVTIM_IRQHandler                        0x0000018f   Thumb Code     0  startup_cx32l003.o(.text)
    CLKTRIM_IRQHandler                       0x0000018f   Thumb Code     0  startup_cx32l003.o(.text)
    I2C0_IRQHandler                          0x0000018f   Thumb Code     0  startup_cx32l003.o(.text)
    I2C_DUMMY_IRQHandler                     0x0000018f   Thumb Code     0  startup_cx32l003.o(.text)
    IWDT_IRQHandler                          0x0000018f   Thumb Code     0  startup_cx32l003.o(.text)
    LPUART_IRQHandler                        0x0000018f   Thumb Code     0  startup_cx32l003.o(.text)
    LVD_IRQHandler                           0x0000018f   Thumb Code     0  startup_cx32l003.o(.text)
    ONEWIRE_IRQHandler                       0x0000018f   Thumb Code     0  startup_cx32l003.o(.text)
    PCA_IRQHandler                           0x0000018f   Thumb Code     0  startup_cx32l003.o(.text)
    PWM_IRQHandler                           0x0000018f   Thumb Code     0  startup_cx32l003.o(.text)
    RTC_MATCH0_IRQHandler                    0x0000018f   Thumb Code     0  startup_cx32l003.o(.text)
    SPI_DUMMYCOMB_IRQHandler                 0x0000018f   Thumb Code     0  startup_cx32l003.o(.text)
    TIMER11_IRQHandler                       0x0000018f   Thumb Code     0  startup_cx32l003.o(.text)
    UART1_IRQHandler                         0x0000018f   Thumb Code     0  startup_cx32l003.o(.text)
    VC_IRQHandler                            0x0000018f   Thumb Code     0  startup_cx32l003.o(.text)
    WWDT_IRQHandler                          0x0000018f   Thumb Code     0  startup_cx32l003.o(.text)
    __user_initial_stackheap                 0x00000191   Thumb Code    10  startup_cx32l003.o(.text)
    ADC_DeInit                               0x000001b1   Thumb Code    26  cx32l003_adc.o(.text)
    ADC_Init                                 0x000001cb   Thumb Code    32  cx32l003_adc.o(.text)
    ADC_StructInit                           0x000001eb   Thumb Code    10  cx32l003_adc.o(.text)
    ADC_CommonInit                           0x000001f5   Thumb Code    44  cx32l003_adc.o(.text)
    ADC_CommonStructInit                     0x00000221   Thumb Code    14  cx32l003_adc.o(.text)
    ADC_Cmd                                  0x0000022f   Thumb Code    24  cx32l003_adc.o(.text)
    ADC_RegularChannelConfig                 0x00000247   Thumb Code    52  cx32l003_adc.o(.text)
    ADC_SoftwareStartConv                    0x0000027b   Thumb Code    10  cx32l003_adc.o(.text)
    ADC_GetSoftwareStartConvStatus           0x00000285   Thumb Code    22  cx32l003_adc.o(.text)
    ADC_ContinuousModeCmd                    0x0000029b   Thumb Code    28  cx32l003_adc.o(.text)
    ADC_ContinuousConverChannelCmd           0x000002b7   Thumb Code    20  cx32l003_adc.o(.text)
    ADC_ContinuousConverRstCmd               0x000002cb   Thumb Code    28  cx32l003_adc.o(.text)
    ADC_DisContinuousModeCmd                 0x000002e7   Thumb Code    28  cx32l003_adc.o(.text)
    ADC_GetConversionValue                   0x00000303   Thumb Code     8  cx32l003_adc.o(.text)
    ADC_GetChannelConversionValue            0x0000030b   Thumb Code    98  cx32l003_adc.o(.text)
    ADC_SetCompareHtValue                    0x0000036d   Thumb Code     8  cx32l003_adc.o(.text)
    ADC_SetCompareLtValue                    0x00000375   Thumb Code     8  cx32l003_adc.o(.text)
    ADC_CompareControl                       0x0000037d   Thumb Code    24  cx32l003_adc.o(.text)
    ADC_ExternalTrigInjectedConvConfig       0x00000395   Thumb Code    32  cx32l003_adc.o(.text)
    ADC_ITCmd                                0x000003b5   Thumb Code    20  cx32l003_adc.o(.text)
    ADC_AccCmd                               0x000003c9   Thumb Code    28  cx32l003_adc.o(.text)
    ADC_AccResultClear                       0x000003e5   Thumb Code    28  cx32l003_adc.o(.text)
    ADC_GetAccResult                         0x00000401   Thumb Code     6  cx32l003_adc.o(.text)
    ADC_GetRISFlagStatus                     0x00000407   Thumb Code    20  cx32l003_adc.o(.text)
    ADC_GetMISFlagStatus                     0x0000041b   Thumb Code    20  cx32l003_adc.o(.text)
    ADC_ClearFlag                            0x0000042f   Thumb Code     8  cx32l003_adc.o(.text)
    AWK_Init                                 0x00000441   Thumb Code    30  cx32l003_awk.o(.text)
    AWK_Cmd                                  0x0000045f   Thumb Code    24  cx32l003_awk.o(.text)
    AWK_SelClk                               0x00000477   Thumb Code    16  cx32l003_awk.o(.text)
    AWK_SetRldval                            0x00000487   Thumb Code     4  cx32l003_awk.o(.text)
    AWK_ClearITFlag                          0x0000048b   Thumb Code     6  cx32l003_awk.o(.text)
    GPIO_EXTILineConfig                      0x00000491   Thumb Code   102  cx32l003_exti.o(.text)
    GPIO_DeInit                              0x000004f9   Thumb Code   124  cx32l003_gpio.o(.text)
    GPIO_AFIODeInit                          0x00000575   Thumb Code    28  cx32l003_gpio.o(.text)
    GPIO_Init                                0x00000591   Thumb Code   164  cx32l003_gpio.o(.text)
    GPIO_StructInit                          0x00000635   Thumb Code    20  cx32l003_gpio.o(.text)
    GPIO_ReadInputDataBit                    0x00000649   Thumb Code    20  cx32l003_gpio.o(.text)
    GPIO_ReadInputData                       0x0000065d   Thumb Code     8  cx32l003_gpio.o(.text)
    GPIO_DBSyncCmd                           0x00000665   Thumb Code    28  cx32l003_gpio.o(.text)
    GPIO_DBPinSyncCmd                        0x00000681   Thumb Code    20  cx32l003_gpio.o(.text)
    GPIO_DBClkCmd                            0x00000695   Thumb Code    24  cx32l003_gpio.o(.text)
    GPIO_SetDBClk                            0x000006ad   Thumb Code    16  cx32l003_gpio.o(.text)
    GPIO_ReadOutputDataBit                   0x000006bd   Thumb Code    20  cx32l003_gpio.o(.text)
    GPIO_ReadOutputData                      0x000006d1   Thumb Code     8  cx32l003_gpio.o(.text)
    GPIO_SetBits                             0x000006d9   Thumb Code     4  cx32l003_gpio.o(.text)
    GPIO_ResetBits                           0x000006dd   Thumb Code     4  cx32l003_gpio.o(.text)
    GPIO_WriteBit                            0x000006e1   Thumb Code    12  cx32l003_gpio.o(.text)
    GPIO_Write                               0x000006ed   Thumb Code     4  cx32l003_gpio.o(.text)
    GPIO_ToggleBits                          0x000006f1   Thumb Code     8  cx32l003_gpio.o(.text)
    GPIO_PinPuPdCmd                          0x000006f9   Thumb Code    28  cx32l003_gpio.o(.text)
    GPIO_PortDRCmd                           0x00000715   Thumb Code    30  cx32l003_gpio.o(.text)
    GPIO_PinRemapConfig                      0x00000733   Thumb Code    30  cx32l003_gpio.o(.text)
    GPIO_PinAFConfig                         0x00000751   Thumb Code    44  cx32l003_gpio.o(.text)
    NMI_Handler                              0x00000791   Thumb Code     2  cx32l003_it.o(.text)
    HardFault_Handler                        0x00000793   Thumb Code     8  cx32l003_it.o(.text)
    MemManage_Handler                        0x0000079b   Thumb Code     8  cx32l003_it.o(.text)
    BusFault_Handler                         0x000007a3   Thumb Code     8  cx32l003_it.o(.text)
    UsageFault_Handler                       0x000007ab   Thumb Code     8  cx32l003_it.o(.text)
    SVC_Handler                              0x000007b3   Thumb Code     2  cx32l003_it.o(.text)
    DebugMon_Handler                         0x000007b5   Thumb Code     2  cx32l003_it.o(.text)
    PendSV_Handler                           0x000007b7   Thumb Code     2  cx32l003_it.o(.text)
    SysTick_Handler                          0x000007b9   Thumb Code     2  cx32l003_it.o(.text)
    LPTIMER_ReadCnt                          0x000007d9   Thumb Code     6  cx32l003_lptimer.o(.text)
    LPTIMER_Init                             0x000007df   Thumb Code    82  cx32l003_lptimer.o(.text)
    LPTIMER_Cmd                              0x00000831   Thumb Code    24  cx32l003_lptimer.o(.text)
    LPTIMER_TogCmd                           0x00000849   Thumb Code    24  cx32l003_lptimer.o(.text)
    LPTIMER_ITConfig                         0x00000861   Thumb Code    28  cx32l003_lptimer.o(.text)
    LPTIMER_GetWTFlagStatus                  0x0000087d   Thumb Code    24  cx32l003_lptimer.o(.text)
    LPTIMER_BGloadConfig                     0x00000895   Thumb Code    30  cx32l003_lptimer.o(.text)
    LPTIMER_LoadConfig                       0x000008b3   Thumb Code    30  cx32l003_lptimer.o(.text)
    LPTIMER_GetITStatus                      0x000008d1   Thumb Code    20  cx32l003_lptimer.o(.text)
    LPTIMER_ClearITFlag                      0x000008e5   Thumb Code     4  cx32l003_lptimer.o(.text)
    RCC_DeInit                               0x000008ed   Thumb Code    24  cx32l003_rcc.o(.text)
    RCC_HIRCTrim                             0x00000905   Thumb Code    20  cx32l003_rcc.o(.text)
    RCC_LIRCTrim                             0x00000919   Thumb Code    20  cx32l003_rcc.o(.text)
    RCC_SetHXTDrive                          0x0000092d   Thumb Code    28  cx32l003_rcc.o(.text)
    RCC_SetLXTDrive                          0x00000949   Thumb Code    28  cx32l003_rcc.o(.text)
    RCC_WaitForHIRCStable                    0x00000965   Thumb Code    64  cx32l003_rcc.o(.text)
    RCC_WaitForHXTStable                     0x000009a5   Thumb Code    70  cx32l003_rcc.o(.text)
    RCC_WaitForLIRCStable                    0x000009eb   Thumb Code    80  cx32l003_rcc.o(.text)
    RCC_WaitForLXTStable                     0x00000a3b   Thumb Code    66  cx32l003_rcc.o(.text)
    RCC_LXTCmd                               0x00000a7d   Thumb Code    58  cx32l003_rcc.o(.text)
    RCC_SetX32KPort                          0x00000ab7   Thumb Code    26  cx32l003_rcc.o(.text)
    RCC_SetM0IRQLatency                      0x00000ad1   Thumb Code    12  cx32l003_rcc.o(.text)
    RCC_SystemTickTimerConfig                0x00000add   Thumb Code    26  cx32l003_rcc.o(.text)
    RCC_SetSystemTickTimerCoreRefClockcmd    0x00000af7   Thumb Code    34  cx32l003_rcc.o(.text)
    RCC_SysclkCmd                            0x00000b19   Thumb Code   130  cx32l003_rcc.o(.text)
    RCC_SelSysclk                            0x00000b9b   Thumb Code    26  cx32l003_rcc.o(.text)
    RCC_SysclkOutputConfig                   0x00000bb5   Thumb Code    28  cx32l003_rcc.o(.text)
    RCC_SysclkOutputCmd                      0x00000bd1   Thumb Code    34  cx32l003_rcc.o(.text)
    RCC_SysclkFclkDiv                        0x00000bf3   Thumb Code    20  cx32l003_rcc.o(.text)
    RCC_GetSysclkSource                      0x00000c07   Thumb Code    10  cx32l003_rcc.o(.text)
    RCC_SetHclkDiv                           0x00000c11   Thumb Code     4  cx32l003_rcc.o(.text)
    RCC_SetPclkDiv                           0x00000c15   Thumb Code     4  cx32l003_rcc.o(.text)
    RCC_AHBPeriphClockCmd                    0x00000c19   Thumb Code    20  cx32l003_rcc.o(.text)
    RCC_APBPeriphClockCmd                    0x00000c2d   Thumb Code    20  cx32l003_rcc.o(.text)
    RCC_PeriphResetCmd                       0x00000c41   Thumb Code    30  cx32l003_rcc.o(.text)
    RCC_RTCResetCmd                          0x00000c5f   Thumb Code    28  cx32l003_rcc.o(.text)
    RCC_ResetCmd                             0x00000c7b   Thumb Code    40  cx32l003_rcc.o(.text)
    RCC_GetFlagStatus                        0x00000ca3   Thumb Code    26  cx32l003_rcc.o(.text)
    RCC_SetIoMux                             0x00000cbd   Thumb Code    36  cx32l003_rcc.o(.text)
    SPI_DeInit                               0x00000ce1   Thumb Code    26  cx32l003_spi.o(.text)
    SPI_Init                                 0x00000cfb   Thumb Code    24  cx32l003_spi.o(.text)
    SPI_StructInit                           0x00000d13   Thumb Code    12  cx32l003_spi.o(.text)
    SPI_Cmd                                  0x00000d1f   Thumb Code    24  cx32l003_spi.o(.text)
    SPI_SendData                             0x00000d37   Thumb Code     4  cx32l003_spi.o(.text)
    SPI_ReceiveData                          0x00000d3b   Thumb Code     8  cx32l003_spi.o(.text)
    SPI_SSOutputCmd                          0x00000d43   Thumb Code    22  cx32l003_spi.o(.text)
    SPI_GetFlagStatus                        0x00000d59   Thumb Code    20  cx32l003_spi.o(.text)
    SYSCTRL_DeInit                           0x00000d71   Thumb Code    24  cx32l003_syscon.o(.text)
    SYSCTRL_CortexM0LockUpCmd                0x00000d89   Thumb Code    34  cx32l003_syscon.o(.text)
    SYSCTRL_DeepsleepPortITCmd               0x00000dab   Thumb Code    22  cx32l003_syscon.o(.text)
    SYSCTRL_ActiveSleepPortITCmd             0x00000dc1   Thumb Code    24  cx32l003_syscon.o(.text)
    SYSCTRL_SPICSConfig                      0x00000dd9   Thumb Code    16  cx32l003_syscon.o(.text)
    SYSCTRL_TIM10_GateConfig                 0x00000de9   Thumb Code    16  cx32l003_syscon.o(.text)
    SYSCTRL_TIM11_GateConfig                 0x00000df9   Thumb Code    16  cx32l003_syscon.o(.text)
    SYSCTRL_IPTIM_GateConfig                 0x00000e09   Thumb Code    18  cx32l003_syscon.o(.text)
    SYSCTRL_PCACapMuxConfig                  0x00000e1b   Thumb Code    28  cx32l003_syscon.o(.text)
    SYSCTRL_TIM1_InputSignalConfig           0x00000e37   Thumb Code    28  cx32l003_syscon.o(.text)
    SYSCTRL_TIM1_ETRSignalConfig             0x00000e53   Thumb Code    18  cx32l003_syscon.o(.text)
    SYSCTRL_TIM1_SetBreakSTM                 0x00000e65   Thumb Code    18  cx32l003_syscon.o(.text)
    SYSCTRL_TIM1_SetBreakZERO                0x00000e77   Thumb Code    12  cx32l003_syscon.o(.text)
    SYSCTRL_TIM2_InputSignalConfig           0x00000e83   Thumb Code    28  cx32l003_syscon.o(.text)
    SYSCTRL_TIM2_ETRSignalConfig             0x00000e9f   Thumb Code    18  cx32l003_syscon.o(.text)
    SYSCTRL_LPUART_CLKConfig                 0x00000eb1   Thumb Code    34  cx32l003_syscon.o(.text)
    SYSCTRL_LPUART_CLKCmd                    0x00000ed3   Thumb Code    48  cx32l003_syscon.o(.text)
    TIM_DeInit                               0x00000f11   Thumb Code    38  cx32l003_timer.o(.text)
    TIM_TimeBaseInit                         0x00000f37   Thumb Code    44  cx32l003_timer.o(.text)
    TIM_StructInit                           0x00000f63   Thumb Code    34  cx32l003_timer.o(.text)
    TIM_Cmd                                  0x00000f85   Thumb Code    24  cx32l003_timer.o(.text)
    TIM_TogCmd                               0x00000f9d   Thumb Code    28  cx32l003_timer.o(.text)
    TIM_ITConfig                             0x00000fb9   Thumb Code    24  cx32l003_timer.o(.text)
    TIM_CounterModeConfig                    0x00000fd1   Thumb Code    18  cx32l003_timer.o(.text)
    TIM_SelectGatePolarity                   0x00000fe3   Thumb Code    20  cx32l003_timer.o(.text)
    TIM_SetClockDivision                     0x00000ff7   Thumb Code    16  cx32l003_timer.o(.text)
    TIM_GetPrescaler                         0x00001007   Thumb Code    10  cx32l003_timer.o(.text)
    TIM_SetTimerLoadRegister                 0x00001011   Thumb Code     6  cx32l003_timer.o(.text)
    TIM_GetTimerLoadRegister                 0x00001017   Thumb Code     6  cx32l003_timer.o(.text)
    TIM_SetCountRegister                     0x0000101d   Thumb Code     4  cx32l003_timer.o(.text)
    TIM_GetCountRegister                     0x00001021   Thumb Code     6  cx32l003_timer.o(.text)
    TIM_GetITSourceFlagStatus                0x00001027   Thumb Code    20  cx32l003_timer.o(.text)
    TIM_GetITShieldFlagStatus                0x0000103b   Thumb Code    20  cx32l003_timer.o(.text)
    TIM_ClearITFlag                          0x0000104f   Thumb Code     8  cx32l003_timer.o(.text)
    UART_DeInit                              0x00001065   Thumb Code    62  cx32l003_uart.o(.text)
    UART_Init                                0x000010a3   Thumb Code   328  cx32l003_uart.o(.text)
    UART_StructInit                          0x000011eb   Thumb Code    16  cx32l003_uart.o(.text)
    UART_Cmd                                 0x000011fb   Thumb Code    46  cx32l003_uart.o(.text)
    UART_ITConfig                            0x00001229   Thumb Code    20  cx32l003_uart.o(.text)
    UART_SetAddress                          0x0000123d   Thumb Code    32  cx32l003_uart.o(.text)
    UART_ReciveCmd                           0x0000125d   Thumb Code    68  cx32l003_uart.o(.text)
    UART_SendData                            0x000012a1   Thumb Code     4  cx32l003_uart.o(.text)
    UART_ReceiveData                         0x000012a5   Thumb Code     8  cx32l003_uart.o(.text)
    UART_TB8Cmd                              0x000012ad   Thumb Code    24  cx32l003_uart.o(.text)
    UART_RB8Cmd                              0x000012c5   Thumb Code    24  cx32l003_uart.o(.text)
    UART_IrDAConfig                          0x000012dd   Thumb Code    24  cx32l003_uart.o(.text)
    UART_IrDACmd                             0x000012f5   Thumb Code    28  cx32l003_uart.o(.text)
    UART_GetITStatus                         0x00001311   Thumb Code    20  cx32l003_uart.o(.text)
    UART_ClearITBit                          0x00001325   Thumb Code     4  cx32l003_uart.o(.text)
    NVIC_PriorityGroupConfig                 0x0000135d   Thumb Code    10  misc.o(.text)
    NVIC_Init                                0x00001367   Thumb Code   114  misc.o(.text)
    NVIC_SetVectorTable                      0x000013d9   Thumb Code     2  misc.o(.text)
    NVIC_SystemLPConfig                      0x000013db   Thumb Code    28  misc.o(.text)
    SysTick_CLKSourceConfig                  0x000013f7   Thumb Code    32  misc.o(.text)
    BASIC_TIM_Mode_Config                    0x0000144f   Thumb Code   122  user_basetime.o(.text)
    TIMER10_IRQHandler                       0x000014c9   Thumb Code    44  user_basetime.o(.text)
    userNVICPrioirySetting                   0x00001509   Thumb Code   122  user_exti.o(.text)
    EXTI_Key_Config                          0x000015f7   Thumb Code   110  user_exti.o(.text)
    GPIOA_IRQHandler                         0x00001787   Thumb Code    40  user_exti.o(.text)
    GPIOB_IRQHandler                         0x000017af   Thumb Code    40  user_exti.o(.text)
    GPIOC_IRQHandler                         0x000017d7   Thumb Code    40  user_exti.o(.text)
    GPIOD_IRQHandler                         0x000017ff   Thumb Code    40  user_exti.o(.text)
    readInternalFlashData                    0x0000184d   Thumb Code     6  user_internalflash.o(.text)
    readInternalFlashWrod                    0x00001853   Thumb Code     6  user_internalflash.o(.text)
    readInternalFlashByte                    0x00001859   Thumb Code     6  user_internalflash.o(.text)
    Enter_DeepSleep                          0x00001861   Thumb Code    26  user_lptimer.o(.text)
    Enter_Sleep                              0x0000187b   Thumb Code    26  user_lptimer.o(.text)
    TEST_SETLPTIMERGATE                      0x000018b3   Thumb Code   100  user_lptimer.o(.text)
    LPTIMER_Config                           0x00001917   Thumb Code   106  user_lptimer.o(.text)
    LPTIMER_IRQHandler                       0x00001981   Thumb Code   162  user_lptimer.o(.text)
    setSystemHIRC                            0x00001a4d   Thumb Code    94  user_sysclock.o(.text)
    setSystemLIRC                            0x00001aab   Thumb Code    90  user_sysclock.o(.text)
    systemClkSelect                          0x00001b05   Thumb Code    28  user_sysclock.o(.text)
    systemClkSet                             0x00001b21   Thumb Code    54  user_sysclock.o(.text)
    main                                     0x00001b69   Thumb Code   252  main.o(.text)
    keyReleased                              0x00001ca1   Thumb Code    32  user_key.o(.text)
    setKeyPressedFlag                        0x00001cc1   Thumb Code    28  user_key.o(.text)
    keyReleaseCheck                          0x00001cdd   Thumb Code    74  user_key.o(.text)
    keyPressCheck                            0x00001d27   Thumb Code   150  user_key.o(.text)
    clearPowerKeyInfo                        0x00001dbd   Thumb Code    18  user_key.o(.text)
    fastKeyCheck                             0x00001dcf   Thumb Code    20  user_key.o(.text)
    funcKeyTask                              0x00001de3   Thumb Code    52  user_key.o(.text)
    holdingKeyGroupA                         0x00001e17   Thumb Code    16  user_key.o(.text)
    holdingKeyGroupB                         0x00001e27   Thumb Code    16  user_key.o(.text)
    holdingKeyFunc                           0x00001e37   Thumb Code    34  user_key.o(.text)
    setPowerKeyPressedFlag                   0x00001e59   Thumb Code    10  user_key.o(.text)
    setIncKeyPressedFlag                     0x00001e63   Thumb Code    10  user_key.o(.text)
    setDecKeyPressedFlag                     0x00001e6d   Thumb Code    10  user_key.o(.text)
    setSwitchKeyPressedFlag                  0x00001e77   Thumb Code    10  user_key.o(.text)
    powerOnIoInit                            0x00001ea1   Thumb Code   302  user_menu.o(.text)
    resetEntrySleepTime                      0x00001fcf   Thumb Code    24  user_menu.o(.text)
    entryNormalModeChk                       0x00001fe7   Thumb Code    16  user_menu.o(.text)
    clrPowerTimerOutStts                     0x00001ff7   Thumb Code    12  user_menu.o(.text)
    turnOffAllLightEffect                    0x00002003   Thumb Code     8  user_menu.o(.text)
    systemPowerDown                          0x0000200b   Thumb Code    58  user_menu.o(.text)
    fucnPer25ms                              0x00002045   Thumb Code    16  user_menu.o(.text)
    brakeBattDetProcess                      0x00002055   Thumb Code    20  user_menu.o(.text)
    fucnPer50ms                              0x00002069   Thumb Code   182  user_menu.o(.text)
    fucnPer100ms                             0x0000211f   Thumb Code    14  user_menu.o(.text)
    processBattLevel                         0x0000212d   Thumb Code   218  user_menu.o(.text)
    battVoltCompensation                     0x00002207   Thumb Code   982  user_menu.o(.text)
    adcVoltCompensation                      0x000025dd   Thumb Code    24  user_menu.o(.text)
    setBattLevel                             0x000025f5   Thumb Code   302  user_menu.o(.text)
    getChargingCurrentByVolt                 0x00002723   Thumb Code   238  user_menu.o(.text)
    getBattVolt                              0x00002811   Thumb Code    66  user_menu.o(.text)
    fucnPer500ms                             0x00002853   Thumb Code   202  user_menu.o(.text)
    getOriginalPWMData                       0x0000291d   Thumb Code    66  user_menu.o(.text)
    checkTemperature                         0x0000295f   Thumb Code    62  user_menu.o(.text)
    hotFuncDeinit                            0x0000299d   Thumb Code    30  user_menu.o(.text)
    checkSystemHot                           0x000029bb   Thumb Code   164  user_menu.o(.text)
    chkLightEffectModeVoltCompensation       0x00002a5f   Thumb Code    90  user_menu.o(.text)
    checkBattFunc                            0x00002ab9   Thumb Code   154  user_menu.o(.text)
    fucnPer1s                                0x00002b53   Thumb Code    30  user_menu.o(.text)
    resetBrakeBattDet                        0x00002b71   Thumb Code     8  user_menu.o(.text)
    startCharging                            0x00002b79   Thumb Code   256  user_menu.o(.text)
    powerDownFromChageMode                   0x00002c79   Thumb Code    28  user_menu.o(.text)
    stopCharging                             0x00002c95   Thumb Code    88  user_menu.o(.text)
    calibrateVcap                            0x00002ced   Thumb Code    54  user_menu.o(.text)
    onChargingIconInPowerOffMode             0x00002d23   Thumb Code    52  user_menu.o(.text)
    funcCharging                             0x00002d57   Thumb Code   228  user_menu.o(.text)
    resetDriverMcu                           0x00002e3b   Thumb Code    76  user_menu.o(.text)
    systemOffByManual                        0x00002e87   Thumb Code   182  user_menu.o(.text)
    powerDataInit                            0x00002f3d   Thumb Code   104  user_menu.o(.text)
    updateLEDStts                            0x00002fa5   Thumb Code   152  user_menu.o(.text)
    factoryModeCoolDownFunc                  0x0000303d   Thumb Code  1352  user_menu.o(.text)
    fucnPer5ms                               0x00003585   Thumb Code   200  user_menu.o(.text)
    MenuFunction                             0x0000364d   Thumb Code  1018  user_menu.o(.text)
    checkRealEntryPowerDownMode              0x00003a47   Thumb Code     8  user_menu.o(.text)
    setSWD2NormalIO                          0x00003a4f   Thumb Code    18  user_menu.o(.text)
    set2SWDMode                              0x00003a61   Thumb Code    20  user_menu.o(.text)
    ADCPinAFSet                              0x00003a8d   Thumb Code   132  user_adc.o(.text)
    adcChlCMD2adcIndex                       0x00003b11   Thumb Code    30  user_adc.o(.text)
    adcChlCMD2adcAdcChl                      0x00003b2f   Thumb Code    18  user_adc.o(.text)
    ADC_SignalMode_Config                    0x00003b41   Thumb Code   100  user_adc.o(.text)
    getSignalChlADC                          0x00003ba5   Thumb Code   104  user_adc.o(.text)
    readADCResultFromMutiChls                0x00003c0d   Thumb Code    22  user_adc.o(.text)
    adcThresholdGenerate                     0x00003c23   Thumb Code     2  user_adc.o(.text)
    AWK_Config                               0x00003c59   Thumb Code    52  user_awk.o(.text)
    AWK_Feed                                 0x00003c8d   Thumb Code    12  user_awk.o(.text)
    AWK_IRQHandler                           0x00003c99   Thumb Code    20  user_awk.o(.text)
    lcdGpioInit                              0x00003cb5   Thumb Code    50  user_lcd.o(.text)
    writeLcdCommand                          0x00003ce7   Thumb Code    32  user_lcd.o(.text)
    writeLcdData                             0x00003d07   Thumb Code    24  user_lcd.o(.text)
    clear                                    0x00003d1f   Thumb Code    78  user_lcd.o(.text)
    lcdEnterSleep                            0x00003d6d   Thumb Code    32  user_lcd.o(.text)
    lcdExitSleep                             0x00003d8d   Thumb Code    66  user_lcd.o(.text)
    OLED_Set_Pos                             0x00003dcf   Thumb Code    46  user_lcd.o(.text)
    OLED_ShowCHinese                         0x00003dfd   Thumb Code    88  user_lcd.o(.text)
    OLED_ShowChar                            0x00003e55   Thumb Code   106  user_lcd.o(.text)
    batteryPercentDisplay                    0x00003ebf   Thumb Code   140  user_lcd.o(.text)
    updateChargingIcon                       0x00003f4b   Thumb Code    78  user_lcd.o(.text)
    batterDisplay                            0x00003f99   Thumb Code    86  user_lcd.o(.text)
    updateArrowDisplay                       0x00003fef   Thumb Code   114  user_lcd.o(.text)
    oled_pow                                 0x00004061   Thumb Code    26  user_lcd.o(.text)
    getNumLen                                0x0000407b   Thumb Code    74  user_lcd.o(.text)
    OLED_ShowNum                             0x000040c5   Thumb Code   124  user_lcd.o(.text)
    updateHuesDisplay                        0x00004141   Thumb Code    62  user_lcd.o(.text)
    OLED_ShowString                          0x0000417f   Thumb Code    50  user_lcd.o(.text)
    updateSaturationDisplay                  0x000041b1   Thumb Code    26  user_lcd.o(.text)
    updateBrightnessDisplay                  0x000041cb   Thumb Code   114  user_lcd.o(.text)
    updateColorTempDisplay                   0x0000423d   Thumb Code    40  user_lcd.o(.text)
    updateLightEffectDisplay                 0x00004265   Thumb Code    70  user_lcd.o(.text)
    displayFloat                             0x000042ab   Thumb Code   206  user_lcd.o(.text)
    updateHotDisplay                         0x00004379   Thumb Code    74  user_lcd.o(.text)
    displaySystemMenu                        0x000043c3   Thumb Code   238  user_lcd.o(.text)
    powerOnLcdInit                           0x000044b1   Thumb Code   280  user_lcd.o(.text)
    HexDigitDis                              0x000045c9   Thumb Code    94  user_lcd.o(.text)
    versionDisplay                           0x00004627   Thumb Code    28  user_lcd.o(.text)
    factoryModeTemperatureDisplay            0x00004643   Thumb Code    62  user_lcd.o(.text)
    oledTestModeChineseString                0x00004681   Thumb Code    40  user_lcd.o(.text)
    fullyChargeTest                          0x000046a9   Thumb Code    80  user_lcd.o(.text)
    displayFactoryMode                       0x000046f9   Thumb Code   352  user_lcd.o(.text)
    factoryVoltDisplay                       0x00004859   Thumb Code   122  user_lcd.o(.text)
    ddl_memclr                               0x00004961   Thumb Code    32  user_ddl.o(.text)
    delay100us                               0x00004981   Thumb Code    32  user_ddl.o(.text)
    SPI_SendByte                             0x000049bf   Thumb Code    38  user_spi.o(.text)
    WriteData                                0x000049e5   Thumb Code    42  user_spi.o(.text)
    ReadData                                 0x00004a0f   Thumb Code     2  user_spi.o(.text)
    spiIoInit                                0x00004a11   Thumb Code   160  user_spi.o(.text)
    userSpiInit                              0x00004ab1   Thumb Code    56  user_spi.o(.text)
    disableSpi                               0x00004ae9   Thumb Code    12  user_spi.o(.text)
    enableSpi                                0x00004af5   Thumb Code    12  user_spi.o(.text)
    SPI0COMB_IRQHandler                      0x00004b01   Thumb Code    44  user_spi.o(.text)
    UART_Config                              0x00004b6f   Thumb Code   120  user_uart.o(.text)
    Uart_SendByte                            0x00004be7   Thumb Code    22  user_uart.o(.text)
    Uart_SendString                          0x00004bfd   Thumb Code    28  user_uart.o(.text)
    resetUartRecTimer                        0x00004c19   Thumb Code    14  user_uart.o(.text)
    uartReceivedDataProcess                  0x00004c27   Thumb Code   224  user_uart.o(.text)
    uartSendDataProcess                      0x00004d07   Thumb Code    68  user_uart.o(.text)
    UART0_IRQHandler                         0x00004d4b   Thumb Code   166  user_uart.o(.text)
    startUartSend                            0x00004df1   Thumb Code    20  user_uart.o(.text)
    addCheckToSendBuff                       0x00004e05   Thumb Code    58  user_uart.o(.text)
    rgbDataProcess                           0x00004e3f   Thumb Code    88  user_uart.o(.text)
    setRgbData                               0x00004e97   Thumb Code    54  user_uart.o(.text)
    colorTemperatureDataProcess              0x00004ecd   Thumb Code    66  user_uart.o(.text)
    setColorTempData                         0x00004f0f   Thumb Code    54  user_uart.o(.text)
    effectDataProcess                        0x00004f45   Thumb Code   216  user_uart.o(.text)
    setEffectData                            0x0000501d   Thumb Code    54  user_uart.o(.text)
    onOffDataProcess                         0x00005053   Thumb Code    56  user_uart.o(.text)
    setOnOffData                             0x0000508b   Thumb Code    60  user_uart.o(.text)
    brightnessOnlyDataProcess                0x000050c7   Thumb Code    58  user_uart.o(.text)
    setBrightnessOnlyData                    0x00005101   Thumb Code    54  user_uart.o(.text)
    readTemperatureData                      0x00005137   Thumb Code    44  user_uart.o(.text)
    readSwVersion                            0x00005163   Thumb Code    44  user_uart.o(.text)
    checkUartTxBuffer                        0x0000518f   Thumb Code    64  user_uart.o(.text)
    updateColorTemp                          0x000051e5   Thumb Code   100  user_color.o(.text)
    hsb2Rgb                                  0x00005249   Thumb Code   800  user_color.o(.text)
    fullyPinLowCb                            0x000055bd   Thumb Code    30  user_charge.o(.text)
    fullyPinHighCb                           0x000055db   Thumb Code    36  user_charge.o(.text)
    chargeSttsDectEvent                      0x000055ff   Thumb Code    48  user_charge.o(.text)
    getChargeStts                            0x0000562f   Thumb Code   252  user_charge.o(.text)
    deinitComm                               0x00005751   Thumb Code    12  communication.o(.text)
    initChargeComm                           0x0000575d   Thumb Code    20  communication.o(.text)
    dataReceiveFunc                          0x00005771   Thumb Code   410  communication.o(.text)
    dataReceivedProcess                      0x0000590b   Thumb Code   216  communication.o(.text)
    duplicatedRemoteKeyProcess               0x000059e3   Thumb Code    48  communication.o(.text)
    __aeabi_memcpy                           0x00005a45   Thumb Code   130  rt_memcpy.o(.text)
    __rt_memcpy                              0x00005a45   Thumb Code     0  rt_memcpy.o(.text)
    __aeabi_uidiv                            0x00005ac7   Thumb Code     0  aeabi_sdiv.o(.text)
    __aeabi_uidivmod                         0x00005ac7   Thumb Code    20  aeabi_sdiv.o(.text)
    __aeabi_idiv                             0x00005adb   Thumb Code     0  aeabi_sdiv.o(.text)
    __aeabi_idivmod                          0x00005adb   Thumb Code   326  aeabi_sdiv.o(.text)
    __use_two_region_memory                  0x00005c21   Thumb Code     2  heapauxi.o(.text)
    __rt_heap_escrow$2region                 0x00005c23   Thumb Code     2  heapauxi.o(.text)
    __rt_heap_expand$2region                 0x00005c25   Thumb Code     2  heapauxi.o(.text)
    __aeabi_d2f                              0x00005c29   Thumb Code     0  d2f.o(.text)
    _d2f                                     0x00005c29   Thumb Code   120  d2f.o(.text)
    __aeabi_dadd                             0x00005f9d   Thumb Code     0  daddsub.o(.text)
    _dadd                                    0x00005f9d   Thumb Code    26  daddsub.o(.text)
    __aeabi_dsub                             0x00005fb7   Thumb Code     0  daddsub.o(.text)
    _dsub                                    0x00005fb7   Thumb Code    22  daddsub.o(.text)
    __aeabi_drsub                            0x00005fcd   Thumb Code     0  daddsub.o(.text)
    _drsb                                    0x00005fcd   Thumb Code    28  daddsub.o(.text)
    __aeabi_ddiv                             0x00005ffd   Thumb Code     0  ddiv.o(.text)
    _ddiv                                    0x00005ffd   Thumb Code  1072  ddiv.o(.text)
    _drdiv                                   0x0000642d   Thumb Code    20  ddiv.o(.text)
    __aeabi_d2uiz                            0x00006445   Thumb Code     0  dfixui.o(.text)
    _dfixu                                   0x00006445   Thumb Code    68  dfixui.o(.text)
    __aeabi_i2d_normalise                    0x0000648d   Thumb Code    66  dflti.o(.text)
    __aeabi_i2d                              0x000064cf   Thumb Code    16  dflti.o(.text)
    _dflt                                    0x000064cf   Thumb Code     0  dflti.o(.text)
    __aeabi_ui2d                             0x000064df   Thumb Code     6  dflti.o(.text)
    _dfltu                                   0x000064df   Thumb Code     0  dflti.o(.text)
    __aeabi_dmul                             0x000064e5   Thumb Code     0  dmul.o(.text)
    _dmul                                    0x000064e5   Thumb Code   558  dmul.o(.text)
    __aeabi_f2d                              0x0000672d   Thumb Code     0  f2d.o(.text)
    _f2d                                     0x0000672d   Thumb Code    80  f2d.o(.text)
    __aeabi_fdiv                             0x00006781   Thumb Code     0  fdiv.o(.text)
    _fdiv                                    0x00006781   Thumb Code   334  fdiv.o(.text)
    _frdiv                                   0x000068cf   Thumb Code     8  fdiv.o(.text)
    __aeabi_f2iz                             0x000068e1   Thumb Code     0  ffixi.o(.text)
    _ffix                                    0x000068e1   Thumb Code    76  ffixi.o(.text)
    __aeabi_f2uiz                            0x0000692d   Thumb Code     0  ffixui.o(.text)
    _ffixu                                   0x0000692d   Thumb Code    48  ffixui.o(.text)
    __aeabi_i2f_normalise                    0x0000695d   Thumb Code    72  fflti.o(.text)
    __aeabi_i2f                              0x000069a5   Thumb Code    16  fflti.o(.text)
    _fflt                                    0x000069a5   Thumb Code     0  fflti.o(.text)
    __aeabi_ui2f                             0x000069b5   Thumb Code     6  fflti.o(.text)
    _ffltu                                   0x000069b5   Thumb Code     0  fflti.o(.text)
    __fpl_dcmp_InfNaN                        0x000069bd   Thumb Code   140  dcmpin.o(.text)
    __fpl_fcmp_InfNaN                        0x00006a4d   Thumb Code    96  fcmpin.o(.text)
    __fpl_cmpreturn                          0x00006ab1   Thumb Code    46  cmpret.o(.text)
    __fpl_dcheck_NaN2                        0x00006ae1   Thumb Code    14  dnan2.o(.text)
    __fpl_fcheck_NaN2                        0x00006af5   Thumb Code    10  fnan2.o(.text)
    __user_setup_stackheap                   0x00006b05   Thumb Code    62  sys_stackheap_outer.o(.text)
    exit                                     0x00006b43   Thumb Code    16  exit.o(.text)
    __fpl_return_NaN                         0x00006b53   Thumb Code    94  retnan.o(.text)
    __user_libspace                          0x00006bb1   Thumb Code     8  libspace.o(.text)
    __user_perproc_libspace                  0x00006bb1   Thumb Code     0  libspace.o(.text)
    __user_perthread_libspace                0x00006bb1   Thumb Code     0  libspace.o(.text)
    _sys_exit                                0x00006bb9   Thumb Code     8  sys_exit.o(.text)
    __I$use$semihosting                      0x00006bc5   Thumb Code     0  use_no_semi.o(.text)
    __use_no_semihosting_swi                 0x00006bc5   Thumb Code     2  use_no_semi.o(.text)
    __decompress                             0x00006bc7   Thumb Code     0  __dczerorl2.o(.text)
    __decompress1                            0x00006bc7   Thumb Code    86  __dczerorl2.o(.text)
    __semihosting_library_function           0x00006bc7   Thumb Code     0  indicate_semi.o(.text)
    __ARM_common_switch8                     0x00006c1d   Thumb Code    28  user_sysclock.o(i.__ARM_common_switch8)
    __aeabi_cdcmple                          0x00006c39   Thumb Code     0  dlef.o(x$fpl$dleqf)
    _dcmple                                  0x00006c39   Thumb Code    94  dlef.o(x$fpl$dleqf)
    __aeabi_cdrcmple                         0x00006c9d   Thumb Code     0  drlef.o(x$fpl$drleqf)
    _drcmple                                 0x00006c9d   Thumb Code   100  drlef.o(x$fpl$drleqf)
    __aeabi_fadd                             0x00006d05   Thumb Code     0  faddsub.o(x$fpl$fadd)
    _fadd                                    0x00006d05   Thumb Code   134  faddsub.o(x$fpl$fadd)
    __aeabi_fmul                             0x00006d91   Thumb Code     0  fmul.o(x$fpl$fmul)
    _fmul                                    0x00006d91   Thumb Code   172  fmul.o(x$fpl$fmul)
    __aeabi_cfrcmple                         0x00006e41   Thumb Code     0  frlef.o(x$fpl$frleqf)
    _frcmple                                 0x00006e41   Thumb Code    84  frlef.o(x$fpl$frleqf)
    __aeabi_frsub                            0x00006e99   Thumb Code     0  faddsub.o(x$fpl$frsb)
    _frsb                                    0x00006e99   Thumb Code    24  faddsub.o(x$fpl$frsb)
    __aeabi_fsub                             0x00006eb1   Thumb Code     0  faddsub.o(x$fpl$fsub)
    _fsub                                    0x00006eb1   Thumb Code   204  faddsub.o(x$fpl$fsub)
    ArrowArray                               0x00006f80   Data          14  user_lcd.o(.constdata)
    __I$use$fp                               0x00006f80   Number         0  usenofp.o(x$fpl$usenofp)
    F8X16                                    0x00006f8e   Data        1456  user_lcd.o(.constdata)
    Hzk                                      0x0000753e   Data        2688  user_lcd.o(.constdata)
    RED_LED_CURRENT_STRING                   0x00007fbe   Data           4  user_lcd.o(.constdata)
    GREEN_LED_CURRENT_STRING                 0x00007fc2   Data           4  user_lcd.o(.constdata)
    BLUE_LED_CURRENT_STRING                  0x00007fc6   Data           4  user_lcd.o(.constdata)
    CW_LED_CURRENT_STRING                    0x00007fca   Data           4  user_lcd.o(.constdata)
    MW_LED_CURRENT_STRING                    0x00007fce   Data           4  user_lcd.o(.constdata)
    STANDBY_CURRENT_STRING                   0x00007fd2   Data           4  user_lcd.o(.constdata)
    SLEEP_CURRENT_STRING                     0x00007fd6   Data           4  user_lcd.o(.constdata)
    PRESS_ANY_KEY                            0x00007fda   Data           6  user_lcd.o(.constdata)
    PRESS_BDEC_KEY                           0x00007fe0   Data           7  user_lcd.o(.constdata)
    PRESS_INC_KEY                            0x00007fe7   Data           7  user_lcd.o(.constdata)
    PRESS_FUNC_KEY                           0x00007fee   Data           6  user_lcd.o(.constdata)
    TEST                                     0x00007ff4   Data           2  user_lcd.o(.constdata)
    UNIT                                     0x00007ff6   Data           2  user_lcd.o(.constdata)
    LEVEL                                    0x00007ff8   Data           5  user_lcd.o(.constdata)
    QUICK_CHARGING                           0x00007ffd   Data           5  user_lcd.o(.constdata)
    NORMAL_CHARGING                          0x00008002   Data           5  user_lcd.o(.constdata)
    BATT_VOLT                                0x00008007   Data           4  user_lcd.o(.constdata)
    TEMP_ERROR                               0x0000800b   Data           4  user_lcd.o(.constdata)
    VOLT_ERROR                               0x0000800f   Data           4  user_lcd.o(.constdata)
    colorTempCoolArray                       0x00008014   Data          88  user_color.o(.constdata)
    colorTempWarmArray                       0x0000806c   Data          88  user_color.o(.constdata)
    saturationArray                          0x000080c4   Data         404  user_color.o(.constdata)
    Region$$Table$$Base                      0x00008318   Number         0  anon$$obj.o(Region$$Table)
    Region$$Table$$Limit                     0x00008338   Number         0  anon$$obj.o(Region$$Table)
    BASIC_TIMFLag                            0x20000000   Data           4  user_basetime.o(.data)
    EXTI_IT_FLAG                             0x20000004   Data           1  user_exti.o(.data)
    vIntPortSigned                           0x20000005   Data           1  user_exti.o(.data)
    fTestFlag                                0x20000006   Data           1  user_lptimer.o(.data)
    lPTIMER_FLAG                             0x20000007   Data           1  user_lptimer.o(.data)
    vKeyValue                                0x20000008   Data           1  user_key.o(.data)
    vIsKeyPressed                            0x20000018   Data           1  user_key.o(.data)
    vDoubleClickCountDown                    0x20000019   Data           1  user_key.o(.data)
    powerKeyInfo                             0x2000001c   Data          40  user_key.o(.data)
    incKeyInfo                               0x20000044   Data          40  user_key.o(.data)
    decKeyInfo                               0x2000006c   Data          40  user_key.o(.data)
    switchKeyInfo                            0x20000094   Data          40  user_key.o(.data)
    vSystemVddNormalMode                     0x200000bc   Data           4  user_menu.o(.data)
    vBattVolGap                              0x200000c0   Data           4  user_menu.o(.data)
    vSystem1s                                0x200000c4   Data           2  user_menu.o(.data)
    fIsSystemTempGot                         0x200000c6   Data           1  user_menu.o(.data)
    vTest                                    0x200000c7   Data           1  user_menu.o(.data)
    vtIndex                                  0x200000c8   Data           1  user_menu.o(.data)
    vTimeToSleep                             0x200000ca   Data           2  user_menu.o(.data)
    fIsBattFully                             0x200000cc   Data           1  user_menu.o(.data)
    vBattVol                                 0x200000d0   Data           4  user_menu.o(.data)
    vAdVoltOfBatt                            0x200000d4   Data           4  user_menu.o(.data)
    vTestCompBatt                            0x200000d8   Data           4  user_menu.o(.data)
    vCompensationVolt                        0x200000dc   Data           4  user_menu.o(.data)
    vChargingCurrent                         0x200000e0   Data           4  user_menu.o(.data)
    vSkipDCUnpluggedCnt                      0x200000e4   Data           1  user_menu.o(.data)
    vCurrentBattLv                           0x200000e5   Data           1  user_menu.o(.data)
    fIsNeedUpdateBattLv                      0x200000e6   Data           1  user_menu.o(.data)
    vDisplayingBattLv                        0x200000e7   Data           1  user_menu.o(.data)
    fIsSystemFirstPowerON                    0x200000e8   Data           1  user_menu.o(.data)
    vPowerOnCnt                              0x200000e9   Data           1  user_menu.o(.data)
    fIsChargingCntStart                      0x200000ea   Data           1  user_menu.o(.data)
    vL6ChargeTimer                           0x200000ec   Data           2  user_menu.o(.data)
    vLightEfftectVoltDectCnt                 0x200000ee   Data           1  user_menu.o(.data)
    vTemperatureCoe                          0x200000f0   Data           4  user_menu.o(.data)
    fIsHotNow                                0x200000f4   Data           1  user_menu.o(.data)
    fIsHotDisplayOn                          0x200000f5   Data           1  user_menu.o(.data)
    fIsBattAdcValueGot                       0x200000f6   Data           1  user_menu.o(.data)
    fIsSystemInitialing                      0x200000f7   Data           1  user_menu.o(.data)
    fIsChargeDisplaying                      0x200000f8   Data           1  user_menu.o(.data)
    fIsSystemOff                             0x200000f9   Data           1  user_menu.o(.data)
    fIsLightActive                           0x200000fa   Data           1  user_menu.o(.data)
    fPowerOffByBattLow                       0x200000fb   Data           1  user_menu.o(.data)
    fNeedFirstGetChargeModeVolt              0x200000fc   Data           1  user_menu.o(.data)
    pDisplayParams                           0x20000100   Data           4  user_menu.o(.data)
    pPcaDataStruct                           0x20000104   Data           4  user_menu.o(.data)
    pUserColor                               0x20000108   Data           4  user_menu.o(.data)
    fIsAdjustSlowMode                        0x2000010c   Data           1  user_menu.o(.data)
    vAdjustSlowIndex                         0x2000010d   Data           1  user_menu.o(.data)
    vAdjustSlowCwStep                        0x20000110   Data           4  user_menu.o(.data)
    vAdjustSlowMwStep                        0x20000114   Data           4  user_menu.o(.data)
    fIsLightEffectOn                         0x20000118   Data           1  user_menu.o(.data)
    vSystemTemperature                       0x20000119   Data           1  user_menu.o(.data)
    fIsMotorOn                               0x2000011a   Data           1  user_menu.o(.data)
    vMotorDriverLv                           0x2000011c   Data           4  user_menu.o(.data)
    vPreMotorDriverLv                        0x20000120   Data           4  user_menu.o(.data)
    fTimeToSendErrorMsg                      0x20000124   Data           1  user_menu.o(.data)
    vMotorTimeCnt                            0x20000126   Data           2  user_menu.o(.data)
    fIsMotorStep0                            0x20000128   Data           1  user_menu.o(.data)
    vMotorCycle                              0x20000129   Data           1  user_menu.o(.data)
    fIsMotor1sReach                          0x2000012a   Data           1  user_menu.o(.data)
    fIsMotorStartup                          0x2000012b   Data           1  user_menu.o(.data)
    vStartupIndex                            0x2000012c   Data           1  user_menu.o(.data)
    vTime100msCnt                            0x2000012e   Data           2  user_menu.o(.data)
    fNeedUpdateSpeedLv                       0x20000130   Data           1  user_menu.o(.data)
    vDutyWhenChange                          0x20000134   Data           4  user_menu.o(.data)
    fIsCharging                              0x20000138   Data           1  user_menu.o(.data)
    fIsDischarging                           0x20000139   Data           1  user_menu.o(.data)
    vPWMDuty                                 0x2000013c   Data           4  user_menu.o(.data)
    vPWMStartupDuty                          0x20000140   Data           4  user_menu.o(.data)
    fTimerToPowerOnLED                       0x20000144   Data           1  user_menu.o(.data)
    vPowerOnLEDCnt                           0x20000145   Data           1  user_menu.o(.data)
    vChargePercent                           0x20000146   Data           1  user_menu.o(.data)
    vDisableGetBattTimer                     0x20000147   Data           1  user_menu.o(.data)
    fIsWakeupByCharge                        0x20000148   Data           1  user_menu.o(.data)
    vTimeToTurnOffLCD                        0x20000149   Data           1  user_menu.o(.data)
    fIsUpdateRemainTimer                     0x2000014a   Data           1  user_menu.o(.data)
    vRemainTimer                             0x2000014c   Data           2  user_menu.o(.data)
    vRemainCheckTimes                        0x2000014e   Data           2  user_menu.o(.data)
    vCwMaxTimer                              0x20000150   Data           1  user_menu.o(.data)
    battIndex                                0x20000151   Data           1  user_menu.o(.data)
    fIsUpdateChargeingVolt                   0x20000152   Data           1  user_menu.o(.data)
    fTimeToI2cComm                           0x20000153   Data           1  user_menu.o(.data)
    vStartI2cAfterTimes                      0x20000154   Data           1  user_menu.o(.data)
    fNeedSetChargeingIC                      0x20000155   Data           1  user_menu.o(.data)
    fIsPowerOnFirst10s                       0x20000156   Data           1  user_menu.o(.data)
    fIsNewCMDGod                             0x20000157   Data           1  user_menu.o(.data)
    vVap_Volt                                0x20000158   Data           4  user_menu.o(.data)
    fIsVapCalibrated                         0x2000015c   Data           1  user_menu.o(.data)
    fIsDriverVersionGot                      0x2000015d   Data           1  user_menu.o(.data)
    factoryParams                            0x2000015e   Data          12  user_menu.o(.data)
    vBattFullTimes                           0x2000016a   Data           1  user_menu.o(.data)
    vNearBattFullCnt                         0x2000016c   Data           2  user_menu.o(.data)
    vChgResultForDisplay                     0x2000016e   Data           1  user_menu.o(.data)
    vChgVoltCntH                             0x2000016f   Data           1  user_menu.o(.data)
    vChgVoltCntL                             0x20000170   Data           1  user_menu.o(.data)
    AWK_flg                                  0x20000174   Data           4  user_awk.o(.data)
    SPIFlagState                             0x20000178   Data           1  user_spi.o(.data)
    SPI_Data                                 0x20000179   Data           1  user_spi.o(.data)
    MASTERFLAG                               0x2000017a   Data           1  user_spi.o(.data)
    FlagState                                0x2000017c   Data           1  user_uart.o(.data)
    vUartRecevieOverCnt                      0x2000017e   Data           2  user_uart.o(.data)
    fIsUartReceiving                         0x20000180   Data           1  user_uart.o(.data)
    fIsUartStartRecevingValidData            0x20000181   Data           1  user_uart.o(.data)
    fIsMasterWritCmd                         0x20000182   Data           1  user_uart.o(.data)
    vUartCMDLength                           0x20000183   Data           1  user_uart.o(.data)
    fIsUartSending                           0x20000184   Data           1  user_uart.o(.data)
    vUartReceivedLength                      0x20000185   Data           1  user_uart.o(.data)
    vUartSentLength                          0x20000186   Data           1  user_uart.o(.data)
    SendState                                0x20000187   Data           1  user_uart.o(.data)
    fIsHeaderSent                            0x20000188   Data           1  user_uart.o(.data)
    chargeParas                              0x2000018c   Data           8  user_charge.o(.data)
    vSystemChgStts                           0x20000194   Data           1  user_charge.o(.data)
    vChgTestIndex                            0x20000195   Data           1  user_charge.o(.data)
    vChgTestIndex2                           0x20000196   Data           1  user_charge.o(.data)
    vCommBitCnt                              0x20000198   Data           1  communication.o(.data)
    receivedData                             0x20000199   Data           1  communication.o(.data)
    vTimeoutCnt                              0x2000019a   Data           2  communication.o(.data)
    chgRecStts                               0x2000019c   Data           2  communication.o(.data)
    vSkipCommKeyTimer                        0x2000019e   Data           1  communication.o(.data)
    remoteKeyStruct                          0x2000019f   Data           2  communication.o(.data)
    vSyncCnt                                 0x200001a2   Data           2  communication.o(.data)
    userPwmParaStruct                        0x200001a4   Data          24  user_menu.o(.bss)
    userAdcStruct                            0x200001bc   Data          18  user_menu.o(.bss)
    displayParams                            0x200001ce   Data          18  user_menu.o(.bss)
    pcaDataStruct                            0x200001e0   Data          10  user_menu.o(.bss)
    targetPwmDataStruct                      0x200001ea   Data          10  user_menu.o(.bss)
    oriPwmDataStruct                         0x200001f4   Data          10  user_menu.o(.bss)
    userColor                                0x20000200   Data          32  user_menu.o(.bss)
    battArray                                0x20000220   Data          40  user_menu.o(.bss)
    sysTimes                                 0x20000248   Data          16  user_menu.o(.bss)
    UART_TX_BUF                              0x20000258   Data          25  user_uart.o(.bss)
    UART_RX_BUF                              0x20000271   Data          25  user_uart.o(.bss)
    Driver_Version                           0x2000028a   Data          11  user_uart.o(.bss)
    uartBackupStruct                         0x20000295   Data          23  user_uart.o(.bss)
    uartCMDStruct                            0x200002ac   Data          16  user_uart.o(.bss)
    chgRecingParams                          0x200002bc   Data           9  communication.o(.bss)
    __libspace_start                         0x200002c8   Data          96  libspace.o(.bss)
    __temporary_stack_top$libspace           0x20000328   Data           0  libspace.o(.bss)



==============================================================================

Memory Map of the image

  Image Entry point : 0x000000c1

  Load Region LR_IROM1 (Base: 0x00000000, Size: 0x000084dc, Max: 0x00010000, ABSOLUTE, COMPRESSED[0x000083a4])

    Execution Region ER_IROM1 (Exec base: 0x00000000, Load base: 0x00000000, Size: 0x00008338, Max: 0x00010000, ABSOLUTE)

    Exec Addr    Load Addr    Size         Type   Attr      Idx    E Section Name        Object

    0x00000000   0x00000000   0x000000c0   Data   RO           50    RESET               startup_cx32l003.o
    0x000000c0   0x000000c0   0x00000008   Code   RO         1238  * !!!main             c_p.l(__main.o)
    0x000000c8   0x000000c8   0x0000003c   Code   RO         1460    !!!scatter          c_p.l(__scatter.o)
    0x00000104   0x00000104   0x0000001c   Code   RO         1462    !!handler_zi        c_p.l(__scatter_zi.o)
    0x00000120   0x00000120   0x00000002   Code   RO         1325    .ARM.Collect$$libinit$$00000000  c_p.l(libinit.o)
    0x00000122   0x00000122   0x00000000   Code   RO         1341    .ARM.Collect$$libinit$$00000002  c_p.l(libinit2.o)
    0x00000122   0x00000122   0x00000000   Code   RO         1343    .ARM.Collect$$libinit$$00000004  c_p.l(libinit2.o)
    0x00000122   0x00000122   0x00000000   Code   RO         1346    .ARM.Collect$$libinit$$0000000A  c_p.l(libinit2.o)
    0x00000122   0x00000122   0x00000000   Code   RO         1348    .ARM.Collect$$libinit$$0000000C  c_p.l(libinit2.o)
    0x00000122   0x00000122   0x00000000   Code   RO         1350    .ARM.Collect$$libinit$$0000000E  c_p.l(libinit2.o)
    0x00000122   0x00000122   0x00000000   Code   RO         1353    .ARM.Collect$$libinit$$00000011  c_p.l(libinit2.o)
    0x00000122   0x00000122   0x00000000   Code   RO         1355    .ARM.Collect$$libinit$$00000013  c_p.l(libinit2.o)
    0x00000122   0x00000122   0x00000000   Code   RO         1357    .ARM.Collect$$libinit$$00000015  c_p.l(libinit2.o)
    0x00000122   0x00000122   0x00000000   Code   RO         1359    .ARM.Collect$$libinit$$00000017  c_p.l(libinit2.o)
    0x00000122   0x00000122   0x00000000   Code   RO         1361    .ARM.Collect$$libinit$$00000019  c_p.l(libinit2.o)
    0x00000122   0x00000122   0x00000000   Code   RO         1363    .ARM.Collect$$libinit$$0000001B  c_p.l(libinit2.o)
    0x00000122   0x00000122   0x00000000   Code   RO         1365    .ARM.Collect$$libinit$$0000001D  c_p.l(libinit2.o)
    0x00000122   0x00000122   0x00000000   Code   RO         1367    .ARM.Collect$$libinit$$0000001F  c_p.l(libinit2.o)
    0x00000122   0x00000122   0x00000000   Code   RO         1369    .ARM.Collect$$libinit$$00000021  c_p.l(libinit2.o)
    0x00000122   0x00000122   0x00000000   Code   RO         1371    .ARM.Collect$$libinit$$00000023  c_p.l(libinit2.o)
    0x00000122   0x00000122   0x00000000   Code   RO         1373    .ARM.Collect$$libinit$$00000025  c_p.l(libinit2.o)
    0x00000122   0x00000122   0x00000000   Code   RO         1377    .ARM.Collect$$libinit$$0000002C  c_p.l(libinit2.o)
    0x00000122   0x00000122   0x00000000   Code   RO         1379    .ARM.Collect$$libinit$$0000002E  c_p.l(libinit2.o)
    0x00000122   0x00000122   0x00000000   Code   RO         1381    .ARM.Collect$$libinit$$00000030  c_p.l(libinit2.o)
    0x00000122   0x00000122   0x00000000   Code   RO         1383    .ARM.Collect$$libinit$$00000032  c_p.l(libinit2.o)
    0x00000122   0x00000122   0x00000002   Code   RO         1384    .ARM.Collect$$libinit$$00000033  c_p.l(libinit2.o)
    0x00000124   0x00000124   0x00000002   Code   RO         1415    .ARM.Collect$$libshutdown$$00000000  c_p.l(libshutdown.o)
    0x00000126   0x00000126   0x00000000   Code   RO         1441    .ARM.Collect$$libshutdown$$00000002  c_p.l(libshutdown2.o)
    0x00000126   0x00000126   0x00000000   Code   RO         1443    .ARM.Collect$$libshutdown$$00000004  c_p.l(libshutdown2.o)
    0x00000126   0x00000126   0x00000000   Code   RO         1446    .ARM.Collect$$libshutdown$$00000007  c_p.l(libshutdown2.o)
    0x00000126   0x00000126   0x00000000   Code   RO         1449    .ARM.Collect$$libshutdown$$0000000A  c_p.l(libshutdown2.o)
    0x00000126   0x00000126   0x00000000   Code   RO         1451    .ARM.Collect$$libshutdown$$0000000C  c_p.l(libshutdown2.o)
    0x00000126   0x00000126   0x00000000   Code   RO         1454    .ARM.Collect$$libshutdown$$0000000F  c_p.l(libshutdown2.o)
    0x00000126   0x00000126   0x00000002   Code   RO         1455    .ARM.Collect$$libshutdown$$00000010  c_p.l(libshutdown2.o)
    0x00000128   0x00000128   0x00000000   Code   RO         1278    .ARM.Collect$$rtentry$$00000000  c_p.l(__rtentry.o)
    0x00000128   0x00000128   0x00000000   Code   RO         1289    .ARM.Collect$$rtentry$$00000002  c_p.l(__rtentry2.o)
    0x00000128   0x00000128   0x00000006   Code   RO         1301    .ARM.Collect$$rtentry$$00000004  c_p.l(__rtentry4.o)
    0x0000012e   0x0000012e   0x00000000   Code   RO         1291    .ARM.Collect$$rtentry$$00000009  c_p.l(__rtentry2.o)
    0x0000012e   0x0000012e   0x00000004   Code   RO         1292    .ARM.Collect$$rtentry$$0000000A  c_p.l(__rtentry2.o)
    0x00000132   0x00000132   0x00000000   Code   RO         1294    .ARM.Collect$$rtentry$$0000000C  c_p.l(__rtentry2.o)
    0x00000132   0x00000132   0x00000008   Code   RO         1295    .ARM.Collect$$rtentry$$0000000D  c_p.l(__rtentry2.o)
    0x0000013a   0x0000013a   0x00000002   Code   RO         1332    .ARM.Collect$$rtexit$$00000000  c_p.l(rtexit.o)
    0x0000013c   0x0000013c   0x00000000   Code   RO         1388    .ARM.Collect$$rtexit$$00000002  c_p.l(rtexit2.o)
    0x0000013c   0x0000013c   0x00000004   Code   RO         1389    .ARM.Collect$$rtexit$$00000003  c_p.l(rtexit2.o)
    0x00000140   0x00000140   0x00000006   Code   RO         1390    .ARM.Collect$$rtexit$$00000004  c_p.l(rtexit2.o)
    0x00000146   0x00000146   0x00000002   PAD
    0x00000148   0x00000148   0x00000038   Code   RO         1228    .emb_text           c_p.l(rt_memcpy.o)
    0x00000180   0x00000180   0x00000030   Code   RO           51    .text               startup_cx32l003.o
    0x000001b0   0x000001b0   0x00000290   Code   RO           57    .text               cx32l003_adc.o
    0x00000440   0x00000440   0x00000050   Code   RO          102    .text               cx32l003_awk.o
    0x00000490   0x00000490   0x00000066   Code   RO          220    .text               cx32l003_exti.o
    0x000004f6   0x000004f6   0x00000002   PAD
    0x000004f8   0x000004f8   0x00000298   Code   RO          269    .text               cx32l003_gpio.o
    0x00000790   0x00000790   0x00000048   Code   RO          312    .text               cx32l003_it.o
    0x000007d8   0x000007d8   0x00000114   Code   RO          361    .text               cx32l003_lptimer.o
    0x000008ec   0x000008ec   0x000003f4   Code   RO          485    .text               cx32l003_rcc.o
    0x00000ce0   0x00000ce0   0x00000090   Code   RO          531    .text               cx32l003_spi.o
    0x00000d70   0x00000d70   0x000001a0   Code   RO          554    .text               cx32l003_syscon.o
    0x00000f10   0x00000f10   0x00000154   Code   RO          577    .text               cx32l003_timer.o
    0x00001064   0x00001064   0x000002f8   Code   RO          603    .text               cx32l003_uart.o
    0x0000135c   0x0000135c   0x000000cc   Code   RO          679    .text               misc.o
    0x00001428   0x00001428   0x000000e0   Code   RO          722    .text               user_basetime.o
    0x00001508   0x00001508   0x00000344   Code   RO          756    .text               user_exti.o
    0x0000184c   0x0000184c   0x00000012   Code   RO          794    .text               user_internalflash.o
    0x0000185e   0x0000185e   0x00000002   PAD
    0x00001860   0x00001860   0x000001ec   Code   RO          817    .text               user_lptimer.o
    0x00001a4c   0x00001a4c   0x0000011c   Code   RO          850    .text               user_sysclock.o
    0x00001b68   0x00001b68   0x00000138   Code   RO          881    .text               main.o
    0x00001ca0   0x00001ca0   0x00000200   Code   RO          929    .text               user_key.o
    0x00001ea0   0x00001ea0   0x00001bec   Code   RO          956    .text               user_menu.o
    0x00003a8c   0x00003a8c   0x000001ac   Code   RO          995    .text               user_adc.o
    0x00003c38   0x00003c38   0x0000007c   Code   RO         1015    .text               user_awk.o
    0x00003cb4   0x00003cb4   0x00000cac   Code   RO         1055    .text               user_lcd.o
    0x00004960   0x00004960   0x00000040   Code   RO         1080    .text               user_ddl.o
    0x000049a0   0x000049a0   0x000001a8   Code   RO         1094    .text               user_spi.o
    0x00004b48   0x00004b48   0x0000069c   Code   RO         1117    .text               user_uart.o
    0x000051e4   0x000051e4   0x000003d8   Code   RO         1148    .text               user_color.o
    0x000055bc   0x000055bc   0x00000194   Code   RO         1171    .text               user_charge.o
    0x00005750   0x00005750   0x000002f4   Code   RO         1200    .text               communication.o
    0x00005a44   0x00005a44   0x00000082   Code   RO         1229    .text               c_p.l(rt_memcpy.o)
    0x00005ac6   0x00005ac6   0x0000015a   Code   RO         1232    .text               c_p.l(aeabi_sdiv.o)
    0x00005c20   0x00005c20   0x00000006   Code   RO         1236    .text               c_p.l(heapauxi.o)
    0x00005c26   0x00005c26   0x00000002   PAD
    0x00005c28   0x00005c28   0x0000007c   Code   RO         1240    .text               fz_ps.l(d2f.o)
    0x00005ca4   0x00005ca4   0x00000358   Code   RO         1242    .text               fz_ps.l(daddsub.o)
    0x00005ffc   0x00005ffc   0x00000448   Code   RO         1244    .text               fz_ps.l(ddiv.o)
    0x00006444   0x00006444   0x00000048   Code   RO         1247    .text               fz_ps.l(dfixui.o)
    0x0000648c   0x0000648c   0x00000058   Code   RO         1249    .text               fz_ps.l(dflti.o)
    0x000064e4   0x000064e4   0x00000248   Code   RO         1253    .text               fz_ps.l(dmul.o)
    0x0000672c   0x0000672c   0x00000054   Code   RO         1257    .text               fz_ps.l(f2d.o)
    0x00006780   0x00006780   0x00000160   Code   RO         1265    .text               fz_ps.l(fdiv.o)
    0x000068e0   0x000068e0   0x0000004c   Code   RO         1268    .text               fz_ps.l(ffixi.o)
    0x0000692c   0x0000692c   0x00000030   Code   RO         1270    .text               fz_ps.l(ffixui.o)
    0x0000695c   0x0000695c   0x0000005e   Code   RO         1272    .text               fz_ps.l(fflti.o)
    0x000069ba   0x000069ba   0x00000002   PAD
    0x000069bc   0x000069bc   0x00000090   Code   RO         1283    .text               fz_ps.l(dcmpin.o)
    0x00006a4c   0x00006a4c   0x00000064   Code   RO         1285    .text               fz_ps.l(fcmpin.o)
    0x00006ab0   0x00006ab0   0x0000002e   Code   RO         1305    .text               fz_ps.l(cmpret.o)
    0x00006ade   0x00006ade   0x00000002   PAD
    0x00006ae0   0x00006ae0   0x00000014   Code   RO         1307    .text               fz_ps.l(dnan2.o)
    0x00006af4   0x00006af4   0x00000010   Code   RO         1309    .text               fz_ps.l(fnan2.o)
    0x00006b04   0x00006b04   0x0000003e   Code   RO         1311    .text               c_p.l(sys_stackheap_outer.o)
    0x00006b42   0x00006b42   0x00000010   Code   RO         1314    .text               c_p.l(exit.o)
    0x00006b52   0x00006b52   0x0000005e   Code   RO         1326    .text               fz_ps.l(retnan.o)
    0x00006bb0   0x00006bb0   0x00000008   Code   RO         1328    .text               c_p.l(libspace.o)
    0x00006bb8   0x00006bb8   0x0000000c   Code   RO         1385    .text               c_p.l(sys_exit.o)
    0x00006bc4   0x00006bc4   0x00000002   Code   RO         1404    .text               c_p.l(use_no_semi.o)
    0x00006bc6   0x00006bc6   0x00000000   Code   RO         1406    .text               c_p.l(indicate_semi.o)
    0x00006bc6   0x00006bc6   0x00000056   Code   RO         1458    .text               c_p.l(__dczerorl2.o)
    0x00006c1c   0x00006c1c   0x0000001c   Code   RO          865    i.__ARM_common_switch8  user_sysclock.o
    0x00006c38   0x00006c38   0x00000064   Code   RO         1251    x$fpl$dleqf         fz_ps.l(dlef.o)
    0x00006c9c   0x00006c9c   0x00000068   Code   RO         1255    x$fpl$drleqf        fz_ps.l(drlef.o)
    0x00006d04   0x00006d04   0x0000008c   Code   RO         1259    x$fpl$fadd          fz_ps.l(faddsub.o)
    0x00006d90   0x00006d90   0x000000b0   Code   RO         1274    x$fpl$fmul          fz_ps.l(fmul.o)
    0x00006e40   0x00006e40   0x00000058   Code   RO         1276    x$fpl$frleqf        fz_ps.l(frlef.o)
    0x00006e98   0x00006e98   0x00000018   Code   RO         1260    x$fpl$frsb          fz_ps.l(faddsub.o)
    0x00006eb0   0x00006eb0   0x000000d0   Code   RO         1261    x$fpl$fsub          fz_ps.l(faddsub.o)
    0x00006f80   0x00006f80   0x00000000   Code   RO         1287    x$fpl$usenofp       fz_ps.l(usenofp.o)
    0x00006f80   0x00006f80   0x00001093   Data   RO         1056    .constdata          user_lcd.o
    0x00008013   0x00008013   0x00000001   PAD
    0x00008014   0x00008014   0x00000244   Data   RO         1149    .constdata          user_color.o
    0x00008258   0x00008258   0x00000080   Data   RO         1245    .constdata          fz_ps.l(ddiv.o)
    0x000082d8   0x000082d8   0x00000040   Data   RO         1266    .constdata          fz_ps.l(fdiv.o)
    0x00008318   0x00008318   0x00000020   Data   RO         1456    Region$$Table       anon$$obj.o


    Execution Region RW_IRAM1 (Exec base: 0x20000000, Load base: 0x00008338, Size: 0x00000b28, Max: 0x00001000, ABSOLUTE, COMPRESSED[0x0000006c])

    Exec Addr    Load Addr    Size         Type   Attr      Idx    E Section Name        Object

    0x20000000   COMPRESSED   0x00000004   Data   RW          723    .data               user_basetime.o
    0x20000004   COMPRESSED   0x00000002   Data   RW          757    .data               user_exti.o
    0x20000006   COMPRESSED   0x00000002   Data   RW          818    .data               user_lptimer.o
    0x20000008   COMPRESSED   0x000000b4   Data   RW          930    .data               user_key.o
    0x200000bc   COMPRESSED   0x000000b5   Data   RW          958    .data               user_menu.o
    0x20000171   COMPRESSED   0x00000003   PAD
    0x20000174   COMPRESSED   0x00000004   Data   RW         1016    .data               user_awk.o
    0x20000178   COMPRESSED   0x00000003   Data   RW         1095    .data               user_spi.o
    0x2000017b   COMPRESSED   0x00000001   PAD
    0x2000017c   COMPRESSED   0x0000000d   Data   RW         1119    .data               user_uart.o
    0x20000189   COMPRESSED   0x00000003   PAD
    0x2000018c   COMPRESSED   0x0000000b   Data   RW         1172    .data               user_charge.o
    0x20000197   COMPRESSED   0x00000001   PAD
    0x20000198   COMPRESSED   0x0000000c   Data   RW         1202    .data               communication.o
    0x200001a4        -       0x000000b4   Zero   RW          957    .bss                user_menu.o
    0x20000258        -       0x00000064   Zero   RW         1118    .bss                user_uart.o
    0x200002bc        -       0x00000009   Zero   RW         1201    .bss                communication.o
    0x200002c5   COMPRESSED   0x00000003   PAD
    0x200002c8        -       0x00000060   Zero   RW         1329    .bss                c_p.l(libspace.o)
    0x20000328        -       0x00000400   Zero   RW           49    HEAP                startup_cx32l003.o
    0x20000728        -       0x00000400   Zero   RW           48    STACK               startup_cx32l003.o


==============================================================================

Image component sizes


      Code (inc. data)   RO Data    RW Data    ZI Data      Debug   Object Name

       756         50          0         12          9       3514   communication.o
       656         10          0          0          0      42352   cx32l003_adc.o
        80          0          0          0          0       2280   cx32l003_awk.o
       102          0          0          0          0       3110   cx32l003_exti.o
       664         20          0          0          0      20738   cx32l003_gpio.o
        72         10          0          0          0       9270   cx32l003_it.o
       276          4          0          0          0       5167   cx32l003_lptimer.o
         0          0          0          0          0       7820   cx32l003_lpuart.o
      1012         16          0          0          0       7886   cx32l003_rcc.o
       144          4          0          0          0       4244   cx32l003_spi.o
       416         14          0          0          0       4500   cx32l003_syscon.o
       340         14          0          0          0       7132   cx32l003_timer.o
       760         26          0          0          0       6679   cx32l003_uart.o
       312         60          0          0          0        603   main.o
       204         18          0          0          0       1733   misc.o
        48         22        192          0       2048        652   startup_cx32l003.o
         0          0          0          0          0       4540   system_cx32l003.o
       428         20          0          0          0       2170   user_adc.o
       124          8          0          4          0       1067   user_awk.o
       224         20          0          4          0      11179   user_basetime.o
       404         38          0         11          0       2379   user_charge.o
       984         92        580          0          0       1890   user_color.o
        64          0          0          0          0       1140   user_ddl.o
       836         38          0          2          0       3015   user_exti.o
        18          0          0          0          0        876   user_internalflash.o
       512         32          0        180          0       3880   user_key.o
      3244        246       4243          0          0      10939   user_lcd.o
       492         42          0          2          0       1841   user_lptimer.o
      7148        852          0        181        180      15365   user_menu.o
       424         28          0          3          0       2516   user_spi.o
       312         26          0          0          0       1239   user_sysclock.o
      1692        110          0         13        100       7785   user_uart.o

    ----------------------------------------------------------------------
     22752       1820       5048        420       2340     199501   Object Totals
         0          0         32          0          0          0   (incl. Generated)
         4          0          1          8          3          0   (incl. Padding)

    ----------------------------------------------------------------------

      Code (inc. data)   RO Data    RW Data    ZI Data      Debug   Library Member Name

        86          0          0          0          0          0   __dczerorl2.o
         8          0          0          0          0         68   __main.o
         0          0          0          0          0          0   __rtentry.o
        12          0          0          0          0          0   __rtentry2.o
         6          0          0          0          0          0   __rtentry4.o
        60          8          0          0          0          0   __scatter.o
        28          0          0          0          0          0   __scatter_zi.o
       346          0          0          0          0         92   aeabi_sdiv.o
        16          0          0          0          0         68   exit.o
         6          0          0          0          0        136   heapauxi.o
         0          0          0          0          0          0   indicate_semi.o
         2          0          0          0          0          0   libinit.o
         2          0          0          0          0          0   libinit2.o
         2          0          0          0          0          0   libshutdown.o
         2          0          0          0          0          0   libshutdown2.o
         8          4          0          0         96         68   libspace.o
       186          0          0          0          0        144   rt_memcpy.o
         2          0          0          0          0          0   rtexit.o
        10          0          0          0          0          0   rtexit2.o
        12          4          0          0          0         60   sys_exit.o
        62          0          0          0          0         80   sys_stackheap_outer.o
         2          0          0          0          0         68   use_no_semi.o
        46          0          0          0          0         60   cmpret.o
       124          4          0          0          0         72   d2f.o
       856         20          0          0          0        208   daddsub.o
       144          4          0          0          0         76   dcmpin.o
      1096         26        128          0          0        112   ddiv.o
        72          4          0          0          0         68   dfixui.o
        88          0          0          0          0         92   dflti.o
       100          4          0          0          0         92   dlef.o
       584         26          0          0          0         84   dmul.o
        20          6          0          0          0         68   dnan2.o
       104          4          0          0          0        104   drlef.o
        84          4          0          0          0         60   f2d.o
       372          8          0          0          0        240   faddsub.o
       100          4          0          0          0         68   fcmpin.o
       352         10         64          0          0         92   fdiv.o
        76          0          0          0          0         68   ffixi.o
        48          0          0          0          0         60   ffixui.o
        94          0          0          0          0         92   fflti.o
       176          4          0          0          0         80   fmul.o
        16          6          0          0          0         68   fnan2.o
        88          4          0          0          0         76   frlef.o
        94          0          0          0          0         68   retnan.o
         0          0          0          0          0          0   usenofp.o

    ----------------------------------------------------------------------
      5600        154        192          0         96       2792   Library Totals
         8          0          0          0          0          0   (incl. Padding)

    ----------------------------------------------------------------------

      Code (inc. data)   RO Data    RW Data    ZI Data      Debug   Library Name

       858         16          0          0         96        784   c_p.l
      4734        138        192          0          0       2008   fz_ps.l

    ----------------------------------------------------------------------
      5600        154        192          0         96       2792   Library Totals

    ----------------------------------------------------------------------

==============================================================================


      Code (inc. data)   RO Data    RW Data    ZI Data      Debug   

     28352       1974       5240        420       2436     198569   Grand Totals
     28352       1974       5240        108       2436     198569   ELF Image Totals (compressed)
     28352       1974       5240        108          0          0   ROM Totals

==============================================================================

    Total RO  Size (Code + RO Data)                33592 (  32.80kB)
    Total RW  Size (RW Data + ZI Data)              2856 (   2.79kB)
    Total ROM Size (Code + RO Data + RW Data)      33700 (  32.91kB)

==============================================================================

