Component: ARM Compiler 5.06 update 6 (build 750) Tool: armlink [4d35ed]

==============================================================================

Section Cross References

    startup_cx32l003.o(STACK) refers (Special) to heapauxi.o(.text) for __use_two_region_memory
    startup_cx32l003.o(HEAP) refers (Special) to heapauxi.o(.text) for __use_two_region_memory
    startup_cx32l003.o(RESET) refers (Special) to heapauxi.o(.text) for __use_two_region_memory
    startup_cx32l003.o(RESET) refers to startup_cx32l003.o(STACK) for __initial_sp
    startup_cx32l003.o(RESET) refers to startup_cx32l003.o(.text) for Reset_Handler
    startup_cx32l003.o(RESET) refers to cx32l003_it.o(.text) for NMI_Handler
    startup_cx32l003.o(RESET) refers to user_exti.o(.text) for GPIOA_IRQHandler
    startup_cx32l003.o(RESET) refers to user_spi.o(.text) for SPI0COMB_IRQHandler
    startup_cx32l003.o(RESET) refers to user_i2c.o(.text) for I2C0_IRQHandler
    startup_cx32l003.o(RESET) refers to user_basetime.o(.text) for TIMER10_IRQHandler
    startup_cx32l003.o(RESET) refers to user_lptimer.o(.text) for LPTIMER_IRQHandler
    startup_cx32l003.o(RESET) refers to user_adc.o(.text) for ADC0_IRQHandler
    startup_cx32l003.o(RESET) refers to user_awk.o(.text) for AWK_IRQHandler
    startup_cx32l003.o(.text) refers (Special) to heapauxi.o(.text) for __use_two_region_memory
    startup_cx32l003.o(.text) refers to __main.o(!!!main) for __main
    startup_cx32l003.o(.text) refers to startup_cx32l003.o(HEAP) for Heap_Mem
    startup_cx32l003.o(.text) refers to startup_cx32l003.o(STACK) for Stack_Mem
    cx32l003_adc.o(.text) refers to cx32l003_rcc.o(.text) for RCC_PeriphResetCmd
    cx32l003_beeper.o(.text) refers to cx32l003_rcc.o(.text) for RCC_PeriphResetCmd
    cx32l003_crc.o(.text) refers to cx32l003_rcc.o(.text) for RCC_PeriphResetCmd
    cx32l003_gpio.o(.text) refers to cx32l003_rcc.o(.text) for RCC_PeriphResetCmd
    cx32l003_i2c.o(.text) refers to cx32l003_rcc.o(.text) for RCC_PeriphResetCmd
    cx32l003_i2c.o(.text) refers to dflti.o(.text) for __aeabi_ui2d
    cx32l003_i2c.o(.text) refers to ddiv.o(.text) for __aeabi_ddiv
    cx32l003_i2c.o(.text) refers to daddsub.o(.text) for __aeabi_dadd
    cx32l003_i2c.o(.text) refers to dfixui.o(.text) for __aeabi_d2uiz
    cx32l003_it.o(.text) refers to user_internalflash.o(.text) for StoreExceptions2Flash
    cx32l003_lpuart.o(.text) refers to cx32l003_rcc.o(.text) for RCC_PeriphResetCmd
    cx32l003_lpuart.o(.text) refers to dflti.o(.text) for __aeabi_ui2d
    cx32l003_lpuart.o(.text) refers to dmul.o(.text) for __aeabi_dmul
    cx32l003_lpuart.o(.text) refers to ddiv.o(.text) for __aeabi_ddiv
    cx32l003_lpuart.o(.text) refers to daddsub.o(.text) for __aeabi_dadd
    cx32l003_lpuart.o(.text) refers to d2f.o(.text) for __aeabi_d2f
    cx32l003_lpuart.o(.text) refers to ffixi.o(.text) for __aeabi_f2iz
    cx32l003_owire.o(.text) refers to aeabi_sdiv.o(.text) for __aeabi_uidivmod
    cx32l003_owire.o(.text) refers to dflti.o(.text) for __aeabi_ui2d
    cx32l003_owire.o(.text) refers to daddsub.o(.text) for __aeabi_dadd
    cx32l003_owire.o(.text) refers to dfixui.o(.text) for __aeabi_d2uiz
    cx32l003_spi.o(.text) refers to cx32l003_rcc.o(.text) for RCC_PeriphResetCmd
    cx32l003_syscon.o(.text) refers to cx32l003_rcc.o(.text) for RCC_PeriphResetCmd
    cx32l003_timer.o(.text) refers to cx32l003_rcc.o(.text) for RCC_PeriphResetCmd
    cx32l003_uart.o(.text) refers to cx32l003_rcc.o(.text) for RCC_PeriphResetCmd
    cx32l003_uart.o(.text) refers to dflti.o(.text) for __aeabi_ui2d
    cx32l003_uart.o(.text) refers to dmul.o(.text) for __aeabi_dmul
    cx32l003_uart.o(.text) refers to ddiv.o(.text) for __aeabi_ddiv
    cx32l003_uart.o(.text) refers to daddsub.o(.text) for __aeabi_dadd
    cx32l003_uart.o(.text) refers to d2f.o(.text) for __aeabi_d2f
    cx32l003_uart.o(.text) refers to ffixi.o(.text) for __aeabi_f2iz
    cx32l003_wwdt.o(.text) refers to cx32l003_rcc.o(.text) for RCC_PeriphResetCmd
    user_basetime.o(.text) refers to cx32l003_timer.o(.text) for TIM_TimeBaseInit
    user_basetime.o(.text) refers to misc.o(.text) for NVIC_PriorityGroupConfig
    user_basetime.o(.text) refers to user_exti.o(.text) for userNVICPrioirySetting
    user_basetime.o(.text) refers to user_menu.o(.bss) for sysTimes
    user_basetime.o(.text) refers to user_basetime.o(.data) for .data
    user_exti.o(.text) refers to misc.o(.text) for NVIC_PriorityGroupConfig
    user_exti.o(.text) refers to cx32l003_exti.o(.text) for GPIO_EXTILineConfig
    user_exti.o(.text) refers to user_menu.o(.text) for entryNormalModeChk
    user_exti.o(.text) refers to user_key.o(.text) for setPowerKeyPressedFlag
    user_exti.o(.text) refers to user_menu.o(.data) for fIsSystemOff
    user_internalflash.o(.text) refers to cx32l003_flash.o(.text) for FLASH_ClearFlag
    user_internalflash.o(.text) refers to h1_alloc.o(.text) for malloc
[...]
    ADC_Init                                 0x000001d5   Thumb Code    24  cx32l003_adc.o(.text)
    ADC_StructInit                           0x000001ed   Thumb Code    10  cx32l003_adc.o(.text)
    ADC_CommonInit                           0x000001f7   Thumb Code    38  cx32l003_adc.o(.text)
    ADC_CommonStructInit                     0x0000021d   Thumb Code    14  cx32l003_adc.o(.text)
    ADC_Cmd                                  0x0000022b   Thumb Code    20  cx32l003_adc.o(.text)
    ADC_RegularChannelConfig                 0x0000023f   Thumb Code    52  cx32l003_adc.o(.text)
    ADC_SoftwareStartConv                    0x00000273   Thumb Code    10  cx32l003_adc.o(.text)
    ADC_GetSoftwareStartConvStatus           0x0000027d   Thumb Code    14  cx32l003_adc.o(.text)
    ADC_ContinuousModeCmd                    0x0000028b   Thumb Code    20  cx32l003_adc.o(.text)
    ADC_ContinuousConverChannelCmd           0x0000029f   Thumb Code    16  cx32l003_adc.o(.text)
    ADC_ContinuousConverRstCmd               0x000002af   Thumb Code    20  cx32l003_adc.o(.text)
    ADC_DisContinuousModeCmd                 0x000002c3   Thumb Code    20  cx32l003_adc.o(.text)
    ADC_GetConversionValue                   0x000002d7   Thumb Code     6  cx32l003_adc.o(.text)
    ADC_GetChannelConversionValue            0x000002dd   Thumb Code    90  cx32l003_adc.o(.text)
    ADC_SetCompareHtValue                    0x00000337   Thumb Code     6  cx32l003_adc.o(.text)
    ADC_SetCompareLtValue                    0x0000033d   Thumb Code     6  cx32l003_adc.o(.text)
    ADC_CompareControl                       0x00000343   Thumb Code    18  cx32l003_adc.o(.text)
    ADC_ExternalTrigInjectedConvConfig       0x00000355   Thumb Code    18  cx32l003_adc.o(.text)
    ADC_ITCmd                                0x00000367   Thumb Code    16  cx32l003_adc.o(.text)
    ADC_AccCmd                               0x00000377   Thumb Code    20  cx32l003_adc.o(.text)
    ADC_AccResultClear                       0x0000038b   Thumb Code    20  cx32l003_adc.o(.text)
    ADC_GetAccResult                         0x0000039f   Thumb Code     4  cx32l003_adc.o(.text)
    ADC_GetRISFlagStatus                     0x000003a3   Thumb Code    14  cx32l003_adc.o(.text)
    ADC_GetMISFlagStatus                     0x000003b1   Thumb Code    14  cx32l003_adc.o(.text)
    ADC_ClearFlag                            0x000003bf   Thumb Code     8  cx32l003_adc.o(.text)
    AWK_Init                                 0x000003d1   Thumb Code    28  cx32l003_awk.o(.text)
    AWK_Cmd                                  0x000003ed   Thumb Code    18  cx32l003_awk.o(.text)
    AWK_SelClk                               0x000003ff   Thumb Code    16  cx32l003_awk.o(.text)
    AWK_SetRldval                            0x0000040f   Thumb Code     4  cx32l003_awk.o(.text)
    AWK_ClearITFlag                          0x00000413   Thumb Code     6  cx32l003_awk.o(.text)
    GPIO_EXTILineConfig                      0x00000419   Thumb Code    82  cx32l003_exti.o(.text)
    FLASH_GetStatus                          0x0000046d   Thumb Code    14  cx32l003_flash.o(.text)
    FLASH_WaitForLastOperation               0x0000047b   Thumb Code    26  cx32l003_flash.o(.text)
    FLASH_EraseSector                        0x00000495   Thumb Code    76  cx32l003_flash.o(.text)
    FLASH_EraseAllSectors                    0x000004e1   Thumb Code    58  cx32l003_flash.o(.text)
    FLASH_ProgramWord                        0x0000051b   Thumb Code    74  cx32l003_flash.o(.text)
    FLASH_ProgramHalfWord                    0x00000565   Thumb Code    74  cx32l003_flash.o(.text)
    FLASH_ProgramByte                        0x000005af   Thumb Code    74  cx32l003_flash.o(.text)
    FLASH_OB_WRPConfig                       0x000005f9   Thumb Code    68  cx32l003_flash.o(.text)
    FLASH_OB_UserConfig                      0x0000063d   Thumb Code    16  cx32l003_flash.o(.text)
    FLASH_OB_ISPConfig                       0x0000064d   Thumb Code    16  cx32l003_flash.o(.text)
    FLASH_ITConfig                           0x0000065d   Thumb Code    26  cx32l003_flash.o(.text)
    FLASH_GetFlagStatus                      0x00000677   Thumb Code    16  cx32l003_flash.o(.text)
    FLASH_ClearFlag                          0x00000687   Thumb Code    18  cx32l003_flash.o(.text)
    GPIO_DeInit                              0x000006a9   Thumb Code    70  cx32l003_gpio.o(.text)
    GPIO_AFIODeInit                          0x000006ef   Thumb Code    28  cx32l003_gpio.o(.text)
    GPIO_Init                                0x0000070b   Thumb Code   128  cx32l003_gpio.o(.text)
    GPIO_StructInit                          0x0000078b   Thumb Code    18  cx32l003_gpio.o(.text)
    GPIO_ReadInputDataBit                    0x0000079d   Thumb Code    14  cx32l003_gpio.o(.text)
    GPIO_ReadInputData                       0x000007ab   Thumb Code     6  cx32l003_gpio.o(.text)
    GPIO_DBSyncCmd                           0x000007b1   Thumb Code    20  cx32l003_gpio.o(.text)
    GPIO_DBPinSyncCmd                        0x000007c5   Thumb Code    16  cx32l003_gpio.o(.text)
    GPIO_DBClkCmd                            0x000007d5   Thumb Code    18  cx32l003_gpio.o(.text)
    GPIO_SetDBClk                            0x000007e7   Thumb Code    16  cx32l003_gpio.o(.text)
    GPIO_ReadOutputDataBit                   0x000007f7   Thumb Code    14  cx32l003_gpio.o(.text)
    GPIO_ReadOutputData                      0x00000805   Thumb Code     6  cx32l003_gpio.o(.text)
    GPIO_SetBits                             0x0000080b   Thumb Code     4  cx32l003_gpio.o(.text)
    GPIO_ResetBits                           0x0000080f   Thumb Code     4  cx32l003_gpio.o(.text)
    GPIO_WriteBit                            0x00000813   Thumb Code    12  cx32l003_gpio.o(.text)
    GPIO_Write                               0x0000081f   Thumb Code     4  cx32l003_gpio.o(.text)
    GPIO_ToggleBits                          0x00000823   Thumb Code     8  cx32l003_gpio.o(.text)
    GPIO_PinPuPdCmd                          0x0000082b   Thumb Code    24  cx32l003_gpio.o(.text)
    GPIO_PortDRCmd                           0x00000843   Thumb Code    20  cx32l003_gpio.o(.text)
    GPIO_PinRemapConfig                      0x00000857   Thumb Code    20  cx32l003_gpio.o(.text)
    GPIO_PinAFConfig                         0x0000086b   Thumb Code    22  cx32l003_gpio.o(.text)
    I2C_DeInit                               0x00000895   Thumb Code    32  cx32l003_i2c.o(.text)
    I2C_Init                                 0x000008b5   Thumb Code   166  cx32l003_i2c.o(.text)
    I2C_StructInit                           0x0000095b   Thumb Code    20  cx32l003_i2c.o(.text)
    I2C_Cmd                                  0x0000096f   Thumb Code    18  cx32l003_i2c.o(.text)
    I2C_MasterSendCmd                        0x00000981   Thumb Code    34  cx32l003_i2c.o(.text)
    I2C_GenerateSTART                        0x000009a3   Thumb Code    18  cx32l003_i2c.o(.text)
    I2C_GenerateSTOP                         0x000009b5   Thumb Code    18  cx32l003_i2c.o(.text)
    I2C_AcknowledgeConfig                    0x000009c7   Thumb Code    18  cx32l003_i2c.o(.text)
    I2C_OwnAddressConfig                     0x000009d9   Thumb Code    16  cx32l003_i2c.o(.text)
    I2C_GeneralCallCmd                       0x000009e9   Thumb Code    20  cx32l003_i2c.o(.text)
    I2C_SendData                             0x000009fd   Thumb Code     4  cx32l003_i2c.o(.text)
    I2C_ReceiveData                          0x00000a01   Thumb Code     6  cx32l003_i2c.o(.text)
    I2C_Send7bitAddress                      0x00000a07   Thumb Code    18  cx32l003_i2c.o(.text)
    I2C_ReadRegister                         0x00000a19   Thumb Code    10  cx32l003_i2c.o(.text)
    I2C_NACKPositionConfig                   0x00000a23   Thumb Code    18  cx32l003_i2c.o(.text)
    I2C_ITConfig                             0x00000a35   Thumb Code    18  cx32l003_i2c.o(.text)
    I2C_GetLastEvent                         0x00000a47   Thumb Code     6  cx32l003_i2c.o(.text)
    NMI_Handler                              0x00000a69   Thumb Code     2  cx32l003_it.o(.text)
    HardFault_Handler                        0x00000a6b   Thumb Code     8  cx32l003_it.o(.text)
    MemManage_Handler                        0x00000a73   Thumb Code     8  cx32l003_it.o(.text)
    BusFault_Handler                         0x00000a7b   Thumb Code     4  cx32l003_it.o(.text)
    UsageFault_Handler                       0x00000a7f   Thumb Code     4  cx32l003_it.o(.text)
    SVC_Handler                              0x00000a83   Thumb Code     2  cx32l003_it.o(.text)
    DebugMon_Handler                         0x00000a85   Thumb Code     2  cx32l003_it.o(.text)
    PendSV_Handler                           0x00000a87   Thumb Code     2  cx32l003_it.o(.text)
    SysTick_Handler                          0x00000a89   Thumb Code     2  cx32l003_it.o(.text)
    LPTIMER_ReadCnt                          0x00000aa5   Thumb Code     6  cx32l003_lptimer.o(.text)
    LPTIMER_Init                             0x00000aab   Thumb Code    56  cx32l003_lptimer.o(.text)
    LPTIMER_Cmd                              0x00000ae3   Thumb Code    20  cx32l003_lptimer.o(.text)
    LPTIMER_TogCmd                           0x00000af7   Thumb Code    18  cx32l003_lptimer.o(.text)
    LPTIMER_ITConfig                         0x00000b09   Thumb Code    20  cx32l003_lptimer.o(.text)
    LPTIMER_GetWTFlagStatus                  0x00000b1d   Thumb Code    14  cx32l003_lptimer.o(.text)
    LPTIMER_BGloadConfig                     0x00000b2b   Thumb Code    22  cx32l003_lptimer.o(.text)
    LPTIMER_LoadConfig                       0x00000b41   Thumb Code    22  cx32l003_lptimer.o(.text)
    LPTIMER_GetITStatus                      0x00000b57   Thumb Code    14  cx32l003_lptimer.o(.text)
    LPTIMER_ClearITFlag                      0x00000b65   Thumb Code     4  cx32l003_lptimer.o(.text)
    RCC_DeInit                               0x00000b6d   Thumb Code    20  cx32l003_rcc.o(.text)
    RCC_HIRCTrim                             0x00000b81   Thumb Code    16  cx32l003_rcc.o(.text)
    RCC_LIRCTrim                             0x00000b91   Thumb Code    16  cx32l003_rcc.o(.text)
    RCC_SetHXTDrive                          0x00000ba1   Thumb Code    20  cx32l003_rcc.o(.text)
    RCC_SetLXTDrive                          0x00000bb5   Thumb Code    20  cx32l003_rcc.o(.text)
    RCC_WaitForHIRCStable                    0x00000bc9   Thumb Code    44  cx32l003_rcc.o(.text)
    RCC_WaitForHXTStable                     0x00000bf5   Thumb Code    62  cx32l003_rcc.o(.text)
    RCC_WaitForLIRCStable                    0x00000c33   Thumb Code    62  cx32l003_rcc.o(.text)
    RCC_WaitForLXTStable                     0x00000c71   Thumb Code    56  cx32l003_rcc.o(.text)
    RCC_LXTCmd                               0x00000ca9   Thumb Code    50  cx32l003_rcc.o(.text)
    RCC_SetX32KPort                          0x00000cdb   Thumb Code    24  cx32l003_rcc.o(.text)
    RCC_SetM0IRQLatency                      0x00000cf3   Thumb Code    12  cx32l003_rcc.o(.text)
    RCC_SystemTickTimerConfig                0x00000cff   Thumb Code    24  cx32l003_rcc.o(.text)
    RCC_SetSystemTickTimerCoreRefClockcmd    0x00000d17   Thumb Code    26  cx32l003_rcc.o(.text)
    RCC_SysclkCmd                            0x00000d31   Thumb Code    86  cx32l003_rcc.o(.text)
    RCC_SelSysclk                            0x00000d87   Thumb Code    16  cx32l003_rcc.o(.text)
    RCC_SysclkOutputConfig                   0x00000d97   Thumb Code    14  cx32l003_rcc.o(.text)
    RCC_SysclkOutputCmd                      0x00000da5   Thumb Code    20  cx32l003_rcc.o(.text)
    RCC_SysclkFclkDiv                        0x00000db9   Thumb Code    12  cx32l003_rcc.o(.text)
    RCC_GetSysclkSource                      0x00000dc5   Thumb Code     8  cx32l003_rcc.o(.text)
    RCC_SetHclkDiv                           0x00000dcd   Thumb Code     4  cx32l003_rcc.o(.text)
    RCC_SetPclkDiv                           0x00000dd1   Thumb Code     4  cx32l003_rcc.o(.text)
    RCC_AHBPeriphClockCmd                    0x00000dd5   Thumb Code    16  cx32l003_rcc.o(.text)
    RCC_APBPeriphClockCmd                    0x00000de5   Thumb Code    16  cx32l003_rcc.o(.text)
    RCC_PeriphResetCmd                       0x00000df5   Thumb Code    26  cx32l003_rcc.o(.text)
    RCC_RTCResetCmd                          0x00000e0f   Thumb Code    26  cx32l003_rcc.o(.text)
    RCC_ResetCmd                             0x00000e29   Thumb Code    30  cx32l003_rcc.o(.text)
    RCC_GetFlagStatus                        0x00000e47   Thumb Code    14  cx32l003_rcc.o(.text)
    RCC_SetIoMux                             0x00000e55   Thumb Code    16  cx32l003_rcc.o(.text)
    SPI_DeInit                               0x00000e75   Thumb Code    26  cx32l003_spi.o(.text)
    SPI_Init                                 0x00000e8f   Thumb Code    18  cx32l003_spi.o(.text)
    SPI_StructInit                           0x00000ea1   Thumb Code    12  cx32l003_spi.o(.text)
    SPI_Cmd                                  0x00000ead   Thumb Code    18  cx32l003_spi.o(.text)
    SPI_SendData                             0x00000ebf   Thumb Code     4  cx32l003_spi.o(.text)
    SPI_ReceiveData                          0x00000ec3   Thumb Code     6  cx32l003_spi.o(.text)
    SPI_SSOutputCmd                          0x00000ec9   Thumb Code    18  cx32l003_spi.o(.text)
    SPI_GetFlagStatus                        0x00000edb   Thumb Code    14  cx32l003_spi.o(.text)
    SYSCTRL_DeInit                           0x00000eed   Thumb Code    26  cx32l003_syscon.o(.text)
    SYSCTRL_CortexM0LockUpCmd                0x00000f07   Thumb Code    30  cx32l003_syscon.o(.text)
    SYSCTRL_DeepsleepPortITCmd               0x00000f25   Thumb Code    22  cx32l003_syscon.o(.text)
    SYSCTRL_ActiveSleepPortITCmd             0x00000f3b   Thumb Code    24  cx32l003_syscon.o(.text)
    SYSCTRL_SPICSConfig                      0x00000f53   Thumb Code    16  cx32l003_syscon.o(.text)
    SYSCTRL_TIM10_GateConfig                 0x00000f63   Thumb Code    16  cx32l003_syscon.o(.text)
    SYSCTRL_TIM11_GateConfig                 0x00000f73   Thumb Code    16  cx32l003_syscon.o(.text)
    SYSCTRL_IPTIM_GateConfig                 0x00000f83   Thumb Code    18  cx32l003_syscon.o(.text)
    SYSCTRL_PCACapMuxConfig                  0x00000f95   Thumb Code    24  cx32l003_syscon.o(.text)
    SYSCTRL_TIM1_InputSignalConfig           0x00000fad   Thumb Code    24  cx32l003_syscon.o(.text)
    SYSCTRL_TIM1_ETRSignalConfig             0x00000fc5   Thumb Code    18  cx32l003_syscon.o(.text)
    SYSCTRL_TIM1_SetBreakSTM                 0x00000fd7   Thumb Code    18  cx32l003_syscon.o(.text)
    SYSCTRL_TIM1_SetBreakZERO                0x00000fe9   Thumb Code    12  cx32l003_syscon.o(.text)
    SYSCTRL_TIM2_InputSignalConfig           0x00000ff5   Thumb Code    24  cx32l003_syscon.o(.text)
    SYSCTRL_TIM2_ETRSignalConfig             0x0000100d   Thumb Code    18  cx32l003_syscon.o(.text)
    SYSCTRL_LPUART_CLKConfig                 0x0000101f   Thumb Code    28  cx32l003_syscon.o(.text)
    SYSCTRL_LPUART_CLKCmd                    0x0000103b   Thumb Code    34  cx32l003_syscon.o(.text)
    TIM_DeInit                               0x00001069   Thumb Code    38  cx32l003_timer.o(.text)
    TIM_TimeBaseInit                         0x0000108f   Thumb Code    40  cx32l003_timer.o(.text)
    TIM_StructInit                           0x000010b7   Thumb Code    30  cx32l003_timer.o(.text)
    TIM_Cmd                                  0x000010d5   Thumb Code    18  cx32l003_timer.o(.text)
    TIM_TogCmd                               0x000010e7   Thumb Code    20  cx32l003_timer.o(.text)
    TIM_ITConfig                             0x000010fb   Thumb Code    18  cx32l003_timer.o(.text)
    TIM_CounterModeConfig                    0x0000110d   Thumb Code    18  cx32l003_timer.o(.text)
    TIM_SelectGatePolarity                   0x0000111f   Thumb Code    20  cx32l003_timer.o(.text)
    TIM_SetClockDivision                     0x00001133   Thumb Code    16  cx32l003_timer.o(.text)
    TIM_GetPrescaler                         0x00001143   Thumb Code     8  cx32l003_timer.o(.text)
    TIM_SetTimerLoadRegister                 0x0000114b   Thumb Code     6  cx32l003_timer.o(.text)
    TIM_GetTimerLoadRegister                 0x00001151   Thumb Code     4  cx32l003_timer.o(.text)
    TIM_SetCountRegister                     0x00001155   Thumb Code     4  cx32l003_timer.o(.text)
    TIM_GetCountRegister                     0x00001159   Thumb Code     4  cx32l003_timer.o(.text)
    TIM_GetITSourceFlagStatus                0x0000115d   Thumb Code    14  cx32l003_timer.o(.text)
    TIM_GetITShieldFlagStatus                0x0000116b   Thumb Code    14  cx32l003_timer.o(.text)
    TIM_ClearITFlag                          0x00001179   Thumb Code     8  cx32l003_timer.o(.text)
    NVIC_PriorityGroupConfig                 0x0000118d   Thumb Code    10  misc.o(.text)
    NVIC_Init                                0x00001197   Thumb Code    88  misc.o(.text)
    NVIC_SetVectorTable                      0x000011ef   Thumb Code     2  misc.o(.text)
    NVIC_SystemLPConfig                      0x000011f1   Thumb Code    18  misc.o(.text)
    SysTick_CLKSourceConfig                  0x00001203   Thumb Code    20  misc.o(.text)
    ADVTIM_DeInit                            0x0000122d   Thumb Code     2  cx32l003_advtim.o(.text)
    ADVTIM_TimeBaseInit                      0x0000122f   Thumb Code    70  cx32l003_advtim.o(.text)
    ADVTIM_OC1Init                           0x00001275   Thumb Code    98  cx32l003_advtim.o(.text)
    ADVTIM_OC2Init                           0x000012d7   Thumb Code   124  cx32l003_advtim.o(.text)
    ADVTIM_OC3Init                           0x00001353   Thumb Code   124  cx32l003_advtim.o(.text)
    ADVTIM_OC4Init                           0x000013cf   Thumb Code    90  cx32l003_advtim.o(.text)
    ADVTIM_SetIC4Prescaler                   0x00001429   Thumb Code    20  cx32l003_advtim.o(.text)
    ADVTIM_SetIC3Prescaler                   0x0000143d   Thumb Code    18  cx32l003_advtim.o(.text)
    ADVTIM_SetIC2Prescaler                   0x0000144f   Thumb Code    20  cx32l003_advtim.o(.text)
    ADVTIM_SetIC1Prescaler                   0x000014af   Thumb Code    18  cx32l003_advtim.o(.text)
    ADVTIM_ICInit                            0x000014ff   Thumb Code   228  cx32l003_advtim.o(.text)
    ADVTIM_PWMIConfig                        0x000015e3   Thumb Code   168  cx32l003_advtim.o(.text)
    ADVTIM_BDTRConfig                        0x0000168b   Thumb Code    32  cx32l003_advtim.o(.text)
    ADVTIM_TimeBaseStructInit                0x000016ab   Thumb Code    18  cx32l003_advtim.o(.text)
    ADVTIM_OCStructInit                      0x000016bd   Thumb Code    20  cx32l003_advtim.o(.text)
    ADVTIM_ICStructInit                      0x000016d1   Thumb Code    16  cx32l003_advtim.o(.text)
    ADVTIM_BDTRStructInit                    0x000016e1   Thumb Code    18  cx32l003_advtim.o(.text)
    ADVTIM_Cmd                               0x000016f3   Thumb Code    20  cx32l003_advtim.o(.text)
    ADVTIM_CtrlPWMOutputs                    0x00001707   Thumb Code    22  cx32l003_advtim.o(.text)
    ADVTIM_ITConfig                          0x0000171d   Thumb Code    20  cx32l003_advtim.o(.text)
    ADVTIM_GenerateEvent                     0x00001731   Thumb Code     4  cx32l003_advtim.o(.text)
    ADVTIM_DMAConfig                         0x00001735   Thumb Code     6  cx32l003_advtim.o(.text)
    ADVTIM_DMACmd                            0x0000173b   Thumb Code    20  cx32l003_advtim.o(.text)
    ADVTIM_InternalClockConfig               0x0000174f   Thumb Code    12  cx32l003_advtim.o(.text)
    ADVTIM_SelectInputTrigger                0x0000175b   Thumb Code    14  cx32l003_advtim.o(.text)
    ADVTIM_ITRxExternalClockConfig           0x00001769   Thumb Code    18  cx32l003_advtim.o(.text)
    ADVTIM_TIxExternalClockConfig            0x0000177b   Thumb Code    48  cx32l003_advtim.o(.text)
    ADVTIM_ETRConfig                         0x000017ab   Thumb Code    20  cx32l003_advtim.o(.text)
    ADVTIM_ETRClockMode1Config               0x000017bf   Thumb Code    30  cx32l003_advtim.o(.text)
    ADVTIM_ETRClockMode2Config               0x000017dd   Thumb Code    20  cx32l003_advtim.o(.text)
    ADVTIM_PrescalerConfig                   0x000017f1   Thumb Code     6  cx32l003_advtim.o(.text)
    ADVTIM_CounterModeConfig                 0x000017f7   Thumb Code    14  cx32l003_advtim.o(.text)
    ADVTIM_EncoderInterfaceConfig            0x00001805   Thumb Code    50  cx32l003_advtim.o(.text)
    ADVTIM_ForcedOC1Config                   0x00001837   Thumb Code    14  cx32l003_advtim.o(.text)
    ADVTIM_ForcedOC2Config                   0x00001845   Thumb Code    18  cx32l003_advtim.o(.text)
    ADVTIM_ForcedOC3Config                   0x00001857   Thumb Code    14  cx32l003_advtim.o(.text)
    ADVTIM_ForcedOC4Config                   0x00001865   Thumb Code    18  cx32l003_advtim.o(.text)
    ADVTIM_ARRPreloadConfig                  0x00001877   Thumb Code    22  cx32l003_advtim.o(.text)
    ADVTIM_SelectCOM                         0x0000188d   Thumb Code    22  cx32l003_advtim.o(.text)
    ADVTIM_SelectCCDMA                       0x000018a3   Thumb Code    22  cx32l003_advtim.o(.text)
    ADVTIM_CCPreloadControl                  0x000018b9   Thumb Code    20  cx32l003_advtim.o(.text)
    ADVTIM_OC1PreloadConfig                  0x000018cd   Thumb Code    14  cx32l003_advtim.o(.text)
    ADVTIM_OC2PreloadConfig                  0x000018db   Thumb Code    18  cx32l003_advtim.o(.text)
    ADVTIM_OC3PreloadConfig                  0x000018ed   Thumb Code    14  cx32l003_advtim.o(.text)
    ADVTIM_OC4PreloadConfig                  0x000018fb   Thumb Code    18  cx32l003_advtim.o(.text)
    ADVTIM_OC1FastConfig                     0x0000190d   Thumb Code    14  cx32l003_advtim.o(.text)
    ADVTIM_OC2FastConfig                     0x0000191b   Thumb Code    20  cx32l003_advtim.o(.text)
    ADVTIM_OC3FastConfig                     0x0000192f   Thumb Code    14  cx32l003_advtim.o(.text)
    ADVTIM_OC4FastConfig                     0x0000193d   Thumb Code    20  cx32l003_advtim.o(.text)
    ADVTIM_ClearOC1Ref                       0x00001951   Thumb Code    14  cx32l003_advtim.o(.text)
    ADVTIM_ClearOC2Ref                       0x0000195f   Thumb Code    16  cx32l003_advtim.o(.text)
    ADVTIM_ClearOC3Ref                       0x0000196f   Thumb Code    14  cx32l003_advtim.o(.text)
    ADVTIM_ClearOC4Ref                       0x0000197d   Thumb Code    16  cx32l003_advtim.o(.text)
    ADVTIM_OC1PolarityConfig                 0x0000198d   Thumb Code    14  cx32l003_advtim.o(.text)
    ADVTIM_OC1NPolarityConfig                0x0000199b   Thumb Code    14  cx32l003_advtim.o(.text)
    ADVTIM_OC2PolarityConfig                 0x000019a9   Thumb Code    18  cx32l003_advtim.o(.text)
    ADVTIM_OC2NPolarityConfig                0x000019bb   Thumb Code    18  cx32l003_advtim.o(.text)
    ADVTIM_OC3PolarityConfig                 0x000019cd   Thumb Code    18  cx32l003_advtim.o(.text)
    ADVTIM_OC3NPolarityConfig                0x000019df   Thumb Code    18  cx32l003_advtim.o(.text)
    ADVTIM_OC4PolarityConfig                 0x000019f1   Thumb Code    18  cx32l003_advtim.o(.text)
    ADVTIM_CCxCmd                            0x00001a03   Thumb Code    28  cx32l003_advtim.o(.text)
    ADVTIM_CCxNCmd                           0x00001a1f   Thumb Code    28  cx32l003_advtim.o(.text)
    ADVTIM_SelectOCxM                        0x00001a3b   Thumb Code    74  cx32l003_advtim.o(.text)
    ADVTIM_UpdateDisableConfig               0x00001a85   Thumb Code    22  cx32l003_advtim.o(.text)
    ADVTIM_UpdateRequestConfig               0x00001a9b   Thumb Code    22  cx32l003_advtim.o(.text)
    ADVTIM_SelectHallSensor                  0x00001ab1   Thumb Code    22  cx32l003_advtim.o(.text)
    ADVTIM_SelectOnePulseMode                0x00001ac7   Thumb Code    42  cx32l003_advtim.o(.text)
    ADVTIM_SelectOutputTrigger               0x00001af1   Thumb Code    16  cx32l003_advtim.o(.text)
    ADVTIM_SelectSlaveMode                   0x00001b01   Thumb Code    18  cx32l003_advtim.o(.text)
    ADVTIM_SelectMasterSlaveMode             0x00001b13   Thumb Code    18  cx32l003_advtim.o(.text)
    ADVTIM_SetCounter                        0x00001b25   Thumb Code     4  cx32l003_advtim.o(.text)
    ADVTIM_SetAutoreload                     0x00001b29   Thumb Code     4  cx32l003_advtim.o(.text)
    ADVTIM_SetCompare1                       0x00001b2d   Thumb Code     4  cx32l003_advtim.o(.text)
    ADVTIM_SetCompare2                       0x00001b31   Thumb Code     4  cx32l003_advtim.o(.text)
    ADVTIM_SetCompare3                       0x00001b35   Thumb Code     4  cx32l003_advtim.o(.text)
    ADVTIM_SetCompare4                       0x00001b39   Thumb Code     4  cx32l003_advtim.o(.text)
    ADVTIM_SetClockDivision                  0x00001b3d   Thumb Code    16  cx32l003_advtim.o(.text)
    ADVTIM_GetCapture1                       0x00001b4d   Thumb Code     6  cx32l003_advtim.o(.text)
    ADVTIM_GetCapture2                       0x00001b53   Thumb Code     6  cx32l003_advtim.o(.text)
    ADVTIM_GetCapture3                       0x00001b59   Thumb Code     6  cx32l003_advtim.o(.text)
    ADVTIM_GetCapture4                       0x00001b5f   Thumb Code     6  cx32l003_advtim.o(.text)
    ADVTIM_GetCounter                        0x00001b65   Thumb Code     6  cx32l003_advtim.o(.text)
    ADVTIM_GetPrescaler                      0x00001b6b   Thumb Code     6  cx32l003_advtim.o(.text)
    ADVTIM_GetFlagStatus                     0x00001b71   Thumb Code    14  cx32l003_advtim.o(.text)
    ADVTIM_ClearFlag                         0x00001b7f   Thumb Code     8  cx32l003_advtim.o(.text)
    ADVTIM_GetITStatus                       0x00001b87   Thumb Code    24  cx32l003_advtim.o(.text)
    ADVTIM_ClearITPendingBit                 0x00001b9f   Thumb Code     8  cx32l003_advtim.o(.text)
    BASIC_TIM_Mode_Config                    0x00001bb1   Thumb Code   138  user_basetime.o(.text)
    TIMER10_IRQHandler                       0x00001c3b   Thumb Code    26  user_basetime.o(.text)
    userNVICPrioirySetting                   0x00001c65   Thumb Code    52  user_exti.o(.text)
    EXTI_Key_Config                          0x00001c99   Thumb Code   126  user_exti.o(.text)
    GPIOA_IRQHandler                         0x00001dd9   Thumb Code     4  user_exti.o(.text)
    GPIOB_IRQHandler                         0x00001ddd   Thumb Code     4  user_exti.o(.text)
    GPIOC_IRQHandler                         0x00001de1   Thumb Code     4  user_exti.o(.text)
    GPIOD_IRQHandler                         0x00001de5   Thumb Code     4  user_exti.o(.text)
    readInternalFlashData                    0x00001e05   Thumb Code     4  user_internalflash.o(.text)
    readInternalFlashWrod                    0x00001e09   Thumb Code     4  user_internalflash.o(.text)
    readInternalFlashByte                    0x00001e0d   Thumb Code     4  user_internalflash.o(.text)
    EraseFlash                               0x00001e11   Thumb Code    18  user_internalflash.o(.text)
    StoreExceptions2Flash                    0x00001e23   Thumb Code    48  user_internalflash.o(.text)
    LoadExceptionsFromFlash                  0x00001e53   Thumb Code    66  user_internalflash.o(.text)
    exceptionsCheck                          0x00001e95   Thumb Code    36  user_internalflash.o(.text)
    Enter_DeepSleep                          0x00001ec1   Thumb Code    24  user_lptimer.o(.text)
    Enter_Sleep                              0x00001ed9   Thumb Code    24  user_lptimer.o(.text)
    TEST_SETLPTIMERGATE                      0x00001ef1   Thumb Code    90  user_lptimer.o(.text)
    LPTIMER_Config                           0x00001f4b   Thumb Code   120  user_lptimer.o(.text)
    LPTIMER_IRQHandler                       0x00001fc3   Thumb Code   126  user_lptimer.o(.text)
    setSystemHIRC                            0x00002069   Thumb Code    76  user_sysclock.o(.text)
    setSystemLIRC                            0x000020b5   Thumb Code    64  user_sysclock.o(.text)
    systemClkSelect                          0x000020f5   Thumb Code    24  user_sysclock.o(.text)
    systemClkSet                             0x0000210d   Thumb Code    48  user_sysclock.o(.text)
    main                                     0x0000214d   Thumb Code   320  main.o(.text)
    keyReleased                              0x000022e9   Thumb Code    28  user_key.o(.text)
    setKeyPressedFlag                        0x00002305   Thumb Code    26  user_key.o(.text)
    keyReleaseCheck                          0x0000231f   Thumb Code    46  user_key.o(.text)
    keyPressCheck                            0x0000234d   Thumb Code   112  user_key.o(.text)
    clearPowerKeyInfo                        0x000023bd   Thumb Code    22  user_key.o(.text)
    fastKeyCheck                             0x000023d3   Thumb Code    16  user_key.o(.text)
    funcKeyTask                              0x000023e3   Thumb Code    20  user_key.o(.text)
    setPowerKeyPressedFlag                   0x000023f7   Thumb Code     6  user_key.o(.text)
    abandonAllDectInfo                       0x000023fd   Thumb Code    60  user_key.o(.text)
    encoderDect                              0x00002439   Thumb Code   572  user_key.o(.text)
    encoderCheck                             0x00002675   Thumb Code    20  user_key.o(.text)
    getEncoderStatus                         0x00002689   Thumb Code    28  user_key.o(.text)
    powerOnIoInit                            0x000026ad   Thumb Code   236  user_menu.o(.text)
    resetEntrySleepTime                      0x00002799   Thumb Code    18  user_menu.o(.text)
    entryNormalModeChk                       0x000027ab   Thumb Code    16  user_menu.o(.text)
    clrPowerTimerOutStts                     0x000027bb   Thumb Code    10  user_menu.o(.text)
    systemPowerDown                          0x000027c5   Thumb Code    52  user_menu.o(.text)
    fucnPer25ms                              0x000027f9   Thumb Code     2  user_menu.o(.text)
    brakeBattDetProcess                      0x000027fb   Thumb Code    14  user_menu.o(.text)
    autoSaveFunc                             0x00002809   Thumb Code    26  user_menu.o(.text)
    fucnPer50ms                              0x00002823   Thumb Code   152  user_menu.o(.text)
    fucnPer100ms                             0x000028bb   Thumb Code     2  user_menu.o(.text)
    fucnPer500ms                             0x000028bd   Thumb Code    22  user_menu.o(.text)
    getOriginalPWMData                       0x000028d3   Thumb Code    32  user_menu.o(.text)
    getSystemperature                        0x000028f3   Thumb Code   414  user_menu.o(.text)
    checkTemperature                         0x00002a91   Thumb Code   216  user_menu.o(.text)
    hotFuncDeinit                            0x00002b69   Thumb Code    24  user_menu.o(.text)
    systemOffByManual                        0x00002b81   Thumb Code    22  user_menu.o(.text)
    checkSystemHot                           0x00002b97   Thumb Code   110  user_menu.o(.text)
    fucnPer1s                                0x00002c05   Thumb Code    28  user_menu.o(.text)
    calcBattVolt                             0x00002c21   Thumb Code    78  user_menu.o(.text)
    readBattInfoImmediately                  0x00002c6f   Thumb Code    46  user_menu.o(.text)
    processBattLevel                         0x00002c9d   Thumb Code    84  user_menu.o(.text)
    battVoltCompensation                     0x00002cf1   Thumb Code   348  user_menu.o(.text)
    adcVoltCompensation                      0x00002e4d   Thumb Code     2  user_menu.o(.text)
    setBattLevel                             0x00002e4f   Thumb Code    60  user_menu.o(.text)
    chkLightEffectModeVoltCompensation       0x00002e8b   Thumb Code    78  user_menu.o(.text)
    battInfoProcess                          0x00002ed9   Thumb Code   228  user_menu.o(.text)
    resetBrakeBattDet                        0x00002fbd   Thumb Code     8  user_menu.o(.text)
    colorTemperatureAdjustSlowFunc           0x00002fc5   Thumb Code   140  user_menu.o(.text)
    powerDataInit                            0x00003051   Thumb Code    46  user_menu.o(.text)
    updateLEDStts                            0x0000307f   Thumb Code   116  user_menu.o(.text)
    factoryModeCoolDownFunc                  0x000030f3   Thumb Code   758  user_menu.o(.text)
    fucnPer5ms                               0x000033e9   Thumb Code   136  user_menu.o(.text)
    publicDecFunc                            0x00003471   Thumb Code    34  user_menu.o(.text)
    publicIncFunc                            0x00003493   Thumb Code    36  user_menu.o(.text)
    MenuFunction                             0x000034b7   Thumb Code   380  user_menu.o(.text)
    onChargingIconInPowerOffMode             0x00003633   Thumb Code    40  user_menu.o(.text)
    powerDownFromChageMode                   0x0000365b   Thumb Code    22  user_menu.o(.text)
    checkRealEntryPowerDownMode              0x00003671   Thumb Code     8  user_menu.o(.text)
    getMaxIndex                              0x00003679   Thumb Code    22  user_menu.o(.text)
    absSubUint16                             0x0000368f   Thumb Code    14  user_menu.o(.text)
    getChargingCurrentByVolt                 0x0000369d   Thumb Code    62  user_menu.o(.text)
    setSWD2NormalIO                          0x000036db   Thumb Code    18  user_menu.o(.text)
    set2SWDMode                              0x000036ed   Thumb Code    20  user_menu.o(.text)
    setCoolOutputLow                         0x00003701   Thumb Code    38  user_menu.o(.text)
    setWarmOutputLow                         0x00003727   Thumb Code    38  user_menu.o(.text)
    setBlueOutputLow                         0x0000374d   Thumb Code    38  user_menu.o(.text)
    setGreenOutputLow                        0x00003773   Thumb Code    38  user_menu.o(.text)
    ADCPinAFSet                              0x000037d9   Thumb Code   108  user_adc.o(.text)
    ADC_NVIC_Config                          0x00003845   Thumb Code    32  user_adc.o(.text)
    adcChlCMD2adcIndex                       0x00003865   Thumb Code    20  user_adc.o(.text)
    adcChlCMD2adcAdcChl                      0x00003879   Thumb Code    10  user_adc.o(.text)
    ADC_SignalMode_Config                    0x00003883   Thumb Code   104  user_adc.o(.text)
    ADC_singleContinuousAccMode_config       0x000038eb   Thumb Code   194  user_adc.o(.text)
    ADC_MutiMode_Config                      0x000039ad   Thumb Code   148  user_adc.o(.text)
    readADCResultFromMutiChls                0x00003a41   Thumb Code    16  user_adc.o(.text)
    startBattVoltDect                        0x00003a51   Thumb Code     4  user_adc.o(.text)
    tryTemperatureConvert                    0x00003a55   Thumb Code     4  user_adc.o(.text)
    checkAdcConvertRetry                     0x00003a59   Thumb Code    48  user_adc.o(.text)
    ADC0_IRQHandler                          0x00003a89   Thumb Code   274  user_adc.o(.text)
    AWK_Config                               0x00003bb5   Thumb Code    78  user_awk.o(.text)
    AWK_Feed                                 0x00003c03   Thumb Code    12  user_awk.o(.text)
    AWK_IRQHandler                           0x00003c0f   Thumb Code    14  user_awk.o(.text)
    lcdGpioInit                              0x00003c21   Thumb Code    12  user_lcd.o(.text)
    clear                                    0x00003c2d   Thumb Code     2  user_lcd.o(.text)
    lcdEnterSleep                            0x00003c2f   Thumb Code     2  user_lcd.o(.text)
    lcdExitSleep                             0x00003c31   Thumb Code     2  user_lcd.o(.text)
    batteryPercentDisplay                    0x00003c33   Thumb Code     2  user_lcd.o(.text)
    updateChargingIcon                       0x00003c35   Thumb Code     2  user_lcd.o(.text)
    batterDisplay                            0x00003c37   Thumb Code     2  user_lcd.o(.text)
    updateArrowDisplay                       0x00003c39   Thumb Code     2  user_lcd.o(.text)
    updateBrightnessDisplay                  0x00003c3b   Thumb Code     2  user_lcd.o(.text)
    updateColorTempDisplay                   0x00003c3d   Thumb Code     2  user_lcd.o(.text)
    displayFloat                             0x00003c3f   Thumb Code     2  user_lcd.o(.text)
    updateHotDisplay                         0x00003c41   Thumb Code     2  user_lcd.o(.text)
    displaySystemMenu                        0x00003c43   Thumb Code     2  user_lcd.o(.text)
    powerOnLcdInit                           0x00003c45   Thumb Code   204  user_lcd.o(.text)
    OLED_Set_Pos                             0x00003d11   Thumb Code    30  user_lcd.o(.text)
    OLED_ShowChar                            0x00003d2f   Thumb Code     2  user_lcd.o(.text)
    OLED_ShowOneSegment                      0x00003d31   Thumb Code    38  user_lcd.o(.text)
    OLED_ShowOnePage                         0x00003d57   Thumb Code    30  user_lcd.o(.text)
    oled_pow                                 0x00003d75   Thumb Code    20  user_lcd.o(.text)
    getNumLen                                0x00003d89   Thumb Code    24  user_lcd.o(.text)
    OLED_ShowString                          0x00003da1   Thumb Code     2  user_lcd.o(.text)
    OLED_ShowCHinese                         0x00003da3   Thumb Code     2  user_lcd.o(.text)
    HexDigitDis                              0x00003da5   Thumb Code     2  user_lcd.o(.text)
    versionDisplay                           0x00003da7   Thumb Code     2  user_lcd.o(.text)
    factoryModeTemperatureDisplay            0x00003da9   Thumb Code     2  user_lcd.o(.text)
    oledTestModeChineseString                0x00003dab   Thumb Code    14  user_lcd.o(.text)
    displayFactoryMode                       0x00003db9   Thumb Code     2  user_lcd.o(.text)
    factoryVoltDisplay                       0x00003dbb   Thumb Code     2  user_lcd.o(.text)
    ddl_memclr                               0x00003dc5   Thumb Code    18  user_ddl.o(.text)
    delay100us                               0x00003dd7   Thumb Code    28  user_ddl.o(.text)
    SPI_SendByte                             0x00003df5   Thumb Code    32  user_spi.o(.text)
    WriteData                                0x00003e15   Thumb Code    44  user_spi.o(.text)
    ReadData                                 0x00003e41   Thumb Code     2  user_spi.o(.text)
    spiIoInit                                0x00003e43   Thumb Code   122  user_spi.o(.text)
    userSpiInit                              0x00003ebd   Thumb Code    76  user_spi.o(.text)
    disableSpi                               0x00003f09   Thumb Code    12  user_spi.o(.text)
    enableSpi                                0x00003f15   Thumb Code    12  user_spi.o(.text)
    SPI0COMB_IRQHandler                      0x00003f21   Thumb Code    32  user_spi.o(.text)
    IoCoolSetInput                           0x00003f55   Thumb Code    46  user_color.o(.text)
    IoWarmSetInput                           0x00003f83   Thumb Code    46  user_color.o(.text)
    IoBlueSetInput                           0x00003fb1   Thumb Code    46  user_color.o(.text)
    IoGreenSetLow                            0x00003fdf   Thumb Code    44  user_color.o(.text)
    PwmChDefault                             0x0000400b   Thumb Code    12  user_color.o(.text)
    allLedIoAsInput                          0x00004017   Thumb Code    52  user_color.o(.text)
    allLedIoAsInputDown                      0x0000404b   Thumb Code    66  user_color.o(.text)
    setLedIoAf                               0x0000408d   Thumb Code    28  user_color.o(.text)
    setCoolDuty                              0x000040a9   Thumb Code    52  user_color.o(.text)
    setWarmDuty                              0x000040dd   Thumb Code    42  user_color.o(.text)
    setBlueDuty                              0x00004107   Thumb Code    40  user_color.o(.text)
    setGreenDuty                             0x0000412f   Thumb Code    50  user_color.o(.text)
    setCoolData                              0x00004161   Thumb Code    40  user_color.o(.text)
    setWarmData                              0x00004189   Thumb Code    40  user_color.o(.text)
    setRedDuty                               0x000041b1   Thumb Code    14  user_color.o(.text)
    setRedData                               0x000041bf   Thumb Code    46  user_color.o(.text)
    setGreenData                             0x000041ed   Thumb Code    50  user_color.o(.text)
    setBlueData                              0x0000421f   Thumb Code    40  user_color.o(.text)
    turnOffColorTempLamp                     0x00004247   Thumb Code    20  user_color.o(.text)
    updateColor                              0x0000425b   Thumb Code    78  user_color.o(.text)
    hsb2Rgb                                  0x000042a9   Thumb Code   590  user_color.o(.text)
    turnOffRGBLamp                           0x000044f7   Thumb Code    22  user_color.o(.text)
    updateColorTemp                          0x0000450d   Thumb Code   186  user_color.o(.text)
    setTargeColorTempData                    0x000045c7   Thumb Code   184  user_color.o(.text)
    setI2cSdaInput                           0x000046b5   Thumb Code    32  user_i2c.o(.text)
    setI2cSdaOutput                          0x000046d5   Thumb Code    44  user_i2c.o(.text)
    IIC_SDA                                  0x00004701   Thumb Code     8  user_i2c.o(.text)
    IIC_Start                                0x00004709   Thumb Code    62  user_i2c.o(.text)
    IIC_Stop                                 0x00004747   Thumb Code    74  user_i2c.o(.text)
    IIC_Ack                                  0x00004791   Thumb Code    86  user_i2c.o(.text)
    IIC_NAck                                 0x000047e7   Thumb Code    86  user_i2c.o(.text)
    IIC_Wait_Ack                             0x0000483d   Thumb Code   108  user_i2c.o(.text)
    IIC_Send_Byte                            0x000048a9   Thumb Code   122  user_i2c.o(.text)
    IIC_Read_Byte                            0x00004923   Thumb Code   118  user_i2c.o(.text)
    MasterWriteBytes                         0x00004999   Thumb Code    54  user_i2c.o(.text)
    MasterReadBytes                          0x000049cf   Thumb Code   108  user_i2c.o(.text)
    Master_IIC_Mode                          0x00004a3b   Thumb Code    20  user_i2c.o(.text)
    IIC_Init                                 0x00004a4f   Thumb Code   114  user_i2c.o(.text)
    SLAVE_IIC_Send                           0x00004ac1   Thumb Code    42  user_i2c.o(.text)
    I2C0_IRQHandler_MasterSend               0x00004aeb   Thumb Code   152  user_i2c.o(.text)
    I2C0_IRQHandler_MasterRecive             0x00004b83   Thumb Code   356  user_i2c.o(.text)
    SlaveSendACK                             0x00004ce7   Thumb Code    40  user_i2c.o(.text)
    I2C0_IRQHandler                          0x00004d0f   Thumb Code    42  user_i2c.o(.text)
    readI2cData                              0x00004d39   Thumb Code    88  user_i2c.o(.text)
    readSigmaCtrlRegister                    0x00004d91   Thumb Code    48  user_i2c.o(.text)
    writeI2cData                             0x00004dc1   Thumb Code    34  user_i2c.o(.text)
    writeLcdCommand                          0x00004de3   Thumb Code    18  user_i2c.o(.text)
    writeLcdData                             0x00004df5   Thumb Code    18  user_i2c.o(.text)
    riteSigmaCtrlRegister                    0x00004e07   Thumb Code    26  user_i2c.o(.text)
    writeEepromData                          0x00004e21   Thumb Code   172  user_i2c.o(.text)
    readEepromData                           0x00004ecd   Thumb Code   138  user_i2c.o(.text)
    ADVTIM_Reset                             0x00004f61   Thumb Code    40  user_advtime.o(.text)
    ADVTIM_ReleaseReset                      0x00004f89   Thumb Code    40  user_advtime.o(.text)
    TEST_TIM_Mode_Config                     0x00004fb1   Thumb Code     2  user_advtime.o(.text)
    TEST_ADVTIM_MULTICHANEEL_Config          0x00004fb3   Thumb Code     2  user_advtime.o(.text)
    ADVTIM_PWMMODE_Config                    0x00004fb5   Thumb Code   168  user_advtime.o(.text)
    switchPwmChannel                         0x0000505d   Thumb Code    64  user_advtime.o(.text)
    updatePWMChlDuty                         0x0000509d   Thumb Code   118  user_advtime.o(.text)
    TEST_ADVTIM_CAPTUREMODE_Config           0x00005113   Thumb Code     2  user_advtime.o(.text)
    TEST_ADVTIM_SINGLECAPTUREMODE_Config     0x00005115   Thumb Code     2  user_advtime.o(.text)
    TEST_ADVTIM_CASACADEMODE_Config          0x00005117   Thumb Code     2  user_advtime.o(.text)
    TEST_ADVTIM_OUTPUTCOMPARE_Config         0x00005119   Thumb Code     2  user_advtime.o(.text)
    TEST_ADVTIM_ONEPLUS_Config               0x0000511b   Thumb Code     2  user_advtime.o(.text)
    TEST_ADVTIM_DEADTIME_BREAK               0x0000511d   Thumb Code     2  user_advtime.o(.text)
    TEST_ADVTIM_DEADTIME_BREAK_DEEPSLEEP_Config 0x0000511f   Thumb Code     2  user_advtime.o(.text)
    TEST_ADVTIM_EVENT_GENERATION_Config      0x00005121   Thumb Code     2  user_advtime.o(.text)
    TEST_ADVTIM_ETR_FUNCTION_Config          0x00005123   Thumb Code     2  user_advtime.o(.text)
    turnOffAllLightEffect                    0x00005145   Thumb Code    16  user_lighteffect.o(.text)
    startLightEffect                         0x00005155   Thumb Code     2  user_lighteffect.o(.text)
    malloc                                   0x0000515d   Thumb Code    98  h1_alloc.o(.text)
    free                                     0x000051bf   Thumb Code    76  h1_free.o(.text)
    __aeabi_memcpy                           0x0000520b   Thumb Code   130  rt_memcpy.o(.text)
    __rt_memcpy                              0x0000520b   Thumb Code     0  rt_memcpy.o(.text)
    __aeabi_uidiv                            0x0000528d   Thumb Code     0  aeabi_sdiv.o(.text)
    __aeabi_uidivmod                         0x0000528d   Thumb Code    20  aeabi_sdiv.o(.text)
    __aeabi_idiv                             0x000052a1   Thumb Code     0  aeabi_sdiv.o(.text)
    __aeabi_idivmod                          0x000052a1   Thumb Code   326  aeabi_sdiv.o(.text)
    __use_two_region_memory                  0x000053e7   Thumb Code     2  heapauxi.o(.text)
    __rt_heap_escrow                         0x000053e9   Thumb Code     2  heapauxi.o(.text)
    __rt_heap_expand                         0x000053eb   Thumb Code     2  heapauxi.o(.text)
    __aeabi_d2f                              0x000053ed   Thumb Code     0  d2f.o(.text)
    _d2f                                     0x000053ed   Thumb Code   120  d2f.o(.text)
    __aeabi_dadd                             0x00005761   Thumb Code     0  daddsub.o(.text)
    _dadd                                    0x00005761   Thumb Code    26  daddsub.o(.text)
    __aeabi_dsub                             0x0000577b   Thumb Code     0  daddsub.o(.text)
    _dsub                                    0x0000577b   Thumb Code    22  daddsub.o(.text)
    __aeabi_drsub                            0x00005791   Thumb Code     0  daddsub.o(.text)
    _drsb                                    0x00005791   Thumb Code    28  daddsub.o(.text)
    __aeabi_ddiv                             0x000057c1   Thumb Code     0  ddiv.o(.text)
    _ddiv                                    0x000057c1   Thumb Code  1072  ddiv.o(.text)
    _drdiv                                   0x00005bf1   Thumb Code    20  ddiv.o(.text)
    __aeabi_d2uiz                            0x00005c09   Thumb Code     0  dfixui.o(.text)
    _dfixu                                   0x00005c09   Thumb Code    68  dfixui.o(.text)
    __aeabi_i2d_normalise                    0x00005c51   Thumb Code    66  dflti.o(.text)
    __aeabi_i2d                              0x00005c93   Thumb Code    16  dflti.o(.text)
    _dflt                                    0x00005c93   Thumb Code     0  dflti.o(.text)
    __aeabi_ui2d                             0x00005ca3   Thumb Code     6  dflti.o(.text)
    _dfltu                                   0x00005ca3   Thumb Code     0  dflti.o(.text)
    __aeabi_dmul                             0x00005ca9   Thumb Code     0  dmul.o(.text)
    _dmul                                    0x00005ca9   Thumb Code   558  dmul.o(.text)
    __ARM_scalbn                             0x00005ef1   Thumb Code    84  dscalbn.o(.text)
    __aeabi_f2d                              0x00005f51   Thumb Code     0  f2d.o(.text)
    _f2d                                     0x00005f51   Thumb Code    80  f2d.o(.text)
    __aeabi_fdiv                             0x00005fa5   Thumb Code     0  fdiv.o(.text)
    _fdiv                                    0x00005fa5   Thumb Code   334  fdiv.o(.text)
    _frdiv                                   0x000060f3   Thumb Code     8  fdiv.o(.text)
    __aeabi_f2uiz                            0x00006105   Thumb Code     0  ffixui.o(.text)
    _ffixu                                   0x00006105   Thumb Code    48  ffixui.o(.text)
    __aeabi_i2f_normalise                    0x00006135   Thumb Code    72  fflti.o(.text)
    __aeabi_i2f                              0x0000617d   Thumb Code    16  fflti.o(.text)
    _fflt                                    0x0000617d   Thumb Code     0  fflti.o(.text)
    __aeabi_ui2f                             0x0000618d   Thumb Code     6  fflti.o(.text)
    _ffltu                                   0x0000618d   Thumb Code     0  fflti.o(.text)
    __ARM_scalbnf                            0x00006195   Thumb Code    64  fscalbn.o(.text)
    __rt_heap_descriptor                     0x000061d9   Thumb Code     8  rt_heap_descriptor_intlibspace.o(.text)
    __use_no_heap                            0x000061e1   Thumb Code     2  hguard.o(.text)
    __heap$guard                             0x000061e3   Thumb Code     2  hguard.o(.text)
    _terminate_user_alloc                    0x000061e5   Thumb Code     2  init_alloc.o(.text)
    _init_user_alloc                         0x000061e7   Thumb Code     2  init_alloc.o(.text)
    __Heap_Full                              0x000061e9   Thumb Code    32  init_alloc.o(.text)
    __Heap_Broken                            0x00006209   Thumb Code    10  init_alloc.o(.text)
    _init_alloc                              0x00006213   Thumb Code    90  init_alloc.o(.text)
    __Heap_Initialize                        0x0000626d   Thumb Code    10  h1_init.o(.text)
    __Heap_DescSize                          0x00006277   Thumb Code     4  h1_init.o(.text)
    __fpl_fcmp_InfNaN                        0x0000627d   Thumb Code    96  fcmpin.o(.text)
    __user_libspace                          0x000062e1   Thumb Code     8  libspace.o(.text)
    __user_perproc_libspace                  0x000062e1   Thumb Code     0  libspace.o(.text)
    __user_perthread_libspace                0x000062e1   Thumb Code     0  libspace.o(.text)
    __Heap_ProvideMemory                     0x000062e9   Thumb Code    52  h1_extend.o(.text)
    __rt_SIGRTMEM                            0x0000631d   Thumb Code    12  defsig_rtmem_outer.o(.text)
    __fpl_cmpreturn                          0x00006329   Thumb Code    46  cmpret.o(.text)
    __fpl_fcheck_NaN2                        0x00006359   Thumb Code    10  fnan2.o(.text)
    __I$use$semihosting                      0x00006369   Thumb Code     0  use_no_semi.o(.text)
    __use_no_semihosting_swi                 0x00006369   Thumb Code     2  use_no_semi.o(.text)
    __semihosting_library_function           0x0000636b   Thumb Code     0  indicate_semi.o(.text)
    __user_setup_stackheap                   0x0000636b   Thumb Code    62  sys_stackheap_outer.o(.text)
    exit                                     0x000063a9   Thumb Code    16  exit.o(.text)
    __sig_exit                               0x000063b9   Thumb Code    12  defsig_exit.o(.text)
    __rt_SIGRTMEM_inner                      0x000063c5   Thumb Code    22  defsig_rtmem_inner.o(.text)
    __fpl_return_NaN                         0x00006415   Thumb Code    94  retnan.o(.text)
    _sys_exit                                0x00006475   Thumb Code     8  sys_exit.o(.text)
    __default_signal_display                 0x00006481   Thumb Code    52  defsig_general.o(.text)
    _ttywrch                                 0x000064b5   Thumb Code    12  sys_wrch.o(.text)
    __decompress                             0x000064c1   Thumb Code     0  __dczerorl2.o(.text)
    __decompress1                            0x000064c1   Thumb Code    86  __dczerorl2.o(.text)
    __ARM_common_switch8                     0x00006517   Thumb Code    26  user_sysclock.o(i.__ARM_common_switch8)
    __aeabi_fadd                             0x00006531   Thumb Code     0  faddsub.o(x$fpl$fadd)
    _fadd                                    0x00006531   Thumb Code   134  faddsub.o(x$fpl$fadd)
    __aeabi_fmul                             0x000065bd   Thumb Code     0  fmul.o(x$fpl$fmul)
    _fmul                                    0x000065bd   Thumb Code   172  fmul.o(x$fpl$fmul)
    __aeabi_cfrcmple                         0x0000666d   Thumb Code     0  frlef.o(x$fpl$frleqf)
    _frcmple                                 0x0000666d   Thumb Code    84  frlef.o(x$fpl$frleqf)
    __aeabi_frsub                            0x000066c5   Thumb Code     0  faddsub.o(x$fpl$frsb)
    _frsb                                    0x000066c5   Thumb Code    24  faddsub.o(x$fpl$frsb)
    __aeabi_fsub                             0x000066dd   Thumb Code     0  faddsub.o(x$fpl$fsub)
    _fsub                                    0x000066dd   Thumb Code   204  faddsub.o(x$fpl$fsub)
    __I$use$fp                               0x000067ac   Number         0  usenofp.o(x$fpl$usenofp)
    colorTempCoolArray                       0x000067ac   Data          88  user_color.o(.constdata)
    colorTempWarmArray                       0x00006804   Data          88  user_color.o(.constdata)
    saturationArray                          0x0000685c   Data         404  user_color.o(.constdata)
    Region$$Table$$Base                      0x00006ab0   Number         0  anon$$obj.o(Region$$Table)
    Region$$Table$$Limit                     0x00006ad0   Number         0  anon$$obj.o(Region$$Table)
    BASIC_TIMFLag                            0x20000000   Data           4  user_basetime.o(.data)
    lPTIMER_FLAG                             0x20000004   Data           1  user_lptimer.o(.data)
    vIncTestCnt                              0x20000008   Data           1  user_key.o(.data)
    vDecTestCnt                              0x20000009   Data           1  user_key.o(.data)
    vIsKeyPressed                            0x2000000a   Data           1  user_key.o(.data)
    vKeyValue                                0x2000000b   Data           1  user_key.o(.data)
    fucnEncoderDef                           0x2000000c   Data          72  user_key.o(.data)
    brightEncoderDef                         0x20000054   Data          72  user_key.o(.data)
    powerKeyInfo                             0x2000009c   Data          32  user_key.o(.data)
    fIsFuncTurnLeft                          0x200000c0   Data           1  user_key.o(.data)
    fIsFuncLeftFallEdge                      0x200000c1   Data           1  user_key.o(.data)
    fIsFuncLeftRiseEdge                      0x200000c2   Data           1  user_key.o(.data)
    fIsFuncTurnRight                         0x200000c3   Data           1  user_key.o(.data)
    fIsFuncRightFallEdge                     0x200000c4   Data           1  user_key.o(.data)
    fIsFuncRightRiseEdge                     0x200000c5   Data           1  user_key.o(.data)
    fIsFuncCodingTurnStart                   0x200000c6   Data           1  user_key.o(.data)
    vFuncLeftLowTimeCnt                      0x200000c8   Data           2  user_key.o(.data)
    vFuncLeftHiTimeCnt                       0x200000ca   Data           2  user_key.o(.data)
    vFuncRightHiTimeCnt                      0x200000cc   Data           2  user_key.o(.data)
    vFuncRightLowTimeCnt                     0x200000ce   Data           2  user_key.o(.data)
    vLastFuncKeyValue                        0x200000d0   Data           1  user_key.o(.data)
    vLastFuncKeyTimer                        0x200000d2   Data           2  user_key.o(.data)
    fIsBrightTurnLeft                        0x200000d4   Data           1  user_key.o(.data)
    fIsBrightLeftFallEdge                    0x200000d5   Data           1  user_key.o(.data)
    fIsBrightLeftRiseEdge                    0x200000d6   Data           1  user_key.o(.data)
    fIsBrightTurnRight                       0x200000d7   Data           1  user_key.o(.data)
    fIsBrightRightFallEdge                   0x200000d8   Data           1  user_key.o(.data)
    fIsBrightRightRiseEdge                   0x200000d9   Data           1  user_key.o(.data)
    fIsBrightCodingTurnStart                 0x200000da   Data           1  user_key.o(.data)
    vBrightLeftLowTimeCnt                    0x200000dc   Data           2  user_key.o(.data)
    vBrightLeftHiTimeCnt                     0x200000de   Data           2  user_key.o(.data)
    vBrightRightHiTimeCnt                    0x200000e0   Data           2  user_key.o(.data)
    vBrightRightLowTimeCnt                   0x200000e2   Data           2  user_key.o(.data)
    vLastBrightKeyValue                      0x200000e4   Data           1  user_key.o(.data)
    vLastBrightKeyTimer                      0x200000e6   Data           2  user_key.o(.data)
    fIsDcMode                                0x200000e8   Data           1  user_menu.o(.data)
    vCurrentBattLv                           0x200000e9   Data           1  user_menu.o(.data)
    fIsNeedUpdateBattLv                      0x200000ea   Data           1  user_menu.o(.data)
    fIsSystemFirstPowerON                    0x200000eb   Data           1  user_menu.o(.data)
    vLightEfftectVoltDectCnt                 0x200000ec   Data           1  user_menu.o(.data)
    fIsHotNow                                0x200000ed   Data           1  user_menu.o(.data)
    fIsBattAdcValueGot                       0x200000ee   Data           1  user_menu.o(.data)
    fIsChargeDisplaying                      0x200000ef   Data           1  user_menu.o(.data)
    fIsSystemOff                             0x200000f0   Data           1  user_menu.o(.data)
    fPowerOffByBattLow                       0x200000f1   Data           1  user_menu.o(.data)
    vSystemTemperature                       0x200000f2   Data           1  user_menu.o(.data)
    fIsCharging                              0x200000f3   Data           1  user_menu.o(.data)
    vChargePercent                           0x200000f4   Data           1  user_menu.o(.data)
    vDisableGetBattTimer                     0x200000f5   Data           1  user_menu.o(.data)
    fIsWakeupByCharge                        0x200000f6   Data           1  user_menu.o(.data)
    vTimeToTurnOffLCD                        0x200000f7   Data           1  user_menu.o(.data)
    battIndex                                0x200000f8   Data           1  user_menu.o(.data)
    fIsUpdateChargeingVolt                   0x200000f9   Data           1  user_menu.o(.data)
    fIsPowerOnFirst10s                       0x200000fa   Data           1  user_menu.o(.data)
    vStoreParamCountDwon                     0x200000fb   Data           1  user_menu.o(.data)
    fIsBattFully                             0x200000fc   Data           1  user_menu.o(.data)
    fIsSystemInitialing                      0x200000fd   Data           1  user_menu.o(.data)
    fIsLightActive                           0x200000fe   Data           1  user_menu.o(.data)
    vSystem1s                                0x20000100   Data           2  user_menu.o(.data)
    vTimeToSleep                             0x20000102   Data           2  user_menu.o(.data)
    vSystemVddNormalMode                     0x20000104   Data           4  user_menu.o(.data)
    vBattVol                                 0x20000108   Data           4  user_menu.o(.data)
    vAdVoltOfBatt                            0x2000010c   Data           4  user_menu.o(.data)
    vTestCompBatt                            0x20000110   Data           4  user_menu.o(.data)
    vCompensationVolt                        0x20000114   Data           4  user_menu.o(.data)
    vChargingCurrent                         0x20000118   Data           4  user_menu.o(.data)
    vTemperatureCoe                          0x2000011c   Data           4  user_menu.o(.data)
    pUserColor                               0x20000120   Data           4  user_menu.o(.data)
    displayParams                            0x20000124   Data           7  user_menu.o(.data)
    factoryParams                            0x2000012c   Data          12  user_menu.o(.data)
    fIsDriverVersionGot                      0x20000138   Data           1  user_menu.o(.data)
    fIsCh1ForCW                              0x20000139   Data           1  user_menu.o(.data)
    fIsCh2ForWW                              0x2000013a   Data           1  user_menu.o(.data)
    SPIFlagState                             0x2000013b   Data           1  user_spi.o(.data)
    SPI_Data                                 0x2000013c   Data           1  user_spi.o(.data)
    MASTERFLAG                               0x2000013d   Data           1  user_spi.o(.data)
    I2C_SEND_START                           0x2000013e   Data           1  user_i2c.o(.data)
    I2C_REVCIVE_START                        0x2000013f   Data           1  user_i2c.o(.data)
    I2C_SEND_END                             0x20000140   Data           1  user_i2c.o(.data)
    I2C_REVCIVE_END                          0x20000141   Data           1  user_i2c.o(.data)
    i2cParams                                0x20000142   Data           3  user_i2c.o(.data)
    aPreWriteBuff                            0x20000145   Data           5  user_i2c.o(.data)
    fIsLightEffectOn                         0x2000014a   Data           1  user_lighteffect.o(.data)
    vCandleIndex                             0x2000014b   Data           1  user_lighteffect.o(.data)
    graduallyAdjust                          0x2000014c   Data          16  user_menu.o(.bss)
    battArray                                0x2000015c   Data          40  user_menu.o(.bss)
    sysTimes                                 0x20000184   Data          16  user_menu.o(.bss)
    userPwmParaStruct                        0x20000194   Data          24  user_menu.o(.bss)
    pcaDataStruct                            0x200001ac   Data          10  user_menu.o(.bss)
    targetPwmDataStruct                      0x200001b6   Data          10  user_menu.o(.bss)
    oriPwmDataStruct                         0x200001c0   Data          10  user_menu.o(.bss)
    userAdcStruct                            0x200001ca   Data          18  user_menu.o(.bss)
    userColor                                0x200001dc   Data          20  user_menu.o(.bss)
    adcConvertParams                         0x200001f0   Data          56  user_adc.o(.bss)
    Driver_Version                           0x20000228   Data          11  user_i2c.o(.bss)
    I2C_buffer                               0x20000233   Data          20  user_i2c.o(.bss)
    I2C_EveStruct                            0x20000248   Data          10  user_i2c.o(.bss)
    __libspace_start                         0x20000254   Data          96  libspace.o(.bss)
    __temporary_stack_top$libspace           0x200002b4   Data           0  libspace.o(.bss)



==============================================================================

Memory Map of the image

  Image Entry point : 0x000000c1

  Load Region LR_IROM1 (Base: 0x00000000, Size: 0x00006c1c, Max: 0x00010000, ABSOLUTE, COMPRESSED[0x00006b5c])

    Execution Region ER_IROM1 (Exec base: 0x00000000, Load base: 0x00000000, Size: 0x00006ad0, Max: 0x00010000, ABSOLUTE)

    Exec Addr    Load Addr    Size         Type   Attr      Idx    E Section Name        Object

    0x00000000   0x00000000   0x000000c0   Data   RO           51    RESET               startup_cx32l003.o
    0x000000c0   0x000000c0   0x00000008   Code   RO         1433  * !!!main             c_p.l(__main.o)
    0x000000c8   0x000000c8   0x0000003c   Code   RO         1695    !!!scatter          c_p.l(__scatter.o)
    0x00000104   0x00000104   0x0000001c   Code   RO         1697    !!handler_zi        c_p.l(__scatter_zi.o)
    0x00000120   0x00000120   0x00000002   Code   RO         1629    .ARM.Collect$$libinit$$00000000  c_p.l(libinit.o)
    0x00000122   0x00000122   0x00000000   Code   RO         1508    .ARM.Collect$$libinit$$00000002  c_p.l(libinit2.o)
    0x00000122   0x00000122   0x00000000   Code   RO         1510    .ARM.Collect$$libinit$$00000004  c_p.l(libinit2.o)
    0x00000122   0x00000122   0x00000008   Code   RO         1511    .ARM.Collect$$libinit$$00000005  c_p.l(libinit2.o)
    0x0000012a   0x0000012a   0x00000000   Code   RO         1513    .ARM.Collect$$libinit$$0000000A  c_p.l(libinit2.o)
    0x0000012a   0x0000012a   0x00000000   Code   RO         1515    .ARM.Collect$$libinit$$0000000C  c_p.l(libinit2.o)
    0x0000012a   0x0000012a   0x00000000   Code   RO         1517    .ARM.Collect$$libinit$$0000000E  c_p.l(libinit2.o)
    0x0000012a   0x0000012a   0x00000000   Code   RO         1520    .ARM.Collect$$libinit$$00000011  c_p.l(libinit2.o)
    0x0000012a   0x0000012a   0x00000000   Code   RO         1522    .ARM.Collect$$libinit$$00000013  c_p.l(libinit2.o)
    0x0000012a   0x0000012a   0x00000000   Code   RO         1524    .ARM.Collect$$libinit$$00000015  c_p.l(libinit2.o)
    0x0000012a   0x0000012a   0x00000000   Code   RO         1526    .ARM.Collect$$libinit$$00000017  c_p.l(libinit2.o)
    0x0000012a   0x0000012a   0x00000000   Code   RO         1528    .ARM.Collect$$libinit$$00000019  c_p.l(libinit2.o)
    0x0000012a   0x0000012a   0x00000000   Code   RO         1530    .ARM.Collect$$libinit$$0000001B  c_p.l(libinit2.o)
    0x0000012a   0x0000012a   0x00000000   Code   RO         1532    .ARM.Collect$$libinit$$0000001D  c_p.l(libinit2.o)
    0x0000012a   0x0000012a   0x00000000   Code   RO         1534    .ARM.Collect$$libinit$$0000001F  c_p.l(libinit2.o)
    0x0000012a   0x0000012a   0x00000000   Code   RO         1536    .ARM.Collect$$libinit$$00000021  c_p.l(libinit2.o)
    0x0000012a   0x0000012a   0x00000000   Code   RO         1538    .ARM.Collect$$libinit$$00000023  c_p.l(libinit2.o)
    0x0000012a   0x0000012a   0x00000000   Code   RO         1540    .ARM.Collect$$libinit$$00000025  c_p.l(libinit2.o)
    0x0000012a   0x0000012a   0x00000000   Code   RO         1544    .ARM.Collect$$libinit$$0000002C  c_p.l(libinit2.o)
    0x0000012a   0x0000012a   0x00000000   Code   RO         1546    .ARM.Collect$$libinit$$0000002E  c_p.l(libinit2.o)
    0x0000012a   0x0000012a   0x00000000   Code   RO         1548    .ARM.Collect$$libinit$$00000030  c_p.l(libinit2.o)
    0x0000012a   0x0000012a   0x00000000   Code   RO         1550    .ARM.Collect$$libinit$$00000032  c_p.l(libinit2.o)
    0x0000012a   0x0000012a   0x00000002   Code   RO         1551    .ARM.Collect$$libinit$$00000033  c_p.l(libinit2.o)
    0x0000012c   0x0000012c   0x00000002   Code   RO         1690    .ARM.Collect$$libshutdown$$00000000  c_p.l(libshutdown.o)
    0x0000012e   0x0000012e   0x00000000   Code   RO         1648    .ARM.Collect$$libshutdown$$00000002  c_p.l(libshutdown2.o)
    0x0000012e   0x0000012e   0x00000000   Code   RO         1650    .ARM.Collect$$libshutdown$$00000004  c_p.l(libshutdown2.o)
    0x0000012e   0x0000012e   0x00000000   Code   RO         1653    .ARM.Collect$$libshutdown$$00000007  c_p.l(libshutdown2.o)
    0x0000012e   0x0000012e   0x00000000   Code   RO         1656    .ARM.Collect$$libshutdown$$0000000A  c_p.l(libshutdown2.o)
    0x0000012e   0x0000012e   0x00000000   Code   RO         1658    .ARM.Collect$$libshutdown$$0000000C  c_p.l(libshutdown2.o)
    0x0000012e   0x0000012e   0x00000000   Code   RO         1661    .ARM.Collect$$libshutdown$$0000000F  c_p.l(libshutdown2.o)
    0x0000012e   0x0000012e   0x00000002   Code   RO         1662    .ARM.Collect$$libshutdown$$00000010  c_p.l(libshutdown2.o)
    0x00000130   0x00000130   0x00000000   Code   RO         1475    .ARM.Collect$$rtentry$$00000000  c_p.l(__rtentry.o)
    0x00000130   0x00000130   0x00000000   Code   RO         1561    .ARM.Collect$$rtentry$$00000002  c_p.l(__rtentry2.o)
    0x00000130   0x00000130   0x00000006   Code   RO         1573    .ARM.Collect$$rtentry$$00000004  c_p.l(__rtentry4.o)
    0x00000136   0x00000136   0x00000000   Code   RO         1563    .ARM.Collect$$rtentry$$00000009  c_p.l(__rtentry2.o)
    0x00000136   0x00000136   0x00000004   Code   RO         1564    .ARM.Collect$$rtentry$$0000000A  c_p.l(__rtentry2.o)
    0x0000013a   0x0000013a   0x00000000   Code   RO         1566    .ARM.Collect$$rtentry$$0000000C  c_p.l(__rtentry2.o)
    0x0000013a   0x0000013a   0x00000008   Code   RO         1567    .ARM.Collect$$rtentry$$0000000D  c_p.l(__rtentry2.o)
    0x00000142   0x00000142   0x00000002   Code   RO         1635    .ARM.Collect$$rtexit$$00000000  c_p.l(rtexit.o)
    0x00000144   0x00000144   0x00000000   Code   RO         1666    .ARM.Collect$$rtexit$$00000002  c_p.l(rtexit2.o)
    0x00000144   0x00000144   0x00000004   Code   RO         1667    .ARM.Collect$$rtexit$$00000003  c_p.l(rtexit2.o)
    0x00000148   0x00000148   0x00000006   Code   RO         1668    .ARM.Collect$$rtexit$$00000004  c_p.l(rtexit2.o)
    0x0000014e   0x0000014e   0x00000002   PAD
    0x00000150   0x00000150   0x00000038   Code   RO         1423    .emb_text           c_p.l(rt_memcpy.o)
    0x00000188   0x00000188   0x00000000   Code   RO         1579    .emb_text           c_p.l(maybetermalloc1.o)
    0x00000188   0x00000188   0x00000030   Code   RO           52    .text               startup_cx32l003.o
    0x000001b8   0x000001b8   0x00000218   Code   RO           58    .text               cx32l003_adc.o
    0x000003d0   0x000003d0   0x00000048   Code   RO          103    .text               cx32l003_awk.o
    0x00000418   0x00000418   0x00000052   Code   RO          221    .text               cx32l003_exti.o
    0x0000046a   0x0000046a   0x00000002   PAD
    0x0000046c   0x0000046c   0x0000023c   Code   RO          247    .text               cx32l003_flash.o
    0x000006a8   0x000006a8   0x000001ec   Code   RO          271    .text               cx32l003_gpio.o
    0x00000894   0x00000894   0x000001d4   Code   RO          294    .text               cx32l003_i2c.o
    0x00000a68   0x00000a68   0x0000003c   Code   RO          314    .text               cx32l003_it.o
    0x00000aa4   0x00000aa4   0x000000c8   Code   RO          369    .text               cx32l003_lptimer.o
    0x00000b6c   0x00000b6c   0x00000308   Code   RO          493    .text               cx32l003_rcc.o
    0x00000e74   0x00000e74   0x00000078   Code   RO          540    .text               cx32l003_spi.o
    0x00000eec   0x00000eec   0x0000017c   Code   RO          563    .text               cx32l003_syscon.o
    0x00001068   0x00001068   0x00000124   Code   RO          586    .text               cx32l003_timer.o
    0x0000118c   0x0000118c   0x000000a0   Code   RO          689    .text               misc.o
    0x0000122c   0x0000122c   0x00000984   Code   RO          709    .text               cx32l003_advtim.o
    0x00001bb0   0x00001bb0   0x000000b4   Code   RO          733    .text               user_basetime.o
    0x00001c64   0x00001c64   0x000001a0   Code   RO          768    .text               user_exti.o
    0x00001e04   0x00001e04   0x000000bc   Code   RO          799    .text               user_internalflash.o
    0x00001ec0   0x00001ec0   0x000001a8   Code   RO          829    .text               user_lptimer.o
    0x00002068   0x00002068   0x000000e4   Code   RO          863    .text               user_sysclock.o
    0x0000214c   0x0000214c   0x0000019c   Code   RO          895    .text               main.o
    0x000022e8   0x000022e8   0x000003c4   Code   RO          937    .text               user_key.o
    0x000026ac   0x000026ac   0x0000112c   Code   RO          994    .text               user_menu.o
    0x000037d8   0x000037d8   0x000003dc   Code   RO         1062    .text               user_adc.o
    0x00003bb4   0x00003bb4   0x0000006c   Code   RO         1089    .text               user_awk.o
    0x00003c20   0x00003c20   0x000001a4   Code   RO         1126    .text               user_lcd.o
    0x00003dc4   0x00003dc4   0x0000002e   Code   RO         1170    .text               user_ddl.o
    0x00003df2   0x00003df2   0x00000002   PAD
    0x00003df4   0x00003df4   0x00000160   Code   RO         1184    .text               user_spi.o
    0x00003f54   0x00003f54   0x00000760   Code   RO         1208    .text               user_color.o
    0x000046b4   0x000046b4   0x000008ac   Code   RO         1246    .text               user_i2c.o
    0x00004f60   0x00004f60   0x000001e4   Code   RO         1281    .text               user_advtime.o
    0x00005144   0x00005144   0x00000018   Code   RO         1301    .text               user_lighteffect.o
    0x0000515c   0x0000515c   0x00000062   Code   RO         1365    .text               c_p.l(h1_alloc.o)
    0x000051be   0x000051be   0x0000004c   Code   RO         1367    .text               c_p.l(h1_free.o)
    0x0000520a   0x0000520a   0x00000082   Code   RO         1424    .text               c_p.l(rt_memcpy.o)
    0x0000528c   0x0000528c   0x0000015a   Code   RO         1427    .text               c_p.l(aeabi_sdiv.o)
    0x000053e6   0x000053e6   0x00000006   Code   RO         1431    .text               c_p.l(heapauxi.o)
    0x000053ec   0x000053ec   0x0000007c   Code   RO         1435    .text               fz_ps.l(d2f.o)
    0x00005468   0x00005468   0x00000358   Code   RO         1437    .text               fz_ps.l(daddsub.o)
    0x000057c0   0x000057c0   0x00000448   Code   RO         1439    .text               fz_ps.l(ddiv.o)
    0x00005c08   0x00005c08   0x00000048   Code   RO         1442    .text               fz_ps.l(dfixui.o)
    0x00005c50   0x00005c50   0x00000058   Code   RO         1444    .text               fz_ps.l(dflti.o)
    0x00005ca8   0x00005ca8   0x00000248   Code   RO         1446    .text               fz_ps.l(dmul.o)
    0x00005ef0   0x00005ef0   0x00000060   Code   RO         1448    .text               fz_ps.l(dscalbn.o)
    0x00005f50   0x00005f50   0x00000054   Code   RO         1450    .text               fz_ps.l(f2d.o)
    0x00005fa4   0x00005fa4   0x00000160   Code   RO         1458    .text               fz_ps.l(fdiv.o)
    0x00006104   0x00006104   0x00000030   Code   RO         1463    .text               fz_ps.l(ffixui.o)
    0x00006134   0x00006134   0x0000005e   Code   RO         1465    .text               fz_ps.l(fflti.o)
    0x00006192   0x00006192   0x00000002   PAD
    0x00006194   0x00006194   0x00000044   Code   RO         1471    .text               fz_ps.l(fscalbn.o)
    0x000061d8   0x000061d8   0x00000008   Code   RO         1483    .text               c_p.l(rt_heap_descriptor_intlibspace.o)
    0x000061e0   0x000061e0   0x00000004   Code   RO         1485    .text               c_p.l(hguard.o)
    0x000061e4   0x000061e4   0x00000088   Code   RO         1487    .text               c_p.l(init_alloc.o)
    0x0000626c   0x0000626c   0x0000000e   Code   RO         1491    .text               c_p.l(h1_init.o)
    0x0000627a   0x0000627a   0x00000002   PAD
    0x0000627c   0x0000627c   0x00000064   Code   RO         1552    .text               fz_ps.l(fcmpin.o)
    0x000062e0   0x000062e0   0x00000008   Code   RO         1557    .text               c_p.l(libspace.o)
    0x000062e8   0x000062e8   0x00000034   Code   RO         1581    .text               c_p.l(h1_extend.o)
    0x0000631c   0x0000631c   0x0000000c   Code   RO         1585    .text               c_p.l(defsig_rtmem_outer.o)
    0x00006328   0x00006328   0x0000002e   Code   RO         1594    .text               fz_ps.l(cmpret.o)
    0x00006356   0x00006356   0x00000002   PAD
    0x00006358   0x00006358   0x00000010   Code   RO         1596    .text               fz_ps.l(fnan2.o)
    0x00006368   0x00006368   0x00000002   Code   RO         1600    .text               c_p.l(use_no_semi.o)
    0x0000636a   0x0000636a   0x00000000   Code   RO         1602    .text               c_p.l(indicate_semi.o)
    0x0000636a   0x0000636a   0x0000003e   Code   RO         1603    .text               c_p.l(sys_stackheap_outer.o)
    0x000063a8   0x000063a8   0x00000010   Code   RO         1610    .text               c_p.l(exit.o)
    0x000063b8   0x000063b8   0x0000000c   Code   RO         1612    .text               c_p.l(defsig_exit.o)
    0x000063c4   0x000063c4   0x00000050   Code   RO         1618    .text               c_p.l(defsig_rtmem_inner.o)
    0x00006414   0x00006414   0x0000005e   Code   RO         1630    .text               fz_ps.l(retnan.o)
    0x00006472   0x00006472   0x00000002   PAD
    0x00006474   0x00006474   0x0000000c   Code   RO         1632    .text               c_p.l(sys_exit.o)
    0x00006480   0x00006480   0x00000034   Code   RO         1643    .text               c_p.l(defsig_general.o)
    0x000064b4   0x000064b4   0x0000000c   Code   RO         1663    .text               c_p.l(sys_wrch.o)
    0x000064c0   0x000064c0   0x00000056   Code   RO         1693    .text               c_p.l(__dczerorl2.o)
    0x00006516   0x00006516   0x0000001a   Code   RO          878    i.__ARM_common_switch8  user_sysclock.o
    0x00006530   0x00006530   0x0000008c   Code   RO         1452    x$fpl$fadd          fz_ps.l(faddsub.o)
    0x000065bc   0x000065bc   0x000000b0   Code   RO         1467    x$fpl$fmul          fz_ps.l(fmul.o)
    0x0000666c   0x0000666c   0x00000058   Code   RO         1469    x$fpl$frleqf        fz_ps.l(frlef.o)
    0x000066c4   0x000066c4   0x00000018   Code   RO         1453    x$fpl$frsb          fz_ps.l(faddsub.o)
    0x000066dc   0x000066dc   0x000000d0   Code   RO         1454    x$fpl$fsub          fz_ps.l(faddsub.o)
    0x000067ac   0x000067ac   0x00000000   Code   RO         1554    x$fpl$usenofp       fz_ps.l(usenofp.o)
    0x000067ac   0x000067ac   0x00000244   Data   RO         1209    .constdata          user_color.o
    0x000069f0   0x000069f0   0x00000080   Data   RO         1440    .constdata          fz_ps.l(ddiv.o)
    0x00006a70   0x00006a70   0x00000040   Data   RO         1459    .constdata          fz_ps.l(fdiv.o)
    0x00006ab0   0x00006ab0   0x00000020   Data   RO         1691    Region$$Table       anon$$obj.o


    Execution Region RW_IRAM1 (Exec base: 0x20000000, Load base: 0x00006ad0, Size: 0x00000ab8, Max: 0x00001000, ABSOLUTE, COMPRESSED[0x0000008c])

    Exec Addr    Load Addr    Size         Type   Attr      Idx    E Section Name        Object

    0x20000000   COMPRESSED   0x00000004   Data   RW          734    .data               user_basetime.o
    0x20000004   COMPRESSED   0x00000001   Data   RW          830    .data               user_lptimer.o
    0x20000005   COMPRESSED   0x00000003   PAD
    0x20000008   COMPRESSED   0x000000b4   Data   RW          938    .data               user_key.o
    0x200000bc   COMPRESSED   0x00000001   Data   RW          939    .data               user_key.o
    0x200000bd   COMPRESSED   0x00000001   PAD
    0x200000be   COMPRESSED   0x00000002   Data   RW          940    .data               user_key.o
    0x200000c0   COMPRESSED   0x00000001   Data   RW          942    .data               user_key.o
    0x200000c1   COMPRESSED   0x00000001   Data   RW          943    .data               user_key.o
    0x200000c2   COMPRESSED   0x00000001   Data   RW          944    .data               user_key.o
    0x200000c3   COMPRESSED   0x00000001   Data   RW          945    .data               user_key.o
    0x200000c4   COMPRESSED   0x00000001   Data   RW          946    .data               user_key.o
    0x200000c5   COMPRESSED   0x00000001   Data   RW          947    .data               user_key.o
    0x200000c6   COMPRESSED   0x00000001   Data   RW          948    .data               user_key.o
    0x200000c7   COMPRESSED   0x00000001   PAD
    0x200000c8   COMPRESSED   0x00000002   Data   RW          949    .data               user_key.o
    0x200000ca   COMPRESSED   0x00000002   Data   RW          950    .data               user_key.o
    0x200000cc   COMPRESSED   0x00000002   Data   RW          951    .data               user_key.o
    0x200000ce   COMPRESSED   0x00000002   Data   RW          952    .data               user_key.o
    0x200000d0   COMPRESSED   0x00000001   Data   RW          953    .data               user_key.o
    0x200000d1   COMPRESSED   0x00000001   PAD
    0x200000d2   COMPRESSED   0x00000002   Data   RW          954    .data               user_key.o
    0x200000d4   COMPRESSED   0x00000001   Data   RW          955    .data               user_key.o
    0x200000d5   COMPRESSED   0x00000001   Data   RW          956    .data               user_key.o
    0x200000d6   COMPRESSED   0x00000001   Data   RW          957    .data               user_key.o
    0x200000d7   COMPRESSED   0x00000001   Data   RW          958    .data               user_key.o
    0x200000d8   COMPRESSED   0x00000001   Data   RW          959    .data               user_key.o
    0x200000d9   COMPRESSED   0x00000001   Data   RW          960    .data               user_key.o
    0x200000da   COMPRESSED   0x00000001   Data   RW          961    .data               user_key.o
    0x200000db   COMPRESSED   0x00000001   PAD
    0x200000dc   COMPRESSED   0x00000002   Data   RW          962    .data               user_key.o
    0x200000de   COMPRESSED   0x00000002   Data   RW          963    .data               user_key.o
    0x200000e0   COMPRESSED   0x00000002   Data   RW          964    .data               user_key.o
    0x200000e2   COMPRESSED   0x00000002   Data   RW          965    .data               user_key.o
    0x200000e4   COMPRESSED   0x00000001   Data   RW          966    .data               user_key.o
    0x200000e5   COMPRESSED   0x00000001   PAD
    0x200000e6   COMPRESSED   0x00000002   Data   RW          967    .data               user_key.o
    0x200000e8   COMPRESSED   0x00000050   Data   RW          999    .data               user_menu.o
    0x20000138   COMPRESSED   0x00000001   Data   RW         1019    .data               user_menu.o
    0x20000139   COMPRESSED   0x00000001   Data   RW         1020    .data               user_menu.o
    0x2000013a   COMPRESSED   0x00000001   Data   RW         1021    .data               user_menu.o
    0x2000013b   COMPRESSED   0x00000003   Data   RW         1185    .data               user_spi.o
    0x2000013e   COMPRESSED   0x0000000c   Data   RW         1252    .data               user_i2c.o
    0x2000014a   COMPRESSED   0x00000002   Data   RW         1302    .data               user_lighteffect.o
    0x2000014c        -       0x0000007e   Zero   RW          995    .bss                user_menu.o
    0x200001ca        -       0x00000012   Zero   RW          996    .bss                user_menu.o
    0x200001dc        -       0x00000014   Zero   RW          998    .bss                user_menu.o
    0x200001f0        -       0x00000038   Zero   RW         1063    .bss                user_adc.o
    0x20000228        -       0x0000002a   Zero   RW         1247    .bss                user_i2c.o
    0x20000252   COMPRESSED   0x00000002   PAD
    0x20000254        -       0x00000060   Zero   RW         1558    .bss                c_p.l(libspace.o)
    0x200002b4   COMPRESSED   0x00000004   PAD
    0x200002b8        -       0x00000400   Zero   RW           50    HEAP                startup_cx32l003.o
    0x200006b8        -       0x00000400   Zero   RW           49    STACK               startup_cx32l003.o


==============================================================================

Image component sizes


      Code (inc. data)   RO Data    RW Data    ZI Data      Debug   Object Name

       536         10          0          0          0      45304   cx32l003_adc.o
      2436         98          0          0          0      44139   cx32l003_advtim.o
        72          0          0          0          0       2296   cx32l003_awk.o
        82          0          0          0          0       3078   cx32l003_exti.o
       572         16          0          0          0       8602   cx32l003_flash.o
       492         20          0          0          0      20906   cx32l003_gpio.o
       468         28          0          0          0       4411   cx32l003_i2c.o
        60          8          0          0          0      20102   cx32l003_it.o
       200          4          0          0          0       5219   cx32l003_lptimer.o
       776         16          0          0          0       8014   cx32l003_rcc.o
       120          4          0          0          0       4340   cx32l003_spi.o
       380         12          0          0          0       4540   cx32l003_syscon.o
       292         12          0          0          0       7244   cx32l003_timer.o
       412         92          0          0          0        667   main.o
       160         22          0          0          0       1785   misc.o
        48         22        192          0       2048        636   startup_cx32l003.o
         0          0          0          0          0       4540   system_cx32l003.o
       988         26          0          0         56       4186   user_adc.o
       484         32          0          0          0       3859   user_advtime.o
       108          4          0          0          0       1097   user_awk.o
       180         16          0          4          0       1507   user_basetime.o
      1888        118        580          0          0       6273   user_color.o
        46          0          0          0          0       1148   user_ddl.o
       416         28          0          0          0       2429   user_exti.o
      2220         58          0         12         42      11089   user_i2c.o
       188          8          0          0          0       2393   user_internalflash.o
       964          8          0        219          0       6110   user_key.o
       420          8          0          0          0       5698   user_lcd.o
        24          6          0          2          0       1441   user_lighteffect.o
       424         40          0          1          0       2201   user_lptimer.o
      4396        440          0         83        164      16658   user_menu.o
       352         20          0          3          0       2478   user_spi.o
       254         24          0          0          0       2417   user_sysclock.o

    ----------------------------------------------------------------------
     20462       1200        804        332       2312     256807   Object Totals
         0          0         32          0          0          0   (incl. Generated)
         4          0          0          8          2          0   (incl. Padding)

    ----------------------------------------------------------------------

      Code (inc. data)   RO Data    RW Data    ZI Data      Debug   Library Member Name

        86          0          0          0          0          0   __dczerorl2.o
         8          0          0          0          0         68   __main.o
         0          0          0          0          0          0   __rtentry.o
        12          0          0          0          0          0   __rtentry2.o
         6          0          0          0          0          0   __rtentry4.o
        60          8          0          0          0          0   __scatter.o
        28          0          0          0          0          0   __scatter_zi.o
       346          0          0          0          0         92   aeabi_sdiv.o
        12          0          0          0          0         68   defsig_exit.o
        52          0          0          0          0         72   defsig_general.o
        80         58          0          0          0         68   defsig_rtmem_inner.o
        12          0          0          0          0         68   defsig_rtmem_outer.o
        16          0          0          0          0         68   exit.o
        98          0          0          0          0         72   h1_alloc.o
        52          0          0          0          0         68   h1_extend.o
        76          0          0          0          0         72   h1_free.o
        14          0          0          0          0         76   h1_init.o
         6          0          0          0          0        136   heapauxi.o
         4          0          0          0          0        120   hguard.o
         0          0          0          0          0          0   indicate_semi.o
       136          0          0          0          0        160   init_alloc.o
         2          0          0          0          0          0   libinit.o
        10          0          0          0          0          0   libinit2.o
         2          0          0          0          0          0   libshutdown.o
         2          0          0          0          0          0   libshutdown2.o
         8          4          0          0         96         68   libspace.o
         0          0          0          0          0          0   maybetermalloc1.o
         8          4          0          0          0         68   rt_heap_descriptor_intlibspace.o
       186          0          0          0          0        144   rt_memcpy.o
         2          0          0          0          0          0   rtexit.o
        10          0          0          0          0          0   rtexit2.o
        12          4          0          0          0         60   sys_exit.o
        62          0          0          0          0         80   sys_stackheap_outer.o
        12          0          0          0          0         68   sys_wrch.o
         2          0          0          0          0         68   use_no_semi.o
        46          0          0          0          0         60   cmpret.o
       124          4          0          0          0         72   d2f.o
       856         20          0          0          0        208   daddsub.o
      1096         26        128          0          0        112   ddiv.o
        72          4          0          0          0         68   dfixui.o
        88          0          0          0          0         92   dflti.o
       584         26          0          0          0         84   dmul.o
        96         12          0          0          0         72   dscalbn.o
        84          4          0          0          0         60   f2d.o
       372          8          0          0          0        240   faddsub.o
       100          4          0          0          0         68   fcmpin.o
       352         10         64          0          0         92   fdiv.o
        48          0          0          0          0         60   ffixui.o
        94          0          0          0          0         92   fflti.o
       176          4          0          0          0         80   fmul.o
        16          6          0          0          0         68   fnan2.o
        88          4          0          0          0         76   frlef.o
        68          4          0          0          0         68   fscalbn.o
        94          0          0          0          0         68   retnan.o
         0          0          0          0          0          0   usenofp.o

    ----------------------------------------------------------------------
      5886        214        192          0        100       3504   Library Totals
        10          0          0          0          4          0   (incl. Padding)

    ----------------------------------------------------------------------

      Code (inc. data)   RO Data    RW Data    ZI Data      Debug   Library Name

      1422         78          0          0         96       1764   c_p.l
      4454        136        192          0          0       1740   fz_ps.l

    ----------------------------------------------------------------------
      5886        214        192          0        100       3504   Library Totals

    ----------------------------------------------------------------------

==============================================================================


      Code (inc. data)   RO Data    RW Data    ZI Data      Debug   

     26348       1414        996        332       2412     254483   Grand Totals
     26348       1414        996        140       2412     254483   ELF Image Totals (compressed)
     26348       1414        996        140          0          0   ROM Totals

==============================================================================

    Total RO  Size (Code + RO Data)                27344 (  26.70kB)
    Total RW  Size (RW Data + ZI Data)              2744 (   2.68kB)
    Total ROM Size (Code + RO Data + RW Data)      27484 (  26.84kB)

==============================================================================

